Archive member included to satisfy reference by file (symbol)

/usr/lib/gcc/arm-none-eabi/9.2.1/thumb/v6-m/nofp/libgcc.a(_dvmd_tls.o)
                              CMakeFiles/IMU.dir/home/super/pico/pico-sdk/src/rp2_common/pico_divider/divider.S.obj (__aeabi_idiv0)
/usr/lib/gcc/arm-none-eabi/9.2.1/../../../arm-none-eabi/lib/thumb/v6-m/nofp/libg.a(lib_a-atexit.o)
                              /usr/lib/gcc/arm-none-eabi/9.2.1/../../../arm-none-eabi/lib/thumb/v6-m/nofp/crt0.o (atexit)
/usr/lib/gcc/arm-none-eabi/9.2.1/../../../arm-none-eabi/lib/thumb/v6-m/nofp/libg.a(lib_a-calloc.o)
                              CMakeFiles/IMU.dir/home/super/pico/pico-sdk/src/rp2_common/pico_malloc/pico_malloc.c.obj (calloc)
/usr/lib/gcc/arm-none-eabi/9.2.1/../../../arm-none-eabi/lib/thumb/v6-m/nofp/libg.a(lib_a-callocr.o)
                              /usr/lib/gcc/arm-none-eabi/9.2.1/../../../arm-none-eabi/lib/thumb/v6-m/nofp/libg.a(lib_a-calloc.o) (_calloc_r)
/usr/lib/gcc/arm-none-eabi/9.2.1/../../../arm-none-eabi/lib/thumb/v6-m/nofp/libg.a(lib_a-ctype_.o)
                              CMakeFiles/IMU.dir/home/super/pico/pico-sdk/lib/tinyusb/src/tusb.c.obj (_ctype_)
/usr/lib/gcc/arm-none-eabi/9.2.1/../../../arm-none-eabi/lib/thumb/v6-m/nofp/libg.a(lib_a-fini.o)
                              /usr/lib/gcc/arm-none-eabi/9.2.1/../../../arm-none-eabi/lib/thumb/v6-m/nofp/crt0.o (__libc_fini_array)
/usr/lib/gcc/arm-none-eabi/9.2.1/../../../arm-none-eabi/lib/thumb/v6-m/nofp/libg.a(lib_a-impure.o)
                              /usr/lib/gcc/arm-none-eabi/9.2.1/../../../arm-none-eabi/lib/thumb/v6-m/nofp/libg.a(lib_a-calloc.o) (_impure_ptr)
/usr/lib/gcc/arm-none-eabi/9.2.1/../../../arm-none-eabi/lib/thumb/v6-m/nofp/libg.a(lib_a-init.o)
                              /usr/lib/gcc/arm-none-eabi/9.2.1/../../../arm-none-eabi/lib/thumb/v6-m/nofp/crt0.o (__libc_init_array)
/usr/lib/gcc/arm-none-eabi/9.2.1/../../../arm-none-eabi/lib/thumb/v6-m/nofp/libg.a(lib_a-malloc.o)
                              CMakeFiles/IMU.dir/home/super/pico/pico-sdk/src/rp2_common/pico_malloc/pico_malloc.c.obj (malloc)
/usr/lib/gcc/arm-none-eabi/9.2.1/../../../arm-none-eabi/lib/thumb/v6-m/nofp/libg.a(lib_a-mallocr.o)
                              /usr/lib/gcc/arm-none-eabi/9.2.1/../../../arm-none-eabi/lib/thumb/v6-m/nofp/libg.a(lib_a-callocr.o) (_malloc_r)
/usr/lib/gcc/arm-none-eabi/9.2.1/../../../arm-none-eabi/lib/thumb/v6-m/nofp/libg.a(lib_a-mlock.o)
                              /usr/lib/gcc/arm-none-eabi/9.2.1/../../../arm-none-eabi/lib/thumb/v6-m/nofp/libg.a(lib_a-mallocr.o) (__malloc_lock)
/usr/lib/gcc/arm-none-eabi/9.2.1/../../../arm-none-eabi/lib/thumb/v6-m/nofp/libg.a(lib_a-realloc.o)
                              CMakeFiles/IMU.dir/home/super/pico/pico-sdk/src/rp2_common/pico_malloc/pico_malloc.c.obj (realloc)
/usr/lib/gcc/arm-none-eabi/9.2.1/../../../arm-none-eabi/lib/thumb/v6-m/nofp/libg.a(lib_a-reallocr.o)
                              /usr/lib/gcc/arm-none-eabi/9.2.1/../../../arm-none-eabi/lib/thumb/v6-m/nofp/libg.a(lib_a-realloc.o) (_realloc_r)
/usr/lib/gcc/arm-none-eabi/9.2.1/../../../arm-none-eabi/lib/thumb/v6-m/nofp/libg.a(lib_a-sbrkr.o)
                              /usr/lib/gcc/arm-none-eabi/9.2.1/../../../arm-none-eabi/lib/thumb/v6-m/nofp/libg.a(lib_a-mallocr.o) (_sbrk_r)
/usr/lib/gcc/arm-none-eabi/9.2.1/../../../arm-none-eabi/lib/thumb/v6-m/nofp/libg.a(lib_a-strlen-stub.o)
                              CMakeFiles/IMU.dir/home/super/pico/pico-sdk/src/rp2_common/pico_stdio/stdio.c.obj (strlen)
/usr/lib/gcc/arm-none-eabi/9.2.1/../../../arm-none-eabi/lib/thumb/v6-m/nofp/libg.a(lib_a-__atexit.o)
                              /usr/lib/gcc/arm-none-eabi/9.2.1/../../../arm-none-eabi/lib/thumb/v6-m/nofp/libg.a(lib_a-atexit.o) (__register_exitproc)
/usr/lib/gcc/arm-none-eabi/9.2.1/../../../arm-none-eabi/lib/thumb/v6-m/nofp/libg.a(lib_a-freer.o)
                              /usr/lib/gcc/arm-none-eabi/9.2.1/../../../arm-none-eabi/lib/thumb/v6-m/nofp/libg.a(lib_a-malloc.o) (_free_r)
/usr/lib/gcc/arm-none-eabi/9.2.1/../../../arm-none-eabi/lib/thumb/v6-m/nofp/libg.a(lib_a-memmove.o)
                              /usr/lib/gcc/arm-none-eabi/9.2.1/../../../arm-none-eabi/lib/thumb/v6-m/nofp/libg.a(lib_a-reallocr.o) (memmove)
/usr/lib/gcc/arm-none-eabi/9.2.1/../../../arm-none-eabi/lib/thumb/v6-m/nofp/libg.a(lib_a-reent.o)
                              /usr/lib/gcc/arm-none-eabi/9.2.1/../../../arm-none-eabi/lib/thumb/v6-m/nofp/libg.a(lib_a-sbrkr.o) (errno)

Allocating common symbols
Common symbol       size              file

sf_table            0x100             CMakeFiles/IMU.dir/home/super/pico/pico-sdk/src/rp2_common/pico_float/float_init_rom.c.obj
errno               0x4               /usr/lib/gcc/arm-none-eabi/9.2.1/../../../arm-none-eabi/lib/thumb/v6-m/nofp/libg.a(lib_a-reent.o)
_usbd_qdef_buf      0xc0              CMakeFiles/IMU.dir/home/super/pico/pico-sdk/lib/tinyusb/src/device/usbd.c.obj
[...]
Memory Configuration

Name             Origin             Length             Attributes
FLASH            0x0000000010000000 0x0000000000200000 xr
RAM              0x0000000020000000 0x0000000000040000 xrw
SCRATCH_X        0x0000000020040000 0x0000000000001000 xrw
SCRATCH_Y        0x0000000020041000 0x0000000000001000 xrw
*default*        0x0000000000000000 0xffffffffffffffff

Linker script and memory map

LOAD /usr/lib/gcc/arm-none-eabi/9.2.1/thumb/v6-m/nofp/crti.o
LOAD /usr/lib/gcc/arm-none-eabi/9.2.1/thumb/v6-m/nofp/crtbegin.o
LOAD /usr/lib/gcc/arm-none-eabi/9.2.1/../../../arm-none-eabi/lib/thumb/v6-m/nofp/crt0.o

.flash_begin    0x0000000010000000        0x0
                0x0000000010000000                __flash_binary_start = .

.boot2          0x0000000010000000      0x100
                0x0000000010000000                __boot2_start__ = .
 *(.boot2)
 .boot2         0x0000000010000000      0x100 /tmp/ccdb7foZ.o
                0x0000000010000100                __boot2_end__ = .
                0x0000000000000001                ASSERT (((__boot2_end__ - __boot2_start__) == 0x100), ERROR: Pico second stage bootloader must be 256 bytes in size)

.text           0x0000000010000100     0x3fc8
                0x0000000010000100                __logical_binary_start = .
 *(.vectors)
 .vectors       0x0000000010000100       0xd4 CMakeFiles/IMU.dir/home/super/pico/pico-sdk/src/rp2_common/pico_standard_link/crt0.S.obj
                0x0000000010000100                __vectors
                0x0000000010000100                __VECTOR_TABLE
                0x00000000100001c0                isr_invalid
                0x00000000100001c0                __default_isrs_start
                0x00000000100001c2                isr_nmi
                0x00000000100001c4                isr_hardfault
                0x00000000100001c6                isr_svcall
                0x00000000100001c8                isr_pendsv
                0x00000000100001ca                isr_systick
                0x00000000100001cc                isr_irq30
                0x00000000100001cc                __unhandled_user_irq
                0x00000000100001cc                isr_irq13
                0x00000000100001cc                isr_irq27
                0x00000000100001cc                isr_irq31
                0x00000000100001cc                isr_irq5
                0x00000000100001cc                isr_irq11
                0x00000000100001cc                isr_irq23
                0x00000000100001cc                isr_irq18
                0x00000000100001cc                isr_irq28
                0x00000000100001cc                isr_irq19
                0x00000000100001cc                isr_irq0
                0x00000000100001cc                isr_irq6
                0x00000000100001cc                isr_irq22
                0x00000000100001cc                isr_irq17
                0x00000000100001cc                isr_irq14
                0x00000000100001cc                isr_irq2
                0x00000000100001cc                isr_irq10
                0x00000000100001cc                isr_irq8
                0x00000000100001cc                isr_irq24
                0x00000000100001cc                isr_irq1
                0x00000000100001cc                isr_irq7
                0x00000000100001cc                isr_irq21
                0x00000000100001cc                isr_irq20
                0x00000000100001cc                isr_irq15
                0x00000000100001cc                isr_irq25
                0x00000000100001cc                isr_irq4
                0x00000000100001cc                isr_irq16
                0x00000000100001cc                isr_irq29
                0x00000000100001cc                isr_irq26
                0x00000000100001cc                __default_isrs_end
                0x00000000100001cc                isr_irq3
                0x00000000100001cc                isr_irq12
                0x00000000100001cc                isr_irq9
                0x00000000100001d2                unhandled_user_irq_num_in_r0
 *(.binary_info_header)
 .binary_info_header
                0x00000000100001d4       0x14 CMakeFiles/IMU.dir/home/super/pico/pico-sdk/src/rp2_common/pico_standard_link/crt0.S.obj
                0x00000000100001e8                __binary_info_header_end = .
 *(.reset)
 .reset         0x00000000100001e8       0xa8 CMakeFiles/IMU.dir/home/super/pico/pico-sdk/src/rp2_common/pico_standard_link/crt0.S.obj
                0x00000000100001e8                _entry_point
                0x0000000010000266                __get_current_exception
 .reset         0x0000000010000290       0x30 CMakeFiles/IMU.dir/home/super/pico/pico-sdk/src/rp2_common/pico_standard_link/binary_info.c.obj
 *(.init)
 .init          0x00000000100002c0        0x4 /usr/lib/gcc/arm-none-eabi/9.2.1/thumb/v6-m/nofp/crti.o
                0x00000000100002c0                _init
 *(EXCLUDE_FILE(*libm.a: *libc.a:*lib_a-mem*.o *libgcc.a:) .text*)
 .text          0x00000000100002c4       0x98 /usr/lib/gcc/arm-none-eabi/9.2.1/thumb/v6-m/nofp/crtbegin.o
 .text._Z8reg_readP8i2c_instjhPhh
                0x000000001000035c       0x3e CMakeFiles/IMU.dir/IMU.cpp.obj
                0x000000001000035c                reg_read(i2c_inst*, unsigned int, unsigned char, unsigned char*, unsigned char)
 *fill*         0x000000001000039a        0x2 
 .text._Z9detectIMUv
                0x000000001000039c       0x64 CMakeFiles/IMU.dir/IMU.cpp.obj
                0x000000001000039c                detectIMU()
 .text.main     0x0000000010000400       0x1c CMakeFiles/IMU.dir/IMU.cpp.obj
                0x0000000010000400                main
 .text.hw_claim_lock
                0x000000001000041c       0x18 CMakeFiles/IMU.dir/home/super/pico/pico-sdk/src/rp2_common/hardware_claim/claim.c.obj
                0x000000001000041c                hw_claim_lock
 .text.hw_claim_unlock
                0x0000000010000434       0x14 CMakeFiles/IMU.dir/home/super/pico/pico-sdk/src/rp2_common/hardware_claim/claim.c.obj
                0x0000000010000434                hw_claim_unlock
 .text.hw_claim_or_assert
                0x0000000010000448       0x32 CMakeFiles/IMU.dir/home/super/pico/pico-sdk/src/rp2_common/hardware_claim/claim.c.obj
                0x0000000010000448                hw_claim_or_assert
 *fill*         0x000000001000047a        0x2 
 .text.running_on_fpga
                0x000000001000047c       0x14 CMakeFiles/IMU.dir/home/super/pico/pico-sdk/src/rp2_common/pico_platform/platform.c.obj
                0x000000001000047c                running_on_fpga
 .text.spin_locks_reset
                0x0000000010000490       0x20 CMakeFiles/IMU.dir/home/super/pico/pico-sdk/src/rp2_common/hardware_sync/sync.c.obj
                0x0000000010000490                spin_locks_reset
 .text.next_striped_spin_lock_num
                0x00000000100004b0       0x1c CMakeFiles/IMU.dir/home/super/pico/pico-sdk/src/rp2_common/hardware_sync/sync.c.obj
                0x00000000100004b0                next_striped_spin_lock_num
 .text.set_raw_irq_handler_and_unlock
                0x00000000100004cc       0x28 CMakeFiles/IMU.dir/home/super/pico/pico-sdk/src/rp2_common/hardware_irq/irq.c.obj
 .text.make_branch
                0x00000000100004f4       0x48 CMakeFiles/IMU.dir/home/super/pico/pico-sdk/src/rp2_common/hardware_irq/irq.c.obj
 .text.insert_branch_and_link
                0x000000001000053c       0x40 CMakeFiles/IMU.dir/home/super/pico/pico-sdk/src/rp2_common/hardware_irq/irq.c.obj
 .text.irq_is_enabled
                0x000000001000057c       0x18 CMakeFiles/IMU.dir/home/super/pico/pico-sdk/src/rp2_common/hardware_irq/irq.c.obj
                0x000000001000057c                irq_is_enabled
 .text.irq_set_mask_enabled
                0x0000000010000594       0x20 CMakeFiles/IMU.dir/home/super/pico/pico-sdk/src/rp2_common/hardware_irq/irq.c.obj
                0x0000000010000594                irq_set_mask_enabled
 .text.irq_set_enabled
                0x00000000100005b4        0xe CMakeFiles/IMU.dir/home/super/pico/pico-sdk/src/rp2_common/hardware_irq/irq.c.obj
                0x00000000100005b4                irq_set_enabled
 *fill*         0x00000000100005c2        0x2 
 .text.irq_get_vtable_handler
                0x00000000100005c4       0x10 CMakeFiles/IMU.dir/home/super/pico/pico-sdk/src/rp2_common/hardware_irq/irq.c.obj
                0x00000000100005c4                irq_get_vtable_handler
 .text.irq_set_exclusive_handler
                0x00000000100005d4       0x54 CMakeFiles/IMU.dir/home/super/pico/pico-sdk/src/rp2_common/hardware_irq/irq.c.obj
                0x00000000100005d4                irq_set_exclusive_handler
 .text.irq_remove_handler
                0x0000000010000628      0x1a8 CMakeFiles/IMU.dir/home/super/pico/pico-sdk/src/rp2_common/hardware_irq/irq.c.obj
                0x0000000010000628                irq_remove_handler
 .text.irq_add_tail_to_free_list
                0x00000000100007d0       0xf0 CMakeFiles/IMU.dir/home/super/pico/pico-sdk/src/rp2_common/hardware_irq/irq.c.obj
                0x00000000100007d0                irq_add_tail_to_free_list
 .text.irq_init_priorities
                0x00000000100008c0       0x1c CMakeFiles/IMU.dir/home/super/pico/pico-sdk/src/rp2_common/hardware_irq/irq.c.obj
                0x00000000100008c0                irq_init_priorities
 .text.lock_init
                0x00000000100008dc       0x10 CMakeFiles/IMU.dir/home/super/pico/pico-sdk/src/common/pico_sync/lock_core.c.obj
                0x00000000100008dc                lock_init
 .text.alarm_pool_post_alloc_init
                0x00000000100008ec       0x40 CMakeFiles/IMU.dir/home/super/pico/pico-sdk/src/common/pico_time/time.c.obj
 .text.timer_pool_entry_comparator
                0x000000001000092c       0x7c CMakeFiles/IMU.dir/home/super/pico/pico-sdk/src/common/pico_time/time.c.obj
                0x000000001000092c                timer_pool_entry_comparator
 .text.ph_add_child_node
                0x00000000100009a8       0xa4 CMakeFiles/IMU.dir/home/super/pico/pico-sdk/src/common/pico_time/time.c.obj
 .text.ph_merge_nodes
                0x0000000010000a4c       0x3e CMakeFiles/IMU.dir/home/super/pico/pico-sdk/src/common/pico_time/time.c.obj
 *fill*         0x0000000010000a8a        0x2 
 .text.add_alarm_under_lock
                0x0000000010000a8c      0x174 CMakeFiles/IMU.dir/home/super/pico/pico-sdk/src/common/pico_time/time.c.obj
 .text.alarm_pool_alarm_callback
                0x0000000010000c00      0x32c CMakeFiles/IMU.dir/home/super/pico/pico-sdk/src/common/pico_time/time.c.obj
 .text.alarm_pool_init_default
                0x0000000010000f2c       0x38 CMakeFiles/IMU.dir/home/super/pico/pico-sdk/src/common/pico_time/time.c.obj
                0x0000000010000f2c                alarm_pool_init_default
 .text.hardware_alarm_irq_handler
                0x0000000010000f64       0x8c CMakeFiles/IMU.dir/home/super/pico/pico-sdk/src/rp2_common/hardware_timer/timer.c.obj
 .text.hardware_alarm_claim
                0x0000000010000ff0       0x18 CMakeFiles/IMU.dir/home/super/pico/pico-sdk/src/rp2_common/hardware_timer/timer.c.obj
                0x0000000010000ff0                hardware_alarm_claim
 .text.time_us_64
                0x0000000010001008       0x18 CMakeFiles/IMU.dir/home/super/pico/pico-sdk/src/rp2_common/hardware_timer/timer.c.obj
                0x0000000010001008                time_us_64
 .text.hardware_alarm_set_callback
                0x0000000010001020       0x90 CMakeFiles/IMU.dir/home/super/pico/pico-sdk/src/rp2_common/hardware_timer/timer.c.obj
                0x0000000010001020                hardware_alarm_set_callback
 .text.hardware_alarm_set_target
                0x00000000100010b0       0xe8 CMakeFiles/IMU.dir/home/super/pico/pico-sdk/src/rp2_common/hardware_timer/timer.c.obj
                0x00000000100010b0                hardware_alarm_set_target
 .text.hardware_alarm_cancel
                0x0000000010001198       0x40 CMakeFiles/IMU.dir/home/super/pico/pico-sdk/src/rp2_common/hardware_timer/timer.c.obj
                0x0000000010001198                hardware_alarm_cancel
 .text.ph_add_child_node
                0x00000000100011d8       0xa4 CMakeFiles/IMU.dir/home/super/pico/pico-sdk/src/common/pico_util/pheap.c.obj
 .text.ph_merge_nodes
                0x000000001000127c       0x3e CMakeFiles/IMU.dir/home/super/pico/pico-sdk/src/common/pico_util/pheap.c.obj
 *fill*         0x00000000100012ba        0x2 
 .text.ph_clear
                0x00000000100012bc       0x70 CMakeFiles/IMU.dir/home/super/pico/pico-sdk/src/common/pico_util/pheap.c.obj
                0x00000000100012bc                ph_clear
 .text.ph_post_alloc_init
                0x000000001000132c        0xe CMakeFiles/IMU.dir/home/super/pico/pico-sdk/src/common/pico_util/pheap.c.obj
                0x000000001000132c                ph_post_alloc_init
 *fill*         0x000000001000133a        0x2 
 .text.ph_merge_two_pass
                0x000000001000133c       0xa8 CMakeFiles/IMU.dir/home/super/pico/pico-sdk/src/common/pico_util/pheap.c.obj
                0x000000001000133c                ph_merge_two_pass
 .text.ph_remove_any_head
                0x00000000100013e4      0x108 CMakeFiles/IMU.dir/home/super/pico/pico-sdk/src/common/pico_util/pheap.c.obj
 .text.ph_remove_head
                0x00000000100014ec       0x14 CMakeFiles/IMU.dir/home/super/pico/pico-sdk/src/common/pico_util/pheap.c.obj
                0x00000000100014ec                ph_remove_head
 .text.ph_remove_and_free_node
                0x0000000010001500       0xf8 CMakeFiles/IMU.dir/home/super/pico/pico-sdk/src/common/pico_util/pheap.c.obj
                0x0000000010001500                ph_remove_and_free_node
 .text.mutex_init
                0x00000000100015f8       0x1a CMakeFiles/IMU.dir/home/super/pico/pico-sdk/src/common/pico_sync/mutex.c.obj
                0x00000000100015f8                mutex_init
 .text.recursive_mutex_init
                0x0000000010001612       0x1e CMakeFiles/IMU.dir/home/super/pico/pico-sdk/src/common/pico_sync/mutex.c.obj
                0x0000000010001612                recursive_mutex_init
 .text._exit    0x0000000010001630        0x4 CMakeFiles/IMU.dir/home/super/pico/pico-sdk/src/rp2_common/pico_runtime/runtime.c.obj
                0x0000000010001630                _exit
 .text.exit     0x0000000010001634        0x6 CMakeFiles/IMU.dir/home/super/pico/pico-sdk/src/rp2_common/pico_runtime/runtime.c.obj
                0x0000000010001634                exit
 *fill*         0x000000001000163a        0x2 
 .text.__assert_func
                0x000000001000163c       0x3c CMakeFiles/IMU.dir/home/super/pico/pico-sdk/src/rp2_common/pico_runtime/runtime.c.obj
                0x000000001000163c                __assert_func
 .text.runtime_init
                0x0000000010001678       0xf8 CMakeFiles/IMU.dir/home/super/pico/pico-sdk/src/rp2_common/pico_runtime/runtime.c.obj
                0x0000000010001678                runtime_init
 .text.panic    0x0000000010001770       0x30 CMakeFiles/IMU.dir/home/super/pico/pico-sdk/src/rp2_common/pico_runtime/runtime.c.obj
                0x0000000010001770                panic
 .text.clock_configure
                0x00000000100017a0      0x104 CMakeFiles/IMU.dir/home/super/pico/pico-sdk/src/rp2_common/hardware_clocks/clocks.c.obj
                0x00000000100017a0                clock_configure
 .text.clocks_init
                0x00000000100018a4      0x100 CMakeFiles/IMU.dir/home/super/pico/pico-sdk/src/rp2_common/hardware_clocks/clocks.c.obj
                0x00000000100018a4                clocks_init
 .text.pll_init
                0x00000000100019a4      0x140 CMakeFiles/IMU.dir/home/super/pico/pico-sdk/src/rp2_common/hardware_pll/pll.c.obj
                0x00000000100019a4                pll_init
 .text.watchdog_start_tick
                0x0000000010001ae4       0x10 CMakeFiles/IMU.dir/home/super/pico/pico-sdk/src/rp2_common/hardware_watchdog/watchdog.c.obj
                0x0000000010001ae4                watchdog_start_tick
 .text.xosc_init
                0x0000000010001af4       0x28 CMakeFiles/IMU.dir/home/super/pico/pico-sdk/src/rp2_common/hardware_xosc/xosc.c.obj
                0x0000000010001af4                xosc_init
 .text._out_null
                0x0000000010001b1c        0x2 CMakeFiles/IMU.dir/home/super/pico/pico-sdk/src/rp2_common/pico_printf/printf.c.obj
 .text._out_fct
                0x0000000010001b1e        0xe CMakeFiles/IMU.dir/home/super/pico/pico-sdk/src/rp2_common/pico_printf/printf.c.obj
 .text._atoi    0x0000000010001b2c       0x24 CMakeFiles/IMU.dir/home/super/pico/pico-sdk/src/rp2_common/pico_printf/printf.c.obj
 .text._out_rev
                0x0000000010001b50       0xae CMakeFiles/IMU.dir/home/super/pico/pico-sdk/src/rp2_common/pico_printf/printf.c.obj
 .text._ntoa_format
                0x0000000010001bfe      0x110 CMakeFiles/IMU.dir/home/super/pico/pico-sdk/src/rp2_common/pico_printf/printf.c.obj
 .text._ntoa_long
                0x0000000010001d0e       0xbc CMakeFiles/IMU.dir/home/super/pico/pico-sdk/src/rp2_common/pico_printf/printf.c.obj
 .text._ntoa_long_long
                0x0000000010001dca       0xe2 CMakeFiles/IMU.dir/home/super/pico/pico-sdk/src/rp2_common/pico_printf/printf.c.obj
 .text._etoa    0x0000000010001eac      0x40c CMakeFiles/IMU.dir/home/super/pico/pico-sdk/src/rp2_common/pico_printf/printf.c.obj
 .text._ftoa    0x00000000100022b8      0x354 CMakeFiles/IMU.dir/home/super/pico/pico-sdk/src/rp2_common/pico_printf/printf.c.obj
 .text._vsnprintf
                0x000000001000260c      0x628 CMakeFiles/IMU.dir/home/super/pico/pico-sdk/src/rp2_common/pico_printf/printf.c.obj
 .text.vfctprintf
                0x0000000010002c34       0x20 CMakeFiles/IMU.dir/home/super/pico/pico-sdk/src/rp2_common/pico_printf/printf.c.obj
                0x0000000010002c34                vfctprintf
 .text          0x0000000010002c54       0x10 CMakeFiles/IMU.dir/home/super/pico/pico-sdk/src/rp2_common/pico_bit_ops/bit_ops_aeabi.S.obj
 .text.rom_func_lookup
                0x0000000010002c64       0x10 CMakeFiles/IMU.dir/home/super/pico/pico-sdk/src/rp2_common/pico_bootrom/bootrom.c.obj
                0x0000000010002c64                rom_func_lookup
 .text.rom_data_lookup
                0x0000000010002c74       0x10 CMakeFiles/IMU.dir/home/super/pico/pico-sdk/src/rp2_common/pico_bootrom/bootrom.c.obj
                0x0000000010002c74                rom_data_lookup
 .text.rom_funcs_lookup
                0x0000000010002c84       0x36 CMakeFiles/IMU.dir/home/super/pico/pico-sdk/src/rp2_common/pico_bootrom/bootrom.c.obj
                0x0000000010002c84                rom_funcs_lookup
 *fill*         0x0000000010002cba        0x2 
 .text.__wrap___aeabi_idiv
                0x0000000010002cbc       0x50 CMakeFiles/IMU.dir/home/super/pico/pico-sdk/src/rp2_common/pico_divider/divider.S.obj
                0x0000000010002cbc                __wrap___aeabi_idivmod
                0x0000000010002cbc                divmod_s32s32
                0x0000000010002cbc                div_s32s32
                0x0000000010002cbc                __wrap___aeabi_idiv
                0x0000000010002cc4                divmod_s32s32_unsafe
                0x0000000010002cf0                divmod_s32s32_savestate
 .text.__wrap___aeabi_uidiv
                0x0000000010002d0c       0x4c CMakeFiles/IMU.dir/home/super/pico/pico-sdk/src/rp2_common/pico_divider/divider.S.obj
                0x0000000010002d0c                __wrap___aeabi_uidiv
                0x0000000010002d0c                __wrap___aeabi_uidivmod
                0x0000000010002d0c                div_u32u32
                0x0000000010002d0c                divmod_u32u32
                0x0000000010002d14                divmod_u32u32_unsafe
                0x0000000010002d3c                divmod_u32u32_savestate
 .text.__wrap___aeabi_ldiv
                0x0000000010002d58      0x434 CMakeFiles/IMU.dir/home/super/pico/pico-sdk/src/rp2_common/pico_divider/divider.S.obj
                0x0000000010002d58                div_s64s64
                0x0000000010002d58                divmod_s64s64
                0x0000000010002d58                __wrap___aeabi_ldivmod
                0x0000000010002d90                div_u64u64
                0x0000000010002d90                divmod_u64u64
                0x0000000010002d90                __wrap___aeabi_uldivmod
                0x0000000010002da0                divmod_u64u64_savestate
                0x0000000010002dc8                divmod_s64s64_unsafe
                0x0000000010002e50                divmod_u64u64_unsafe
 .text.__wrap___aeabi_darithmetic
                0x000000001000318c       0x80 CMakeFiles/IMU.dir/home/super/pico/pico-sdk/src/rp2_common/pico_double/double_aeabi.S.obj
                0x000000001000318c                __wrap___aeabi_drsub
                0x0000000010003192                __wrap___aeabi_dsub
                0x00000000100031a4                __wrap___aeabi_dadd
                0x00000000100031b6                __wrap___aeabi_ddiv
                0x00000000100031f2                __wrap___aeabi_dmul
 .text.__wrap___aeabi_cdcmple
                0x000000001000320c       0x6c CMakeFiles/IMU.dir/home/super/pico/pico-sdk/src/rp2_common/pico_double/double_aeabi.S.obj
                0x000000001000320c                __wrap___aeabi_cdrcmple
                0x000000001000321c                __wrap___aeabi_cdcmple
                0x000000001000321c                __wrap___aeabi_cdcmpeq
 .text.__wrap___aeabi_dcmplt
                0x0000000010003278        0xc CMakeFiles/IMU.dir/home/super/pico/pico-sdk/src/rp2_common/pico_double/double_aeabi.S.obj
                0x0000000010003278                __wrap___aeabi_dcmplt
 .text.__wrap___aeabi_dcmple
                0x0000000010003284       0x10 CMakeFiles/IMU.dir/home/super/pico/pico-sdk/src/rp2_common/pico_double/double_aeabi.S.obj
                0x0000000010003284                __wrap___aeabi_dcmple
 .text.__wrap___aeabi_dcmpge
                0x0000000010003294       0x10 CMakeFiles/IMU.dir/home/super/pico/pico-sdk/src/rp2_common/pico_double/double_aeabi.S.obj
                0x0000000010003294                __wrap___aeabi_dcmpge
 .text.__wrap___aeabi_dcmpgt
                0x00000000100032a4        0xa CMakeFiles/IMU.dir/home/super/pico/pico-sdk/src/rp2_common/pico_double/double_aeabi.S.obj
                0x00000000100032a4                __wrap___aeabi_dcmpgt
 .text.__wrap___aeabi_dcmpun
                0x00000000100032ae       0x1c CMakeFiles/IMU.dir/home/super/pico/pico-sdk/src/rp2_common/pico_double/double_aeabi.S.obj
                0x00000000100032ae                __wrap___aeabi_dcmpun
 *fill*         0x00000000100032ca        0x2 
 .text.__wrap___aeabi_i2d
                0x00000000100032cc       0x38 CMakeFiles/IMU.dir/home/super/pico/pico-sdk/src/rp2_common/pico_double/double_aeabi.S.obj
                0x00000000100032cc                __wrap___aeabi_ui2d
                0x00000000100032d4                __wrap___aeabi_i2d
 .text.__wrap___aeabi_d2iz
                0x0000000010003304       0x48 CMakeFiles/IMU.dir/home/super/pico/pico-sdk/src/rp2_common/pico_double/double_aeabi.S.obj
                0x0000000010003304                __wrap___aeabi_d2iz
                0x0000000010003304                double2int_z
 .text.__wrap___aeabi_d2uiz
                0x000000001000334c       0x18 CMakeFiles/IMU.dir/home/super/pico/pico-sdk/src/rp2_common/pico_double/double_aeabi.S.obj
                0x000000001000334c                double2uint
                0x000000001000334c                __wrap___aeabi_d2uiz
 .text.__aeabi_double_init
                0x0000000010003364       0xc8 CMakeFiles/IMU.dir/home/super/pico/pico-sdk/src/rp2_common/pico_double/double_init_rom.c.obj
                0x0000000010003364                __aeabi_double_init
 .text.double_table_shim_on_use_helper
                0x000000001000342c       0x34 CMakeFiles/IMU.dir/home/super/pico/pico-sdk/src/rp2_common/pico_double/double_v1_rom_shim.S.obj
                0x000000001000342c                double_table_shim_on_use_helper
 .text.__wrap___aeabi_dsub
                0x0000000010003460       0x10 CMakeFiles/IMU.dir/home/super/pico/pico-sdk/src/rp2_common/pico_double/double_v1_rom_shim.S.obj
                0x0000000010003460                drsub_shim
                0x0000000010003466                dsub_shim
 .text.dadd_shim
                0x0000000010003470      0x15c CMakeFiles/IMU.dir/home/super/pico/pico-sdk/src/rp2_common/pico_double/double_v1_rom_shim.S.obj
                0x0000000010003470                dadd_shim
 .text.dmul_shim
                0x00000000100035cc      0x15c CMakeFiles/IMU.dir/home/super/pico/pico-sdk/src/rp2_common/pico_double/double_v1_rom_shim.S.obj
                0x00000000100035cc                dmul_shim
 .text.ddiv_shim
                0x0000000010003728      0x1b0 CMakeFiles/IMU.dir/home/super/pico/pico-sdk/src/rp2_common/pico_double/double_v1_rom_shim.S.obj
                0x0000000010003728                ddiv_shim
 .text.double2uint_shim
                0x00000000100038d8        0xe CMakeFiles/IMU.dir/home/super/pico/pico-sdk/src/rp2_common/pico_double/double_v1_rom_shim.S.obj
                0x00000000100038d8                double2uint_shim
                0x00000000100038da                double2ufix_shim
 *fill*         0x00000000100038e6        0x2 
 .text.double2uint64_shim
                0x00000000100038e8       0x70 CMakeFiles/IMU.dir/home/super/pico/pico-sdk/src/rp2_common/pico_double/double_v1_rom_shim.S.obj
                0x00000000100038e8                double2uint64_shim
                0x00000000100038ea                double2ufix64_shim
                0x000000001000390a                d2fix_a
 .text.dunpacks
                0x0000000010003958       0x3c CMakeFiles/IMU.dir/home/super/pico/pico-sdk/src/rp2_common/pico_double/double_v1_rom_shim.S.obj
                0x0000000010003958                dunpacks
 .text.__aeabi_float_init
                0x0000000010003994       0xfc CMakeFiles/IMU.dir/home/super/pico/pico-sdk/src/rp2_common/pico_float/float_init_rom.c.obj
                0x0000000010003994                __aeabi_float_init
 .text.float_table_shim_on_use_helper
                0x0000000010003a90       0x34 CMakeFiles/IMU.dir/home/super/pico/pico-sdk/src/rp2_common/pico_float/float_v1_rom_shim.S.obj
                0x0000000010003a90                float_table_shim_on_use_helper
 .text          0x0000000010003ac4       0x10 CMakeFiles/IMU.dir/home/super/pico/pico-sdk/src/rp2_common/pico_mem_ops/mem_ops_aeabi.S.obj
                0x0000000010003ac4                __aeabi_mem_init
 .text.memset   0x0000000010003ad4        0xc CMakeFiles/IMU.dir/home/super/pico/pico-sdk/src/rp2_common/pico_mem_ops/mem_ops_aeabi.S.obj
                0x0000000010003ad4                __wrap_memset
 .text.memcpy   0x0000000010003ae0        0xc CMakeFiles/IMU.dir/home/super/pico/pico-sdk/src/rp2_common/pico_mem_ops/mem_ops_aeabi.S.obj
                0x0000000010003ae0                __wrap___aeabi_memcpy
                0x0000000010003ae0                __wrap_memcpy
 .text.stdio_out_chars_no_crlf
                0x0000000010003aec        0xe CMakeFiles/IMU.dir/home/super/pico/pico-sdk/src/rp2_common/pico_stdio/stdio.c.obj
 *fill*         0x0000000010003afa        0x2 
 .text.stdio_out_chars_crlf
                0x0000000010003afc       0x80 CMakeFiles/IMU.dir/home/super/pico/pico-sdk/src/rp2_common/pico_stdio/stdio.c.obj
 .text.stdio_stack_buffer_flush
                0x0000000010003b7c       0x44 CMakeFiles/IMU.dir/home/super/pico/pico-sdk/src/rp2_common/pico_stdio/stdio.c.obj
 .text.stdio_buffered_printer
                0x0000000010003bc0       0x20 CMakeFiles/IMU.dir/home/super/pico/pico-sdk/src/rp2_common/pico_stdio/stdio.c.obj
 .text.stdout_serialize_begin
                0x0000000010003be0       0x30 CMakeFiles/IMU.dir/home/super/pico/pico-sdk/src/rp2_common/pico_stdio/stdio.c.obj
                0x0000000010003be0                stdout_serialize_begin
 .text.stdout_serialize_end
                0x0000000010003c10       0x10 CMakeFiles/IMU.dir/home/super/pico/pico-sdk/src/rp2_common/pico_stdio/stdio.c.obj
                0x0000000010003c10                stdout_serialize_end
 .text.stdio_put_string
                0x0000000010003c20       0x98 CMakeFiles/IMU.dir/home/super/pico/pico-sdk/src/rp2_common/pico_stdio/stdio.c.obj
 .text.stdio_flush
                0x0000000010003cb8       0x20 CMakeFiles/IMU.dir/home/super/pico/pico-sdk/src/rp2_common/pico_stdio/stdio.c.obj
                0x0000000010003cb8                stdio_flush
 .text.__wrap_puts
                0x0000000010003cd8       0x1e CMakeFiles/IMU.dir/home/super/pico/pico-sdk/src/rp2_common/pico_stdio/stdio.c.obj
                0x0000000010003cd8                __wrap_puts
 *fill*         0x0000000010003cf6        0x2 
 .text.__wrap_vprintf
                0x0000000010003cf8       0x44 CMakeFiles/IMU.dir/home/super/pico/pico-sdk/src/rp2_common/pico_stdio/stdio.c.obj
                0x0000000010003cf8                __wrap_vprintf
 .text.__wrap_printf
                0x0000000010003d3c       0x18 CMakeFiles/IMU.dir/home/super/pico/pico-sdk/src/rp2_common/pico_stdio/stdio.c.obj
                0x0000000010003d3c                __wrap_printf
 .text._retrieve_unique_id_on_boot
                0x0000000010003d54       0x10 CMakeFiles/IMU.dir/home/super/pico/pico-sdk/src/rp2_common/pico_unique_id/unique_id.c.obj
 .text.flash_get_unique_id
                0x0000000010003d64       0x46 CMakeFiles/IMU.dir/home/super/pico/pico-sdk/src/rp2_common/hardware_flash/flash.c.obj
                0x0000000010003d64                flash_get_unique_id
 .text.i2c_write_blocking_internal
                0x0000000010003daa      0x13c CMakeFiles/IMU.dir/home/super/pico/pico-sdk/src/rp2_common/hardware_i2c/i2c.c.obj
 .text.i2c_read_blocking_internal
                0x0000000010003ee6       0xe0 CMakeFiles/IMU.dir/home/super/pico/pico-sdk/src/rp2_common/hardware_i2c/i2c.c.obj
 .text.i2c_write_blocking
                0x0000000010003fc6       0x18 CMakeFiles/IMU.dir/home/super/pico/pico-sdk/src/rp2_common/hardware_i2c/i2c.c.obj
                0x0000000010003fc6                i2c_write_blocking
 .text.i2c_read_blocking
                0x0000000010003fde       0x18 CMakeFiles/IMU.dir/home/super/pico/pico-sdk/src/rp2_common/hardware_i2c/i2c.c.obj
                0x0000000010003fde                i2c_read_blocking
 *fill*         0x0000000010003ff6        0x2 
 .text          0x0000000010003ff8       0x68 /usr/lib/gcc/arm-none-eabi/9.2.1/../../../arm-none-eabi/lib/thumb/v6-m/nofp/libg.a(lib_a-strlen-stub.o)
                0x0000000010003ff8                strlen
 *(.fini)
 .fini          0x0000000010004060        0x4 /usr/lib/gcc/arm-none-eabi/9.2.1/thumb/v6-m/nofp/crti.o
                0x0000000010004060                _fini
 *fill*         0x0000000010004064        0x4 
 .fini.__stub   0x0000000010004068       0x60 linker stubs
 *crtbegin.o(.ctors)
 *crtbegin?.o(.ctors)
 *(EXCLUDE_FILE(*crtend.o *crtend?.o) .ctors)
 *(SORT_BY_NAME(.ctors.*))
 *(.ctors)
 *crtbegin.o(.dtors)
 *crtbegin?.o(.dtors)
 *(EXCLUDE_FILE(*crtend.o *crtend?.o) .dtors)
 *(SORT_BY_NAME(.dtors.*))
 *(.dtors)
 *(.eh_frame*)
 .eh_frame      0x00000000100040c8        0x0 /usr/lib/gcc/arm-none-eabi/9.2.1/thumb/v6-m/nofp/crtbegin.o
                0x00000000100040c8                . = ALIGN (0x4)

.glue_7         0x00000000100040c8        0x0
 .glue_7        0x00000000100040c8        0x0 linker stubs

.glue_7t        0x00000000100040c8        0x0
 .glue_7t       0x00000000100040c8        0x0 linker stubs

.vfp11_veneer   0x00000000100040c8        0x0
 .vfp11_veneer  0x00000000100040c8        0x0 linker stubs

.v4_bx          0x00000000100040c8        0x0
 .v4_bx         0x00000000100040c8        0x0 linker stubs

.iplt           0x00000000100040c8        0x0
 .iplt          0x00000000100040c8        0x0 /usr/lib/gcc/arm-none-eabi/9.2.1/thumb/v6-m/nofp/crtbegin.o

.rodata         0x00000000100040c8      0xfb4
 *(EXCLUDE_FILE(*libm.a: *libc.a:*lib_a-mem*.o *libgcc.a:) .rodata*)
 .rodata._Z9detectIMUv.str1.4
                0x00000000100040c8       0x39 CMakeFiles/IMU.dir/IMU.cpp.obj
 *fill*         0x0000000010004101        0x3 
 .rodata.main.str1.4
                0x0000000010004104       0x1d CMakeFiles/IMU.dir/IMU.cpp.obj
 *fill*         0x0000000010004121        0x3 
 .rodata.make_branch.str1.4
                0x0000000010004124       0x6c CMakeFiles/IMU.dir/home/super/pico/pico-sdk/src/rp2_common/hardware_irq/irq.c.obj
 .rodata.insert_branch_and_link.str1.4
                0x0000000010004190       0x10 CMakeFiles/IMU.dir/home/super/pico/pico-sdk/src/rp2_common/hardware_irq/irq.c.obj
 .rodata.irq_set_exclusive_handler.str1.4
                0x00000000100041a0       0x36 CMakeFiles/IMU.dir/home/super/pico/pico-sdk/src/rp2_common/hardware_irq/irq.c.obj
 *fill*         0x00000000100041d6        0x2 
 .rodata.irq_add_shared_handler.str1.4
                0x00000000100041d8       0xd9 CMakeFiles/IMU.dir/home/super/pico/pico-sdk/src/rp2_common/hardware_irq/irq.c.obj
 *fill*         0x00000000100042b1        0x3 
 .rodata.irq_remove_handler.str1.4
                0x00000000100042b4       0x2a CMakeFiles/IMU.dir/home/super/pico/pico-sdk/src/rp2_common/hardware_irq/irq.c.obj
 *fill*         0x00000000100042de        0x2 
 .rodata.irq_add_tail_to_free_list.str1.4
                0x00000000100042e0       0x3a CMakeFiles/IMU.dir/home/super/pico/pico-sdk/src/rp2_common/hardware_irq/irq.c.obj
 *fill*         0x000000001000431a        0x2 
 .rodata.__func__.4777
                0x000000001000431c       0x1a CMakeFiles/IMU.dir/home/super/pico/pico-sdk/src/rp2_common/hardware_irq/irq.c.obj
 *fill*         0x0000000010004336        0x2 
 .rodata.__func__.4791
                0x0000000010004338        0xc CMakeFiles/IMU.dir/home/super/pico/pico-sdk/src/rp2_common/hardware_irq/irq.c.obj
 .rodata.__func__.4799
                0x0000000010004344       0x17 CMakeFiles/IMU.dir/home/super/pico/pico-sdk/src/rp2_common/hardware_irq/irq.c.obj
 *fill*         0x000000001000435b        0x1 
 .rodata.__func__.4803
                0x000000001000435c        0xf CMakeFiles/IMU.dir/home/super/pico/pico-sdk/src/rp2_common/hardware_irq/irq.c.obj
 *fill*         0x000000001000436b        0x1 
 .rodata.__func__.4842
                0x000000001000436c       0x13 CMakeFiles/IMU.dir/home/super/pico/pico-sdk/src/rp2_common/hardware_irq/irq.c.obj
 *fill*         0x000000001000437f        0x1 
 .rodata.__func__.4864
                0x0000000010004380       0x1a CMakeFiles/IMU.dir/home/super/pico/pico-sdk/src/rp2_common/hardware_irq/irq.c.obj
 *fill*         0x000000001000439a        0x2 
 .rodata.repeating_timer_callback.str1.4
                0x000000001000439c       0x4a CMakeFiles/IMU.dir/home/super/pico/pico-sdk/src/common/pico_time/time.c.obj
 *fill*         0x00000000100043e6        0x2 
 .rodata.alarm_pool_dump_key.str1.4
                0x00000000100043e8       0x33 CMakeFiles/IMU.dir/home/super/pico/pico-sdk/src/common/pico_time/time.c.obj
 *fill*         0x000000001000441b        0x1 
 .rodata.ph_add_child_node.str1.4
                0x000000001000441c       0x96 CMakeFiles/IMU.dir/home/super/pico/pico-sdk/src/common/pico_time/time.c.obj
 *fill*         0x00000000100044b2        0x2 
 .rodata.add_alarm_under_lock.str1.4
                0x00000000100044b4       0x28 CMakeFiles/IMU.dir/home/super/pico/pico-sdk/src/common/pico_time/time.c.obj
                                         0x2b (size before relaxing)
 .rodata.alarm_pool_alarm_callback.str1.4
                0x00000000100044dc       0xe2 CMakeFiles/IMU.dir/home/super/pico/pico-sdk/src/common/pico_time/time.c.obj
 *fill*         0x00000000100045be        0x2 
 .rodata.__func__.5701
                0x00000000100045c0       0x15 CMakeFiles/IMU.dir/home/super/pico/pico-sdk/src/common/pico_time/time.c.obj
 *fill*         0x00000000100045d5        0x3 
 .rodata.__func__.6019
                0x00000000100045d8        0xc CMakeFiles/IMU.dir/home/super/pico/pico-sdk/src/common/pico_time/time.c.obj
 .rodata.__func__.6026
                0x00000000100045e4       0x12 CMakeFiles/IMU.dir/home/super/pico/pico-sdk/src/common/pico_time/time.c.obj
 *fill*         0x00000000100045f6        0x2 
 .rodata.__func__.6042
                0x00000000100045f8        0xf CMakeFiles/IMU.dir/home/super/pico/pico-sdk/src/common/pico_time/time.c.obj
 *fill*         0x0000000010004607        0x1 
 .rodata.__func__.6064
                0x0000000010004608        0xd CMakeFiles/IMU.dir/home/super/pico/pico-sdk/src/common/pico_time/time.c.obj
 *fill*         0x0000000010004615        0x3 
 .rodata.__func__.6287
                0x0000000010004618        0xa CMakeFiles/IMU.dir/home/super/pico/pico-sdk/src/common/pico_time/time.c.obj
 *fill*         0x0000000010004622        0x2 
 .rodata.__func__.6292
                0x0000000010004624       0x12 CMakeFiles/IMU.dir/home/super/pico/pico-sdk/src/common/pico_time/time.c.obj
 *fill*         0x0000000010004636        0x2 
 .rodata.__func__.6318
                0x0000000010004638       0x15 CMakeFiles/IMU.dir/home/super/pico/pico-sdk/src/common/pico_time/time.c.obj
 *fill*         0x000000001000464d        0x3 
 .rodata.__func__.6335
                0x0000000010004650       0x1a CMakeFiles/IMU.dir/home/super/pico/pico-sdk/src/common/pico_time/time.c.obj
 *fill*         0x000000001000466a        0x2 
 .rodata.hardware_alarm_claim.str1.4
                0x000000001000466c       0x22 CMakeFiles/IMU.dir/home/super/pico/pico-sdk/src/rp2_common/hardware_timer/timer.c.obj
 *fill*         0x000000001000468e        0x2 
 .rodata.hardware_alarm_set_target.str1.4
                0x0000000010004690       0x64 CMakeFiles/IMU.dir/home/super/pico/pico-sdk/src/rp2_common/hardware_timer/timer.c.obj
 .rodata.__func__.4575
                0x00000000100046f4       0x1a CMakeFiles/IMU.dir/home/super/pico/pico-sdk/src/rp2_common/hardware_timer/timer.c.obj
 .rodata.ph_add_child_node.str1.4
                0x000000001000470e       0x96 CMakeFiles/IMU.dir/home/super/pico/pico-sdk/src/common/pico_util/pheap.c.obj
 *fill*         0x000000001000470e        0x2 
 .rodata.ph_remove_any_head.str1.4
                0x0000000010004710       0x8c CMakeFiles/IMU.dir/home/super/pico/pico-sdk/src/common/pico_util/pheap.c.obj
 .rodata.ph_remove_and_free_node.str1.4
                0x000000001000479c       0x1e CMakeFiles/IMU.dir/home/super/pico/pico-sdk/src/common/pico_util/pheap.c.obj
                                         0x26 (size before relaxing)
 *fill*         0x00000000100047ba        0x2 
 .rodata.__func__.5717
                0x00000000100047bc        0xc CMakeFiles/IMU.dir/home/super/pico/pico-sdk/src/common/pico_util/pheap.c.obj
 .rodata.__func__.5724
                0x00000000100047c8       0x12 CMakeFiles/IMU.dir/home/super/pico/pico-sdk/src/common/pico_util/pheap.c.obj
 *fill*         0x00000000100047da        0x2 
 .rodata.__func__.5810
                0x00000000100047dc       0x13 CMakeFiles/IMU.dir/home/super/pico/pico-sdk/src/common/pico_util/pheap.c.obj
 *fill*         0x00000000100047ef        0x1 
 .rodata.__func__.5828
                0x00000000100047f0       0x18 CMakeFiles/IMU.dir/home/super/pico/pico-sdk/src/common/pico_util/pheap.c.obj
 .rodata.str1.4
                0x0000000010004808       0x89 CMakeFiles/IMU.dir/home/super/pico/pico-sdk/src/common/pico_sync/mutex.c.obj
                                         0xe9 (size before relaxing)
 *fill*         0x0000000010004891        0x3 
 .rodata.__func__.4709
                0x0000000010004894        0xb CMakeFiles/IMU.dir/home/super/pico/pico-sdk/src/common/pico_sync/mutex.c.obj
 *fill*         0x000000001000489f        0x1 
 .rodata.__assert_func.str1.4
                0x00000000100048a0       0x3f CMakeFiles/IMU.dir/home/super/pico/pico-sdk/src/rp2_common/pico_runtime/runtime.c.obj
                                         0x43 (size before relaxing)
 *fill*         0x00000000100048df        0x1 
 .rodata.runtime_init.str1.4
                0x00000000100048e0       0x60 CMakeFiles/IMU.dir/home/super/pico/pico-sdk/src/rp2_common/pico_runtime/runtime.c.obj
 .rodata.panic.str1.4
                0x0000000010004940       0x12 CMakeFiles/IMU.dir/home/super/pico/pico-sdk/src/rp2_common/pico_runtime/runtime.c.obj
 *fill*         0x0000000010004952        0x2 
 .rodata.__func__.5835
                0x0000000010004954        0xd CMakeFiles/IMU.dir/home/super/pico/pico-sdk/src/rp2_common/pico_runtime/runtime.c.obj
 *fill*         0x0000000010004961        0x3 
 .rodata.clock_configure.str1.4
                0x0000000010004964       0x56 CMakeFiles/IMU.dir/home/super/pico/pico-sdk/src/rp2_common/hardware_clocks/clocks.c.obj
 *fill*         0x00000000100049ba        0x2 
 .rodata.__func__.4759
                0x00000000100049bc       0x10 CMakeFiles/IMU.dir/home/super/pico/pico-sdk/src/rp2_common/hardware_clocks/clocks.c.obj
 .rodata.pll_init.str1.4
                0x00000000100049cc      0x137 CMakeFiles/IMU.dir/home/super/pico/pico-sdk/src/rp2_common/hardware_pll/pll.c.obj
 *fill*         0x0000000010004b03        0x1 
 .rodata.__func__.4416
                0x0000000010004b04        0x9 CMakeFiles/IMU.dir/home/super/pico/pico-sdk/src/rp2_common/hardware_pll/pll.c.obj
 *fill*         0x0000000010004b0d        0x3 
 .rodata._ftoa.str1.4
                0x0000000010004b10       0x15 CMakeFiles/IMU.dir/home/super/pico/pico-sdk/src/rp2_common/pico_printf/printf.c.obj
 *fill*         0x0000000010004b25        0x3 
 .rodata._vsnprintf
                0x0000000010004b28      0x1e0 CMakeFiles/IMU.dir/home/super/pico/pico-sdk/src/rp2_common/pico_printf/printf.c.obj
 .rodata.pow10.5431
                0x0000000010004d08       0x50 CMakeFiles/IMU.dir/home/super/pico/pico-sdk/src/rp2_common/pico_printf/printf.c.obj
 .rodata.__aeabi_double_init.str1.4
                0x0000000010004d58       0xa7 CMakeFiles/IMU.dir/home/super/pico/pico-sdk/src/rp2_common/pico_double/double_init_rom.c.obj
 *fill*         0x0000000010004dff        0x1 
 .rodata.__func__.4728
                0x0000000010004e00       0x14 CMakeFiles/IMU.dir/home/super/pico/pico-sdk/src/rp2_common/pico_double/double_init_rom.c.obj
 .rodata.__aeabi_float_init.str1.4
                0x0000000010004e14       0x79 CMakeFiles/IMU.dir/home/super/pico/pico-sdk/src/rp2_common/pico_float/float_init_rom.c.obj
                                         0x7d (size before relaxing)
 *fill*         0x0000000010004e8d        0x3 
 .rodata.__func__.4729
                0x0000000010004e90       0x13 CMakeFiles/IMU.dir/home/super/pico/pico-sdk/src/rp2_common/pico_float/float_init_rom.c.obj
 *fill*         0x0000000010004ea3        0x1 
 .rodata.str1.4
                0x0000000010004ea4       0x3c CMakeFiles/IMU.dir/home/super/pico/pico-sdk/src/rp2_common/pico_standard_link/binary_info.c.obj
 .rodata.__bi_44
                0x0000000010004ee0        0xc CMakeFiles/IMU.dir/home/super/pico/pico-sdk/src/rp2_common/pico_standard_link/binary_info.c.obj
 .rodata.__bi_56
                0x0000000010004eec        0xc CMakeFiles/IMU.dir/home/super/pico/pico-sdk/src/rp2_common/pico_standard_link/binary_info.c.obj
 .rodata.__bi_75
                0x0000000010004ef8        0xc CMakeFiles/IMU.dir/home/super/pico/pico-sdk/src/rp2_common/pico_standard_link/binary_info.c.obj
 .rodata.__bi_81
                0x0000000010004f04        0xc CMakeFiles/IMU.dir/home/super/pico/pico-sdk/src/rp2_common/pico_standard_link/binary_info.c.obj
 .rodata.crlf_str.6065
                0x0000000010004f10        0x2 CMakeFiles/IMU.dir/home/super/pico/pico-sdk/src/rp2_common/pico_stdio/stdio.c.obj
 *fill*         0x0000000010004f12        0x2 
 .rodata.str1.4
                0x0000000010004f14      0x156 CMakeFiles/IMU.dir/home/super/pico/pico-sdk/src/rp2_common/hardware_flash/flash.c.obj
 *fill*         0x000000001000506a        0x2 
 .rodata.__func__.4470
                0x000000001000506c        0xd CMakeFiles/IMU.dir/home/super/pico/pico-sdk/src/rp2_common/hardware_flash/flash.c.obj
                0x000000001000507c                . = ALIGN (0x4)
 *fill*         0x0000000010005079        0x3 
 *(SORT_BY_ALIGNMENT(SORT_BY_NAME(.flashdata*)))
                0x000000001000507c                . = ALIGN (0x4)

.rel.dyn        0x000000001000507c        0x0
 .rel.iplt      0x000000001000507c        0x0 /usr/lib/gcc/arm-none-eabi/9.2.1/thumb/v6-m/nofp/crtbegin.o

.ARM.extab
 *(.ARM.extab* .gnu.linkonce.armextab.*)
                0x000000001000507c                __exidx_start = .

.ARM.exidx
 *(.ARM.exidx* .gnu.linkonce.armexidx.*)
                0x000000001000507c                __exidx_end = .
                0x000000001000507c                . = ALIGN (0x4)
                0x000000001000507c                __binary_info_start = .

.binary_info    0x000000001000507c       0x20
 *(.binary_info.keep.*)
 .binary_info.keep.__bi_ptr22
                0x000000001000507c        0x4 CMakeFiles/IMU.dir/home/super/pico/pico-sdk/src/rp2_common/pico_standard_link/binary_info.c.obj
 .binary_info.keep.__bi_ptr30
                0x0000000010005080        0x4 CMakeFiles/IMU.dir/home/super/pico/pico-sdk/src/rp2_common/pico_standard_link/binary_info.c.obj
 .binary_info.keep.__bi_ptr38
                0x0000000010005084        0x4 CMakeFiles/IMU.dir/home/super/pico/pico-sdk/src/rp2_common/pico_standard_link/binary_info.c.obj
 .binary_info.keep.__bi_ptr44
                0x0000000010005088        0x4 CMakeFiles/IMU.dir/home/super/pico/pico-sdk/src/rp2_common/pico_standard_link/binary_info.c.obj
 .binary_info.keep.__bi_ptr50
                0x000000001000508c        0x4 CMakeFiles/IMU.dir/home/super/pico/pico-sdk/src/rp2_common/pico_standard_link/binary_info.c.obj
 .binary_info.keep.__bi_ptr56
                0x0000000010005090        0x4 CMakeFiles/IMU.dir/home/super/pico/pico-sdk/src/rp2_common/pico_standard_link/binary_info.c.obj
 .binary_info.keep.__bi_ptr75
                0x0000000010005094        0x4 CMakeFiles/IMU.dir/home/super/pico/pico-sdk/src/rp2_common/pico_standard_link/binary_info.c.obj
 .binary_info.keep.__bi_ptr81
                0x0000000010005098        0x4 CMakeFiles/IMU.dir/home/super/pico/pico-sdk/src/rp2_common/pico_standard_link/binary_info.c.obj
 *(.binary_info.*)
                0x000000001000509c                __binary_info_end = .
                0x000000001000509c                . = ALIGN (0x4)
                0x000000001000509c                __etext = .

.ram_vector_table
                0x0000000020000000       0xc0
 *(.ram_vector_table)
 .ram_vector_table
                0x0000000020000000       0xc0 CMakeFiles/IMU.dir/home/super/pico/pico-sdk/src/rp2_common/pico_runtime/runtime.c.obj
                0x0000000020000000                ram_vector_table

.data           0x00000000200000c0      0x2f0 load address 0x000000001000509c
                0x00000000200000c0                __data_start__ = .
 *(vtable)
 *(.time_critical*)
 .time_critical.mutex_enter_blocking
                0x00000000200000c0       0x48 CMakeFiles/IMU.dir/home/super/pico/pico-sdk/src/common/pico_sync/mutex.c.obj
                0x00000000200000c0                mutex_enter_blocking
 .time_critical.mutex_try_enter
                0x0000000020000108       0x48 CMakeFiles/IMU.dir/home/super/pico/pico-sdk/src/common/pico_sync/mutex.c.obj
                0x0000000020000108                mutex_try_enter
 .time_critical.mutex_exit
                0x0000000020000150       0x4c CMakeFiles/IMU.dir/home/super/pico/pico-sdk/src/common/pico_sync/mutex.c.obj
                0x0000000020000150                mutex_exit
 .time_critical.flash_init_boot2_copyout
                0x000000002000019c       0x30 CMakeFiles/IMU.dir/home/super/pico/pico-sdk/src/rp2_common/hardware_flash/flash.c.obj
 .time_critical.flash_enable_xip_via_boot2
                0x00000000200001cc       0x10 CMakeFiles/IMU.dir/home/super/pico/pico-sdk/src/rp2_common/hardware_flash/flash.c.obj
 .time_critical.flash_cs_force
                0x00000000200001dc       0x28 CMakeFiles/IMU.dir/home/super/pico/pico-sdk/src/rp2_common/hardware_flash/flash.c.obj
 .time_critical.flash_do_cmd
                0x0000000020000204       0xd8 CMakeFiles/IMU.dir/home/super/pico/pico-sdk/src/rp2_common/hardware_flash/flash.c.obj
                0x0000000020000204                flash_do_cmd
 *(.text*)
 .text          0x00000000200002dc        0x4 /usr/lib/gcc/arm-none-eabi/9.2.1/thumb/v6-m/nofp/libgcc.a(_dvmd_tls.o)
                0x00000000200002dc                __aeabi_ldiv0
                0x00000000200002dc                __aeabi_idiv0
 .text.__stub   0x00000000200002e0       0x10 linker stubs
                0x00000000200002f0                . = ALIGN (0x4)
 *(.rodata*)
                0x00000000200002f0                . = ALIGN (0x4)
 *(.data*)
 .data.BerryIMUversion
                0x00000000200002f0        0x4 CMakeFiles/IMU.dir/IMU.cpp.obj
                0x00000000200002f0                BerryIMUversion
 .data.striped_spin_lock_num
                0x00000000200002f4        0x1 CMakeFiles/IMU.dir/home/super/pico/pico-sdk/src/rp2_common/hardware_sync/sync.c.obj
 *fill*         0x00000000200002f5        0x3 
 .data          0x00000000200002f8       0x48 CMakeFiles/IMU.dir/home/super/pico/pico-sdk/src/rp2_common/hardware_irq/irq_handler_chain.S.obj
                0x00000000200002f8                irq_handler_chain_slots
                0x0000000020000328                irq_handler_chain_first_slot
                0x0000000020000332                irq_handler_chain_remove_tail
 .data.default_alarm_pool
                0x0000000020000340       0x18 CMakeFiles/IMU.dir/home/super/pico/pico-sdk/src/common/pico_time/time.c.obj
 .data.default_alarm_pool_heap
                0x0000000020000358       0x10 CMakeFiles/IMU.dir/home/super/pico/pico-sdk/src/common/pico_time/time.c.obj
 *fill*         0x0000000020000368        0x8 
 .data.aeabi_bits_funcs
                0x0000000020000370       0x10 CMakeFiles/IMU.dir/home/super/pico/pico-sdk/src/rp2_common/pico_bit_ops/bit_ops_aeabi.S.obj
                0x0000000020000370                aeabi_bits_funcs
                0x0000000020000380                aeabi_bits_funcs_end
 .data.aeabi_mem_funcs
                0x0000000020000380       0x10 CMakeFiles/IMU.dir/home/super/pico/pico-sdk/src/rp2_common/pico_mem_ops/mem_ops_aeabi.S.obj
                0x0000000020000380                aeabi_mem_funcs
                0x0000000020000390                aeabi_mem_funcs_end
                0x0000000020000390                . = ALIGN (0x4)
 *(.after_data.*)
                0x0000000020000390                . = ALIGN (0x4)
                0x0000000020000390                PROVIDE (__mutex_array_start = .)
 *(SORT_BY_NAME(.mutex_array.*))
 *(.mutex_array)
 .mutex_array   0x0000000020000390        0x8 CMakeFiles/IMU.dir/home/super/pico/pico-sdk/src/rp2_common/pico_stdio/stdio.c.obj
                0x0000000020000398                PROVIDE (__mutex_array_end = .)
                0x0000000020000398                . = ALIGN (0x4)
                0x0000000020000398                PROVIDE (__preinit_array_start = .)
 *(SORT_BY_NAME(.preinit_array.*))
 .preinit_array.00001
                0x0000000020000398        0x4 CMakeFiles/IMU.dir/home/super/pico/pico-sdk/src/rp2_common/pico_mem_ops/mem_ops_aeabi.S.obj
 .preinit_array.00010
                0x000000002000039c        0x4 CMakeFiles/IMU.dir/home/super/pico/pico-sdk/src/rp2_common/pico_bit_ops/bit_ops_aeabi.S.obj
 .preinit_array.00020
                0x00000000200003a0        0x4 CMakeFiles/IMU.dir/home/super/pico/pico-sdk/src/rp2_common/pico_double/double_aeabi.S.obj
 .preinit_array.00020
                0x00000000200003a4        0x4 CMakeFiles/IMU.dir/home/super/pico/pico-sdk/src/rp2_common/pico_float/float_aeabi.S.obj
 *(.preinit_array)
                0x00000000200003a8                PROVIDE (__preinit_array_end = .)
                0x00000000200003a8                . = ALIGN (0x4)
                0x00000000200003a8                PROVIDE (__init_array_start = .)
 *(SORT_BY_NAME(.init_array.*))
 *(.init_array)
 .init_array    0x00000000200003a8        0x4 /usr/lib/gcc/arm-none-eabi/9.2.1/thumb/v6-m/nofp/crtbegin.o
 .init_array    0x00000000200003ac        0x4 CMakeFiles/IMU.dir/home/super/pico/pico-sdk/src/rp2_common/pico_unique_id/unique_id.c.obj
                0x00000000200003b0                PROVIDE (__init_array_end = .)
                0x00000000200003b0                . = ALIGN (0x4)
                0x00000000200003b0                PROVIDE (__fini_array_start = .)
 *(SORT_BY_NAME(.fini_array.*))
 *(.fini_array)
                0x00000000200003b0                PROVIDE (__fini_array_end = .)
 *(.jcr)
                0x00000000200003b0                . = ALIGN (0x4)
                0x00000000200003b0                __data_end__ = .

.tm_clone_table
                0x00000000200003b0        0x0 load address 0x000000001000538c
 .tm_clone_table
                0x00000000200003b0        0x0 /usr/lib/gcc/arm-none-eabi/9.2.1/thumb/v6-m/nofp/crtbegin.o
 .tm_clone_table
                0x00000000200003b0        0x0 /usr/lib/gcc/arm-none-eabi/9.2.1/thumb/v6-m/nofp/crtend.o

.igot.plt       0x00000000200003b0        0x0 load address 0x000000001000538c
 .igot.plt      0x00000000200003b0        0x0 /usr/lib/gcc/arm-none-eabi/9.2.1/thumb/v6-m/nofp/crtbegin.o

.uninitialized_data
                0x00000000200003b0        0x0 load address 0x000000001000538c
                0x00000000200003b0                . = ALIGN (0x4)
 *(.uninitialized_data*)

.scratch_x      0x0000000020040000        0x0 load address 0x000000001000538c
                0x0000000020040000                __scratch_x_start__ = .
 *(.scratch_x.*)
                0x0000000020040000                . = ALIGN (0x4)
                0x0000000020040000                __scratch_x_end__ = .
                0x000000001000538c                __scratch_x_source__ = LOADADDR (.scratch_x)

.scratch_y      0x0000000020041000        0x0 load address 0x000000001000538c
                0x0000000020041000                __scratch_y_start__ = .
 *(.scratch_y.*)
                0x0000000020041000                . = ALIGN (0x4)
                0x0000000020041000                __scratch_y_end__ = .
                0x000000001000538c                __scratch_y_source__ = LOADADDR (.scratch_y)

.bss            0x00000000200003b0      0x4d0
                0x00000000200003b0                . = ALIGN (0x4)
                0x00000000200003b0                __bss_start__ = .
 *(SORT_BY_ALIGNMENT(SORT_BY_NAME(.bss*)))
 .bss.default_alarm_pool_entries
                0x00000000200003b0      0x100 CMakeFiles/IMU.dir/home/super/pico/pico-sdk/src/common/pico_time/time.c.obj
 .bss           0x00000000200004b0       0x1c /usr/lib/gcc/arm-none-eabi/9.2.1/thumb/v6-m/nofp/crtbegin.o
 .bss.alarm_callbacks
                0x00000000200004cc       0x10 CMakeFiles/IMU.dir/home/super/pico/pico-sdk/src/rp2_common/hardware_timer/timer.c.obj
 .bss.boot2_copyout
                0x00000000200004dc      0x100 CMakeFiles/IMU.dir/home/super/pico/pico-sdk/src/rp2_common/hardware_flash/flash.c.obj
 .bss.configured_freq
                0x00000000200005dc       0x28 CMakeFiles/IMU.dir/home/super/pico/pico-sdk/src/rp2_common/hardware_clocks/clocks.c.obj
 .bss.default_alarm_pool_entry_ids_high
                0x0000000020000604       0x10 CMakeFiles/IMU.dir/home/super/pico/pico-sdk/src/common/pico_time/time.c.obj
 .bss.default_alarm_pool_heap_nodes
                0x0000000020000614       0x30 CMakeFiles/IMU.dir/home/super/pico/pico-sdk/src/common/pico_time/time.c.obj
 .bss.drivers   0x0000000020000644        0x4 CMakeFiles/IMU.dir/home/super/pico/pico-sdk/src/rp2_common/pico_stdio/stdio.c.obj
 .bss.filter    0x0000000020000648        0x4 CMakeFiles/IMU.dir/home/super/pico/pico-sdk/src/rp2_common/pico_stdio/stdio.c.obj
 .bss.pools     0x000000002000064c       0x10 CMakeFiles/IMU.dir/home/super/pico/pico-sdk/src/common/pico_time/time.c.obj
 .bss.retrieved_id
                0x000000002000065c        0x8 CMakeFiles/IMU.dir/home/super/pico/pico-sdk/src/rp2_common/pico_unique_id/unique_id.c.obj
 .bss.sf_clz_func
                0x0000000020000664        0x4 CMakeFiles/IMU.dir/home/super/pico/pico-sdk/src/rp2_common/pico_double/double_init_rom.c.obj
                0x0000000020000664                sf_clz_func
 .bss.sleep_notifier
                0x0000000020000668        0x4 CMakeFiles/IMU.dir/home/super/pico/pico-sdk/src/common/pico_time/time.c.obj
 .bss.target_hi
                0x000000002000066c       0x10 CMakeFiles/IMU.dir/home/super/pico/pico-sdk/src/rp2_common/hardware_timer/timer.c.obj
 .bss.boot2_copyout_valid
                0x000000002000067c        0x1 CMakeFiles/IMU.dir/home/super/pico/pico-sdk/src/rp2_common/hardware_flash/flash.c.obj
 .bss.claimed   0x000000002000067d        0x1 CMakeFiles/IMU.dir/home/super/pico/pico-sdk/src/rp2_common/hardware_timer/timer.c.obj
 .bss.irq_hander_chain_free_slot_head
                0x000000002000067e        0x1 CMakeFiles/IMU.dir/home/super/pico/pico-sdk/src/rp2_common/hardware_irq/irq.c.obj
 .bss.timer_callbacks_pending
                0x000000002000067f        0x1 CMakeFiles/IMU.dir/home/super/pico/pico-sdk/src/rp2_common/hardware_timer/timer.c.obj
 *(COMMON)
 COMMON         0x0000000020000680      0x100 CMakeFiles/IMU.dir/home/super/pico/pico-sdk/src/rp2_common/pico_double/double_init_rom.c.obj
                0x0000000020000680                sd_table
 COMMON         0x0000000020000780      0x100 CMakeFiles/IMU.dir/home/super/pico/pico-sdk/src/rp2_common/pico_float/float_init_rom.c.obj
                0x0000000020000780                sf_table
                0x0000000020000880                . = ALIGN (0x4)
                0x0000000020000880                __bss_end__ = .

.heap           0x0000000020000880      0x800
                0x0000000020000880                __end__ = .
                0x0000000020000880                end = __end__
 *(.heap*)
 .heap          0x0000000020000880      0x800 CMakeFiles/IMU.dir/home/super/pico/pico-sdk/src/rp2_common/pico_standard_link/crt0.S.obj
                0x0000000020001080                __HeapLimit = .

.stack1_dummy   0x0000000020040000        0x0
 *(.stack1*)

.stack_dummy    0x0000000020041000      0x800
 *(.stack*)
 .stack         0x0000000020041000      0x800 CMakeFiles/IMU.dir/home/super/pico/pico-sdk/src/rp2_common/pico_standard_link/crt0.S.obj

.flash_end      0x000000001000538c        0x0
                0x000000001000538c                __flash_binary_end = .
                0x0000000020040000                __StackLimit = (ORIGIN (RAM) + LENGTH (RAM))
                0x0000000020041000                __StackOneTop = (ORIGIN (SCRATCH_X) + LENGTH (SCRATCH_X))
                0x0000000020042000                __StackTop = (ORIGIN (SCRATCH_Y) + LENGTH (SCRATCH_Y))
                0x0000000020041000                __StackOneBottom = (__StackOneTop - SIZEOF (.stack1_dummy))
                0x0000000020041800                __StackBottom = (__StackTop - SIZEOF (.stack_dummy))
                0x0000000020042000                PROVIDE (__stack = __StackTop)
                0x0000000000000001                ASSERT ((__StackLimit >= __HeapLimit), region RAM overflowed)
                0x0000000000000001                ASSERT (((__binary_info_header_end - __logical_binary_start) <= 0x100), Binary info must be in first 256 bytes of the binary)
LOAD CMakeFiles/IMU.dir/IMU.cpp.obj
LOAD CMakeFiles/IMU.dir/home/super/pico/pico-sdk/src/rp2_common/pico_stdlib/stdlib.c.obj
LOAD CMakeFiles/IMU.dir/home/super/pico/pico-sdk/src/rp2_common/hardware_gpio/gpio.c.obj
LOAD CMakeFiles/IMU.dir/home/super/pico/pico-sdk/src/rp2_common/hardware_claim/claim.c.obj
LOAD CMakeFiles/IMU.dir/home/super/pico/pico-sdk/src/rp2_common/pico_platform/platform.c.obj
LOAD CMakeFiles/IMU.dir/home/super/pico/pico-sdk/src/rp2_common/hardware_sync/sync.c.obj
LOAD CMakeFiles/IMU.dir/home/super/pico/pico-sdk/src/rp2_common/hardware_irq/irq.c.obj
LOAD CMakeFiles/IMU.dir/home/super/pico/pico-sdk/src/rp2_common/hardware_irq/irq_handler_chain.S.obj
LOAD CMakeFiles/IMU.dir/home/super/pico/pico-sdk/src/common/pico_sync/sem.c.obj
LOAD CMakeFiles/IMU.dir/home/super/pico/pico-sdk/src/common/pico_sync/lock_core.c.obj
LOAD CMakeFiles/IMU.dir/home/super/pico/pico-sdk/src/common/pico_time/time.c.obj
LOAD CMakeFiles/IMU.dir/home/super/pico/pico-sdk/src/common/pico_time/timeout_helper.c.obj
LOAD CMakeFiles/IMU.dir/home/super/pico/pico-sdk/src/rp2_common/hardware_timer/timer.c.obj
LOAD CMakeFiles/IMU.dir/home/super/pico/pico-sdk/src/common/pico_util/datetime.c.obj
LOAD CMakeFiles/IMU.dir/home/super/pico/pico-sdk/src/common/pico_util/pheap.c.obj
LOAD CMakeFiles/IMU.dir/home/super/pico/pico-sdk/src/common/pico_util/queue.c.obj
LOAD CMakeFiles/IMU.dir/home/super/pico/pico-sdk/src/common/pico_sync/mutex.c.obj
LOAD CMakeFiles/IMU.dir/home/super/pico/pico-sdk/src/common/pico_sync/critical_section.c.obj
LOAD CMakeFiles/IMU.dir/home/super/pico/pico-sdk/src/rp2_common/hardware_uart/uart.c.obj
LOAD CMakeFiles/IMU.dir/home/super/pico/pico-sdk/src/rp2_common/hardware_divider/divider.S.obj
LOAD CMakeFiles/IMU.dir/home/super/pico/pico-sdk/src/rp2_common/pico_runtime/runtime.c.obj
LOAD CMakeFiles/IMU.dir/home/super/pico/pico-sdk/src/rp2_common/hardware_clocks/clocks.c.obj
LOAD CMakeFiles/IMU.dir/home/super/pico/pico-sdk/src/rp2_common/hardware_pll/pll.c.obj
LOAD CMakeFiles/IMU.dir/home/super/pico/pico-sdk/src/rp2_common/hardware_vreg/vreg.c.obj
LOAD CMakeFiles/IMU.dir/home/super/pico/pico-sdk/src/rp2_common/hardware_watchdog/watchdog.c.obj
LOAD CMakeFiles/IMU.dir/home/super/pico/pico-sdk/src/rp2_common/hardware_xosc/xosc.c.obj
LOAD CMakeFiles/IMU.dir/home/super/pico/pico-sdk/src/rp2_common/pico_printf/printf.c.obj
LOAD CMakeFiles/IMU.dir/home/super/pico/pico-sdk/src/rp2_common/pico_bit_ops/bit_ops_aeabi.S.obj
LOAD CMakeFiles/IMU.dir/home/super/pico/pico-sdk/src/rp2_common/pico_bootrom/bootrom.c.obj
LOAD CMakeFiles/IMU.dir/home/super/pico/pico-sdk/src/rp2_common/pico_divider/divider.S.obj
LOAD CMakeFiles/IMU.dir/home/super/pico/pico-sdk/src/rp2_common/pico_double/double_aeabi.S.obj
LOAD CMakeFiles/IMU.dir/home/super/pico/pico-sdk/src/rp2_common/pico_double/double_init_rom.c.obj
LOAD CMakeFiles/IMU.dir/home/super/pico/pico-sdk/src/rp2_common/pico_double/double_math.c.obj
LOAD CMakeFiles/IMU.dir/home/super/pico/pico-sdk/src/rp2_common/pico_double/double_v1_rom_shim.S.obj
LOAD CMakeFiles/IMU.dir/home/super/pico/pico-sdk/src/rp2_common/pico_int64_ops/pico_int64_ops_aeabi.S.obj
LOAD CMakeFiles/IMU.dir/home/super/pico/pico-sdk/src/rp2_common/pico_float/float_aeabi.S.obj
LOAD CMakeFiles/IMU.dir/home/super/pico/pico-sdk/src/rp2_common/pico_float/float_init_rom.c.obj
LOAD CMakeFiles/IMU.dir/home/super/pico/pico-sdk/src/rp2_common/pico_float/float_math.c.obj
LOAD CMakeFiles/IMU.dir/home/super/pico/pico-sdk/src/rp2_common/pico_float/float_v1_rom_shim.S.obj
LOAD CMakeFiles/IMU.dir/home/super/pico/pico-sdk/src/rp2_common/pico_malloc/pico_malloc.c.obj
LOAD CMakeFiles/IMU.dir/home/super/pico/pico-sdk/src/rp2_common/pico_mem_ops/mem_ops_aeabi.S.obj
LOAD CMakeFiles/IMU.dir/home/super/pico/pico-sdk/src/rp2_common/pico_standard_link/crt0.S.obj
LOAD CMakeFiles/IMU.dir/home/super/pico/pico-sdk/src/rp2_common/pico_standard_link/new_delete.cpp.obj
LOAD CMakeFiles/IMU.dir/home/super/pico/pico-sdk/src/rp2_common/pico_standard_link/binary_info.c.obj
LOAD CMakeFiles/IMU.dir/home/super/pico/pico-sdk/src/rp2_common/pico_stdio/stdio.c.obj
LOAD CMakeFiles/IMU.dir/home/super/pico/pico-sdk/src/rp2_common/pico_stdio_uart/stdio_uart.c.obj
LOAD CMakeFiles/IMU.dir/home/super/pico/pico-sdk/src/rp2_common/pico_stdio_usb/reset_interface.c.obj
LOAD CMakeFiles/IMU.dir/home/super/pico/pico-sdk/src/rp2_common/pico_stdio_usb/stdio_usb.c.obj
LOAD CMakeFiles/IMU.dir/home/super/pico/pico-sdk/src/rp2_common/pico_stdio_usb/stdio_usb_descriptors.c.obj
LOAD CMakeFiles/IMU.dir/home/super/pico/pico-sdk/lib/tinyusb/src/portable/raspberrypi/rp2040/dcd_rp2040.c.obj
LOAD CMakeFiles/IMU.dir/home/super/pico/pico-sdk/lib/tinyusb/src/portable/raspberrypi/rp2040/rp2040_usb.c.obj
LOAD CMakeFiles/IMU.dir/home/super/pico/pico-sdk/lib/tinyusb/src/device/usbd.c.obj
LOAD CMakeFiles/IMU.dir/home/super/pico/pico-sdk/lib/tinyusb/src/device/usbd_control.c.obj
LOAD CMakeFiles/IMU.dir/home/super/pico/pico-sdk/lib/tinyusb/src/class/audio/audio_device.c.obj
LOAD CMakeFiles/IMU.dir/home/super/pico/pico-sdk/lib/tinyusb/src/class/cdc/cdc_device.c.obj
LOAD CMakeFiles/IMU.dir/home/super/pico/pico-sdk/lib/tinyusb/src/class/dfu/dfu_device.c.obj
LOAD CMakeFiles/IMU.dir/home/super/pico/pico-sdk/lib/tinyusb/src/class/dfu/dfu_rt_device.c.obj
LOAD CMakeFiles/IMU.dir/home/super/pico/pico-sdk/lib/tinyusb/src/class/hid/hid_device.c.obj
LOAD CMakeFiles/IMU.dir/home/super/pico/pico-sdk/lib/tinyusb/src/class/midi/midi_device.c.obj
LOAD CMakeFiles/IMU.dir/home/super/pico/pico-sdk/lib/tinyusb/src/class/msc/msc_device.c.obj
LOAD CMakeFiles/IMU.dir/home/super/pico/pico-sdk/lib/tinyusb/src/class/net/ecm_rndis_device.c.obj
LOAD CMakeFiles/IMU.dir/home/super/pico/pico-sdk/lib/tinyusb/src/class/net/ncm_device.c.obj
LOAD CMakeFiles/IMU.dir/home/super/pico/pico-sdk/lib/tinyusb/src/class/usbtmc/usbtmc_device.c.obj
LOAD CMakeFiles/IMU.dir/home/super/pico/pico-sdk/lib/tinyusb/src/class/vendor/vendor_device.c.obj
LOAD CMakeFiles/IMU.dir/home/super/pico/pico-sdk/lib/tinyusb/src/class/video/video_device.c.obj
LOAD CMakeFiles/IMU.dir/home/super/pico/pico-sdk/lib/tinyusb/src/tusb.c.obj
LOAD CMakeFiles/IMU.dir/home/super/pico/pico-sdk/lib/tinyusb/src/common/tusb_fifo.c.obj
LOAD CMakeFiles/IMU.dir/home/super/pico/pico-sdk/src/rp2_common/pico_fix/rp2040_usb_device_enumeration/rp2040_usb_device_enumeration.c.obj
LOAD CMakeFiles/IMU.dir/home/super/pico/pico-sdk/src/rp2_common/pico_unique_id/unique_id.c.obj
LOAD CMakeFiles/IMU.dir/home/super/pico/pico-sdk/src/rp2_common/hardware_flash/flash.c.obj
LOAD CMakeFiles/IMU.dir/home/super/pico/pico-sdk/src/rp2_common/hardware_i2c/i2c.c.obj
LOAD /tmp/ccdb7foZ.o
LOAD /usr/lib/gcc/arm-none-eabi/9.2.1/../../../arm-none-eabi/lib/thumb/v6-m/nofp/libstdc++.a
LOAD /usr/lib/gcc/arm-none-eabi/9.2.1/../../../arm-none-eabi/lib/thumb/v6-m/nofp/libm.a
START GROUP
LOAD /usr/lib/gcc/arm-none-eabi/9.2.1/thumb/v6-m/nofp/libgcc.a
LOAD /usr/lib/gcc/arm-none-eabi/9.2.1/../../../arm-none-eabi/lib/thumb/v6-m/nofp/libg.a
LOAD /usr/lib/gcc/arm-none-eabi/9.2.1/../../../arm-none-eabi/lib/thumb/v6-m/nofp/libc.a
END GROUP
START GROUP
LOAD /usr/lib/gcc/arm-none-eabi/9.2.1/thumb/v6-m/nofp/libgcc.a
LOAD /usr/lib/gcc/arm-none-eabi/9.2.1/../../../arm-none-eabi/lib/thumb/v6-m/nofp/libc.a
LOAD /usr/lib/gcc/arm-none-eabi/9.2.1/../../../arm-none-eabi/lib/thumb/v6-m/nofp/libnosys.a
END GROUP
LOAD /usr/lib/gcc/arm-none-eabi/9.2.1/thumb/v6-m/nofp/crtend.o
LOAD /usr/lib/gcc/arm-none-eabi/9.2.1/thumb/v6-m/nofp/crtn.o
OUTPUT(IMU.elf elf32-littlearm)
LOAD linker stubs

.ARM.attributes
                0x0000000000000000       0x28
 .ARM.attributes
                0x0000000000000000       0x1e /usr/lib/gcc/arm-none-eabi/9.2.1/thumb/v6-m/nofp/crti.o
 .ARM.attributes
                0x000000000000001e       0x2c /usr/lib/gcc/arm-none-eabi/9.2.1/thumb/v6-m/nofp/crtbegin.o
 .ARM.attributes
                0x000000000000004a       0x2c CMakeFiles/IMU.dir/IMU.cpp.obj
 .ARM.attributes
                0x0000000000000076       0x2c CMakeFiles/IMU.dir/home/super/pico/pico-sdk/src/rp2_common/hardware_claim/claim.c.obj
 .ARM.attributes
                0x00000000000000a2       0x2c CMakeFiles/IMU.dir/home/super/pico/pico-sdk/src/rp2_common/pico_platform/platform.c.obj
 .ARM.attributes
                0x00000000000000ce       0x2c CMakeFiles/IMU.dir/home/super/pico/pico-sdk/src/rp2_common/hardware_sync/sync.c.obj
 .ARM.attributes
                0x00000000000000fa       0x2c CMakeFiles/IMU.dir/home/super/pico/pico-sdk/src/rp2_common/hardware_irq/irq.c.obj
 .ARM.attributes
                0x0000000000000126       0x22 CMakeFiles/IMU.dir/home/super/pico/pico-sdk/src/rp2_common/hardware_irq/irq_handler_chain.S.obj
 .ARM.attributes
                0x0000000000000148       0x2c CMakeFiles/IMU.dir/home/super/pico/pico-sdk/src/common/pico_sync/lock_core.c.obj
 .ARM.attributes
                0x0000000000000174       0x2c CMakeFiles/IMU.dir/home/super/pico/pico-sdk/src/common/pico_time/time.c.obj
 .ARM.attributes
                0x00000000000001a0       0x2c CMakeFiles/IMU.dir/home/super/pico/pico-sdk/src/rp2_common/hardware_timer/timer.c.obj
 .ARM.attributes
                0x00000000000001cc       0x2c CMakeFiles/IMU.dir/home/super/pico/pico-sdk/src/common/pico_util/pheap.c.obj
 .ARM.attributes
                0x00000000000001f8       0x2c CMakeFiles/IMU.dir/home/super/pico/pico-sdk/src/common/pico_sync/mutex.c.obj
 .ARM.attributes
                0x0000000000000224       0x2c CMakeFiles/IMU.dir/home/super/pico/pico-sdk/src/rp2_common/pico_runtime/runtime.c.obj
 .ARM.attributes
                0x0000000000000250       0x2c CMakeFiles/IMU.dir/home/super/pico/pico-sdk/src/rp2_common/hardware_clocks/clocks.c.obj
 .ARM.attributes
                0x000000000000027c       0x2c CMakeFiles/IMU.dir/home/super/pico/pico-sdk/src/rp2_common/hardware_pll/pll.c.obj
 .ARM.attributes
                0x00000000000002a8       0x2c CMakeFiles/IMU.dir/home/super/pico/pico-sdk/src/rp2_common/hardware_watchdog/watchdog.c.obj
 .ARM.attributes
                0x00000000000002d4       0x2c CMakeFiles/IMU.dir/home/super/pico/pico-sdk/src/rp2_common/hardware_xosc/xosc.c.obj
 .ARM.attributes
                0x0000000000000300       0x2c CMakeFiles/IMU.dir/home/super/pico/pico-sdk/src/rp2_common/pico_printf/printf.c.obj
 .ARM.attributes
                0x000000000000032c       0x22 CMakeFiles/IMU.dir/home/super/pico/pico-sdk/src/rp2_common/pico_bit_ops/bit_ops_aeabi.S.obj
 .ARM.attributes
                0x000000000000034e       0x2c CMakeFiles/IMU.dir/home/super/pico/pico-sdk/src/rp2_common/pico_bootrom/bootrom.c.obj
 .ARM.attributes
                0x000000000000037a       0x22 CMakeFiles/IMU.dir/home/super/pico/pico-sdk/src/rp2_common/pico_divider/divider.S.obj
 .ARM.attributes
                0x000000000000039c       0x22 CMakeFiles/IMU.dir/home/super/pico/pico-sdk/src/rp2_common/pico_double/double_aeabi.S.obj
 .ARM.attributes
                0x00000000000003be       0x2c CMakeFiles/IMU.dir/home/super/pico/pico-sdk/src/rp2_common/pico_double/double_init_rom.c.obj
 .ARM.attributes
                0x00000000000003ea       0x22 CMakeFiles/IMU.dir/home/super/pico/pico-sdk/src/rp2_common/pico_double/double_v1_rom_shim.S.obj
 .ARM.attributes
                0x000000000000040c       0x22 CMakeFiles/IMU.dir/home/super/pico/pico-sdk/src/rp2_common/pico_float/float_aeabi.S.obj
 .ARM.attributes
                0x000000000000042e       0x2c CMakeFiles/IMU.dir/home/super/pico/pico-sdk/src/rp2_common/pico_float/float_init_rom.c.obj
 .ARM.attributes
                0x000000000000045a       0x22 CMakeFiles/IMU.dir/home/super/pico/pico-sdk/src/rp2_common/pico_float/float_v1_rom_shim.S.obj
 .ARM.attributes
                0x000000000000047c       0x22 CMakeFiles/IMU.dir/home/super/pico/pico-sdk/src/rp2_common/pico_mem_ops/mem_ops_aeabi.S.obj
 .ARM.attributes
                0x000000000000049e       0x22 CMakeFiles/IMU.dir/home/super/pico/pico-sdk/src/rp2_common/pico_standard_link/crt0.S.obj
 .ARM.attributes
                0x00000000000004c0       0x32 CMakeFiles/IMU.dir/home/super/pico/pico-sdk/src/rp2_common/pico_standard_link/binary_info.c.obj
 .ARM.attributes
                0x00000000000004f2       0x2c CMakeFiles/IMU.dir/home/super/pico/pico-sdk/src/rp2_common/pico_stdio/stdio.c.obj
 .ARM.attributes
                0x000000000000051e       0x2c CMakeFiles/IMU.dir/home/super/pico/pico-sdk/src/rp2_common/pico_unique_id/unique_id.c.obj
 .ARM.attributes
                0x000000000000054a       0x2c CMakeFiles/IMU.dir/home/super/pico/pico-sdk/src/rp2_common/hardware_flash/flash.c.obj
 .ARM.attributes
                0x0000000000000576       0x2c CMakeFiles/IMU.dir/home/super/pico/pico-sdk/src/rp2_common/hardware_i2c/i2c.c.obj
 .ARM.attributes
                0x00000000000005a2       0x22 /tmp/ccdb7foZ.o
 .ARM.attributes
                0x00000000000005c4       0x1e /usr/lib/gcc/arm-none-eabi/9.2.1/thumb/v6-m/nofp/libgcc.a(_dvmd_tls.o)
 .ARM.attributes
                0x00000000000005e2       0x2c /usr/lib/gcc/arm-none-eabi/9.2.1/../../../arm-none-eabi/lib/thumb/v6-m/nofp/libg.a(lib_a-strlen-stub.o)
 .ARM.attributes
                0x000000000000060e       0x2c /usr/lib/gcc/arm-none-eabi/9.2.1/thumb/v6-m/nofp/crtend.o

.comment        0x0000000000000000       0xa7
 .comment       0x0000000000000000       0x59 /usr/lib/gcc/arm-none-eabi/9.2.1/thumb/v6-m/nofp/crtbegin.o
                                         0x5a (size before relaxing)
 .comment       0x0000000000000059       0x5a CMakeFiles/IMU.dir/IMU.cpp.obj
 .comment       0x0000000000000059       0x5a CMakeFiles/IMU.dir/home/super/pico/pico-sdk/src/rp2_common/hardware_claim/claim.c.obj
 .comment       0x0000000000000059       0x5a CMakeFiles/IMU.dir/home/super/pico/pico-sdk/src/rp2_common/pico_platform/platform.c.obj
 .comment       0x0000000000000059       0x5a CMakeFiles/IMU.dir/home/super/pico/pico-sdk/src/rp2_common/hardware_sync/sync.c.obj
 .comment       0x0000000000000059       0x5a CMakeFiles/IMU.dir/home/super/pico/pico-sdk/src/rp2_common/hardware_irq/irq.c.obj
 .comment       0x0000000000000059       0x5a CMakeFiles/IMU.dir/home/super/pico/pico-sdk/src/common/pico_sync/lock_core.c.obj
 .comment       0x0000000000000059       0x5a CMakeFiles/IMU.dir/home/super/pico/pico-sdk/src/common/pico_time/time.c.obj
 .comment       0x0000000000000059       0x5a CMakeFiles/IMU.dir/home/super/pico/pico-sdk/src/rp2_common/hardware_timer/timer.c.obj
 .comment       0x0000000000000059       0x5a CMakeFiles/IMU.dir/home/super/pico/pico-sdk/src/common/pico_util/pheap.c.obj
 .comment       0x0000000000000059       0x5a CMakeFiles/IMU.dir/home/super/pico/pico-sdk/src/common/pico_sync/mutex.c.obj
 .comment       0x0000000000000059       0x5a CMakeFiles/IMU.dir/home/super/pico/pico-sdk/src/rp2_common/pico_runtime/runtime.c.obj
 .comment       0x0000000000000059       0x5a CMakeFiles/IMU.dir/home/super/pico/pico-sdk/src/rp2_common/hardware_clocks/clocks.c.obj
 .comment       0x0000000000000059       0x5a CMakeFiles/IMU.dir/home/super/pico/pico-sdk/src/rp2_common/hardware_pll/pll.c.obj
 .comment       0x0000000000000059       0x5a CMakeFiles/IMU.dir/home/super/pico/pico-sdk/src/rp2_common/hardware_watchdog/watchdog.c.obj
 .comment       0x0000000000000059       0x5a CMakeFiles/IMU.dir/home/super/pico/pico-sdk/src/rp2_common/hardware_xosc/xosc.c.obj
 .comment       0x0000000000000059       0x5a CMakeFiles/IMU.dir/home/super/pico/pico-sdk/src/rp2_common/pico_printf/printf.c.obj
 .comment       0x0000000000000059       0x5a CMakeFiles/IMU.dir/home/super/pico/pico-sdk/src/rp2_common/pico_bootrom/bootrom.c.obj
 .comment       0x0000000000000059       0x5a CMakeFiles/IMU.dir/home/super/pico/pico-sdk/src/rp2_common/pico_double/double_init_rom.c.obj
 .comment       0x0000000000000059       0x5a CMakeFiles/IMU.dir/home/super/pico/pico-sdk/src/rp2_common/pico_float/float_init_rom.c.obj
 .comment       0x0000000000000059       0x5a CMakeFiles/IMU.dir/home/super/pico/pico-sdk/src/rp2_common/pico_standard_link/binary_info.c.obj
 .comment       0x0000000000000059       0x5a CMakeFiles/IMU.dir/home/super/pico/pico-sdk/src/rp2_common/pico_stdio/stdio.c.obj
 .comment       0x0000000000000059       0x5a CMakeFiles/IMU.dir/home/super/pico/pico-sdk/src/rp2_common/pico_unique_id/unique_id.c.obj
 .comment       0x0000000000000059       0x5a CMakeFiles/IMU.dir/home/super/pico/pico-sdk/src/rp2_common/hardware_flash/flash.c.obj
 .comment       0x0000000000000059       0x5a CMakeFiles/IMU.dir/home/super/pico/pico-sdk/src/rp2_common/hardware_i2c/i2c.c.obj
 .comment       0x0000000000000059       0x4e /usr/lib/gcc/arm-none-eabi/9.2.1/../../../arm-none-eabi/lib/thumb/v6-m/nofp/libg.a(lib_a-strlen-stub.o)
                                         0x4f (size before relaxing)
 .comment       0x00000000000000a7       0x5a /usr/lib/gcc/arm-none-eabi/9.2.1/thumb/v6-m/nofp/crtend.o

.debug_info     0x0000000000000000    0x1918a
 .debug_info    0x0000000000000000     0x174d CMakeFiles/IMU.dir/IMU.cpp.obj
 .debug_info    0x000000000000174d      0x6a3 CMakeFiles/IMU.dir/home/super/pico/pico-sdk/src/rp2_common/hardware_claim/claim.c.obj
 .debug_info    0x0000000000001df0      0x1cb CMakeFiles/IMU.dir/home/super/pico/pico-sdk/src/rp2_common/pico_platform/platform.c.obj
 .debug_info    0x0000000000001fbb      0x576 CMakeFiles/IMU.dir/home/super/pico/pico-sdk/src/rp2_common/hardware_sync/sync.c.obj
 .debug_info    0x0000000000002531     0x1c3b CMakeFiles/IMU.dir/home/super/pico/pico-sdk/src/rp2_common/hardware_irq/irq.c.obj
 .debug_info    0x000000000000416c       0x26 CMakeFiles/IMU.dir/home/super/pico/pico-sdk/src/rp2_common/hardware_irq/irq_handler_chain.S.obj
 .debug_info    0x0000000000004192      0x1e4 CMakeFiles/IMU.dir/home/super/pico/pico-sdk/src/common/pico_sync/lock_core.c.obj
 .debug_info    0x0000000000004376     0x435e CMakeFiles/IMU.dir/home/super/pico/pico-sdk/src/common/pico_time/time.c.obj
 .debug_info    0x00000000000086d4     0x10e6 CMakeFiles/IMU.dir/home/super/pico/pico-sdk/src/rp2_common/hardware_timer/timer.c.obj
 .debug_info    0x00000000000097ba     0x1aa5 CMakeFiles/IMU.dir/home/super/pico/pico-sdk/src/common/pico_util/pheap.c.obj
 .debug_info    0x000000000000b25f     0x1feb CMakeFiles/IMU.dir/home/super/pico/pico-sdk/src/common/pico_sync/mutex.c.obj
 .debug_info    0x000000000000d24a     0x1355 CMakeFiles/IMU.dir/home/super/pico/pico-sdk/src/rp2_common/pico_runtime/runtime.c.obj
 .debug_info    0x000000000000e59f      0xef9 CMakeFiles/IMU.dir/home/super/pico/pico-sdk/src/rp2_common/hardware_clocks/clocks.c.obj
 .debug_info    0x000000000000f498      0x517 CMakeFiles/IMU.dir/home/super/pico/pico-sdk/src/rp2_common/hardware_pll/pll.c.obj
 .debug_info    0x000000000000f9af      0xd7e CMakeFiles/IMU.dir/home/super/pico/pico-sdk/src/rp2_common/hardware_watchdog/watchdog.c.obj
 .debug_info    0x000000000001072d      0x1c0 CMakeFiles/IMU.dir/home/super/pico/pico-sdk/src/rp2_common/hardware_xosc/xosc.c.obj
 .debug_info    0x00000000000108ed     0x1fbf CMakeFiles/IMU.dir/home/super/pico/pico-sdk/src/rp2_common/pico_printf/printf.c.obj
 .debug_info    0x00000000000128ac       0x22 CMakeFiles/IMU.dir/home/super/pico/pico-sdk/src/rp2_common/pico_bit_ops/bit_ops_aeabi.S.obj
 .debug_info    0x00000000000128ce      0x258 CMakeFiles/IMU.dir/home/super/pico/pico-sdk/src/rp2_common/pico_bootrom/bootrom.c.obj
 .debug_info    0x0000000000012b26       0x22 CMakeFiles/IMU.dir/home/super/pico/pico-sdk/src/rp2_common/pico_divider/divider.S.obj
 .debug_info    0x0000000000012b48       0x22 CMakeFiles/IMU.dir/home/super/pico/pico-sdk/src/rp2_common/pico_double/double_aeabi.S.obj
 .debug_info    0x0000000000012b6a      0xb2a CMakeFiles/IMU.dir/home/super/pico/pico-sdk/src/rp2_common/pico_double/double_init_rom.c.obj
 .debug_info    0x0000000000013694       0x22 CMakeFiles/IMU.dir/home/super/pico/pico-sdk/src/rp2_common/pico_double/double_v1_rom_shim.S.obj
 .debug_info    0x00000000000136b6       0x22 CMakeFiles/IMU.dir/home/super/pico/pico-sdk/src/rp2_common/pico_float/float_aeabi.S.obj
 .debug_info    0x00000000000136d8      0xb44 CMakeFiles/IMU.dir/home/super/pico/pico-sdk/src/rp2_common/pico_float/float_init_rom.c.obj
 .debug_info    0x000000000001421c       0x22 CMakeFiles/IMU.dir/home/super/pico/pico-sdk/src/rp2_common/pico_float/float_v1_rom_shim.S.obj
 .debug_info    0x000000000001423e       0x22 CMakeFiles/IMU.dir/home/super/pico/pico-sdk/src/rp2_common/pico_mem_ops/mem_ops_aeabi.S.obj
 .debug_info    0x0000000000014260       0x22 CMakeFiles/IMU.dir/home/super/pico/pico-sdk/src/rp2_common/pico_standard_link/crt0.S.obj
 .debug_info    0x0000000000014282      0x2f7 CMakeFiles/IMU.dir/home/super/pico/pico-sdk/src/rp2_common/pico_standard_link/binary_info.c.obj
 .debug_info    0x0000000000014579     0x1b9d CMakeFiles/IMU.dir/home/super/pico/pico-sdk/src/rp2_common/pico_stdio/stdio.c.obj
 .debug_info    0x0000000000016116      0x24b CMakeFiles/IMU.dir/home/super/pico/pico-sdk/src/rp2_common/pico_unique_id/unique_id.c.obj
 .debug_info    0x0000000000016361      0xef2 CMakeFiles/IMU.dir/home/super/pico/pico-sdk/src/rp2_common/hardware_flash/flash.c.obj
 .debug_info    0x0000000000017253     0x159e CMakeFiles/IMU.dir/home/super/pico/pico-sdk/src/rp2_common/hardware_i2c/i2c.c.obj
 .debug_info    0x00000000000187f1       0x26 /usr/lib/gcc/arm-none-eabi/9.2.1/thumb/v6-m/nofp/libgcc.a(_dvmd_tls.o)
 .debug_info    0x0000000000018817      0x973 /usr/lib/gcc/arm-none-eabi/9.2.1/../../../arm-none-eabi/lib/thumb/v6-m/nofp/libg.a(lib_a-strlen-stub.o)

.debug_abbrev   0x0000000000000000     0x4c71
 .debug_abbrev  0x0000000000000000      0x418 CMakeFiles/IMU.dir/IMU.cpp.obj
 .debug_abbrev  0x0000000000000418      0x2e9 CMakeFiles/IMU.dir/home/super/pico/pico-sdk/src/rp2_common/hardware_claim/claim.c.obj
 .debug_abbrev  0x0000000000000701       0xeb CMakeFiles/IMU.dir/home/super/pico/pico-sdk/src/rp2_common/pico_platform/platform.c.obj
 .debug_abbrev  0x00000000000007ec      0x21b CMakeFiles/IMU.dir/home/super/pico/pico-sdk/src/rp2_common/hardware_sync/sync.c.obj
 .debug_abbrev  0x0000000000000a07      0x50b CMakeFiles/IMU.dir/home/super/pico/pico-sdk/src/rp2_common/hardware_irq/irq.c.obj
 .debug_abbrev  0x0000000000000f12       0x14 CMakeFiles/IMU.dir/home/super/pico/pico-sdk/src/rp2_common/hardware_irq/irq_handler_chain.S.obj
 .debug_abbrev  0x0000000000000f26      0x138 CMakeFiles/IMU.dir/home/super/pico/pico-sdk/src/common/pico_sync/lock_core.c.obj
 .debug_abbrev  0x000000000000105e      0x628 CMakeFiles/IMU.dir/home/super/pico/pico-sdk/src/common/pico_time/time.c.obj
 .debug_abbrev  0x0000000000001686      0x3b1 CMakeFiles/IMU.dir/home/super/pico/pico-sdk/src/rp2_common/hardware_timer/timer.c.obj
 .debug_abbrev  0x0000000000001a37      0x3ad CMakeFiles/IMU.dir/home/super/pico/pico-sdk/src/common/pico_util/pheap.c.obj
 .debug_abbrev  0x0000000000001de4      0x3aa CMakeFiles/IMU.dir/home/super/pico/pico-sdk/src/common/pico_sync/mutex.c.obj
 .debug_abbrev  0x000000000000218e      0x4a1 CMakeFiles/IMU.dir/home/super/pico/pico-sdk/src/rp2_common/pico_runtime/runtime.c.obj
 .debug_abbrev  0x000000000000262f      0x3b6 CMakeFiles/IMU.dir/home/super/pico/pico-sdk/src/rp2_common/hardware_clocks/clocks.c.obj
 .debug_abbrev  0x00000000000029e5      0x1ee CMakeFiles/IMU.dir/home/super/pico/pico-sdk/src/rp2_common/hardware_pll/pll.c.obj
 .debug_abbrev  0x0000000000002bd3      0x2cf CMakeFiles/IMU.dir/home/super/pico/pico-sdk/src/rp2_common/hardware_watchdog/watchdog.c.obj
 .debug_abbrev  0x0000000000002ea2      0x109 CMakeFiles/IMU.dir/home/super/pico/pico-sdk/src/rp2_common/hardware_xosc/xosc.c.obj
 .debug_abbrev  0x0000000000002fab      0x4a1 CMakeFiles/IMU.dir/home/super/pico/pico-sdk/src/rp2_common/pico_printf/printf.c.obj
 .debug_abbrev  0x000000000000344c       0x12 CMakeFiles/IMU.dir/home/super/pico/pico-sdk/src/rp2_common/pico_bit_ops/bit_ops_aeabi.S.obj
 .debug_abbrev  0x000000000000345e      0x13b CMakeFiles/IMU.dir/home/super/pico/pico-sdk/src/rp2_common/pico_bootrom/bootrom.c.obj
 .debug_abbrev  0x0000000000003599       0x12 CMakeFiles/IMU.dir/home/super/pico/pico-sdk/src/rp2_common/pico_divider/divider.S.obj
 .debug_abbrev  0x00000000000035ab       0x12 CMakeFiles/IMU.dir/home/super/pico/pico-sdk/src/rp2_common/pico_double/double_aeabi.S.obj
 .debug_abbrev  0x00000000000035bd      0x2c2 CMakeFiles/IMU.dir/home/super/pico/pico-sdk/src/rp2_common/pico_double/double_init_rom.c.obj
 .debug_abbrev  0x000000000000387f       0x12 CMakeFiles/IMU.dir/home/super/pico/pico-sdk/src/rp2_common/pico_double/double_v1_rom_shim.S.obj
 .debug_abbrev  0x0000000000003891       0x12 CMakeFiles/IMU.dir/home/super/pico/pico-sdk/src/rp2_common/pico_float/float_aeabi.S.obj
 .debug_abbrev  0x00000000000038a3      0x2d5 CMakeFiles/IMU.dir/home/super/pico/pico-sdk/src/rp2_common/pico_float/float_init_rom.c.obj
 .debug_abbrev  0x0000000000003b78       0x12 CMakeFiles/IMU.dir/home/super/pico/pico-sdk/src/rp2_common/pico_float/float_v1_rom_shim.S.obj
 .debug_abbrev  0x0000000000003b8a       0x12 CMakeFiles/IMU.dir/home/super/pico/pico-sdk/src/rp2_common/pico_mem_ops/mem_ops_aeabi.S.obj
 .debug_abbrev  0x0000000000003b9c       0x12 CMakeFiles/IMU.dir/home/super/pico/pico-sdk/src/rp2_common/pico_standard_link/crt0.S.obj
 .debug_abbrev  0x0000000000003bae       0xad CMakeFiles/IMU.dir/home/super/pico/pico-sdk/src/rp2_common/pico_standard_link/binary_info.c.obj
 .debug_abbrev  0x0000000000003c5b      0x585 CMakeFiles/IMU.dir/home/super/pico/pico-sdk/src/rp2_common/pico_stdio/stdio.c.obj
 .debug_abbrev  0x00000000000041e0      0x163 CMakeFiles/IMU.dir/home/super/pico/pico-sdk/src/rp2_common/pico_unique_id/unique_id.c.obj
 .debug_abbrev  0x0000000000004343      0x2b6 CMakeFiles/IMU.dir/home/super/pico/pico-sdk/src/rp2_common/hardware_flash/flash.c.obj
 .debug_abbrev  0x00000000000045f9      0x47c CMakeFiles/IMU.dir/home/super/pico/pico-sdk/src/rp2_common/hardware_i2c/i2c.c.obj
 .debug_abbrev  0x0000000000004a75       0x14 /usr/lib/gcc/arm-none-eabi/9.2.1/thumb/v6-m/nofp/libgcc.a(_dvmd_tls.o)
 .debug_abbrev  0x0000000000004a89      0x1e8 /usr/lib/gcc/arm-none-eabi/9.2.1/../../../arm-none-eabi/lib/thumb/v6-m/nofp/libg.a(lib_a-strlen-stub.o)

.debug_loc      0x0000000000000000     0xde1d
 .debug_loc     0x0000000000000000      0x325 CMakeFiles/IMU.dir/IMU.cpp.obj
 .debug_loc     0x0000000000000325      0x45f CMakeFiles/IMU.dir/home/super/pico/pico-sdk/src/rp2_common/hardware_claim/claim.c.obj
 .debug_loc     0x0000000000000784       0xe9 CMakeFiles/IMU.dir/home/super/pico/pico-sdk/src/rp2_common/pico_platform/platform.c.obj
 .debug_loc     0x000000000000086d      0x233 CMakeFiles/IMU.dir/home/super/pico/pico-sdk/src/rp2_common/hardware_sync/sync.c.obj
 .debug_loc     0x0000000000000aa0     0x13e6 CMakeFiles/IMU.dir/home/super/pico/pico-sdk/src/rp2_common/hardware_irq/irq.c.obj
 .debug_loc     0x0000000000001e86       0x60 CMakeFiles/IMU.dir/home/super/pico/pico-sdk/src/common/pico_sync/lock_core.c.obj
 .debug_loc     0x0000000000001ee6     0x2e1d CMakeFiles/IMU.dir/home/super/pico/pico-sdk/src/common/pico_time/time.c.obj
 .debug_loc     0x0000000000004d03      0x952 CMakeFiles/IMU.dir/home/super/pico/pico-sdk/src/rp2_common/hardware_timer/timer.c.obj
 .debug_loc     0x0000000000005655     0x1412 CMakeFiles/IMU.dir/home/super/pico/pico-sdk/src/common/pico_util/pheap.c.obj
 .debug_loc     0x0000000000006a67     0x142d CMakeFiles/IMU.dir/home/super/pico/pico-sdk/src/common/pico_sync/mutex.c.obj
 .debug_loc     0x0000000000007e94      0x3ff CMakeFiles/IMU.dir/home/super/pico/pico-sdk/src/rp2_common/pico_runtime/runtime.c.obj
 .debug_loc     0x0000000000008293      0x805 CMakeFiles/IMU.dir/home/super/pico/pico-sdk/src/rp2_common/hardware_clocks/clocks.c.obj
 .debug_loc     0x0000000000008a98      0x31a CMakeFiles/IMU.dir/home/super/pico/pico-sdk/src/rp2_common/hardware_pll/pll.c.obj
 .debug_loc     0x0000000000008db2      0x2ec CMakeFiles/IMU.dir/home/super/pico/pico-sdk/src/rp2_common/hardware_watchdog/watchdog.c.obj
 .debug_loc     0x000000000000909e       0x71 CMakeFiles/IMU.dir/home/super/pico/pico-sdk/src/rp2_common/hardware_xosc/xosc.c.obj
 .debug_loc     0x000000000000910f     0x210c CMakeFiles/IMU.dir/home/super/pico/pico-sdk/src/rp2_common/pico_printf/printf.c.obj
 .debug_loc     0x000000000000b21b      0x1a1 CMakeFiles/IMU.dir/home/super/pico/pico-sdk/src/rp2_common/pico_bootrom/bootrom.c.obj
 .debug_loc     0x000000000000b3bc       0x59 CMakeFiles/IMU.dir/home/super/pico/pico-sdk/src/rp2_common/pico_double/double_init_rom.c.obj
 .debug_loc     0x000000000000b415       0x73 CMakeFiles/IMU.dir/home/super/pico/pico-sdk/src/rp2_common/pico_float/float_init_rom.c.obj
 .debug_loc     0x000000000000b488      0xb7b CMakeFiles/IMU.dir/home/super/pico/pico-sdk/src/rp2_common/pico_stdio/stdio.c.obj
 .debug_loc     0x000000000000c003       0xff CMakeFiles/IMU.dir/home/super/pico/pico-sdk/src/rp2_common/pico_unique_id/unique_id.c.obj
 .debug_loc     0x000000000000c102      0x909 CMakeFiles/IMU.dir/home/super/pico/pico-sdk/src/rp2_common/hardware_flash/flash.c.obj
 .debug_loc     0x000000000000ca0b     0x136f CMakeFiles/IMU.dir/home/super/pico/pico-sdk/src/rp2_common/hardware_i2c/i2c.c.obj
 .debug_loc     0x000000000000dd7a       0xa3 /usr/lib/gcc/arm-none-eabi/9.2.1/../../../arm-none-eabi/lib/thumb/v6-m/nofp/libg.a(lib_a-strlen-stub.o)

.debug_aranges  0x0000000000000000      0xd80
 .debug_aranges
                0x0000000000000000       0x38 CMakeFiles/IMU.dir/IMU.cpp.obj
 .debug_aranges
                0x0000000000000038       0x48 CMakeFiles/IMU.dir/home/super/pico/pico-sdk/src/rp2_common/hardware_claim/claim.c.obj
 .debug_aranges
                0x0000000000000080       0x28 CMakeFiles/IMU.dir/home/super/pico/pico-sdk/src/rp2_common/pico_platform/platform.c.obj
 .debug_aranges
                0x00000000000000a8       0x58 CMakeFiles/IMU.dir/home/super/pico/pico-sdk/src/rp2_common/hardware_sync/sync.c.obj
 .debug_aranges
                0x0000000000000100       0xc8 CMakeFiles/IMU.dir/home/super/pico/pico-sdk/src/rp2_common/hardware_irq/irq.c.obj
 .debug_aranges
                0x00000000000001c8       0x20 CMakeFiles/IMU.dir/home/super/pico/pico-sdk/src/rp2_common/hardware_irq/irq_handler_chain.S.obj
 .debug_aranges
                0x00000000000001e8       0x20 CMakeFiles/IMU.dir/home/super/pico/pico-sdk/src/common/pico_sync/lock_core.c.obj
 .debug_aranges
                0x0000000000000208       0xd0 CMakeFiles/IMU.dir/home/super/pico/pico-sdk/src/common/pico_time/time.c.obj
 .debug_aranges
                0x00000000000002d8       0x78 CMakeFiles/IMU.dir/home/super/pico/pico-sdk/src/rp2_common/hardware_timer/timer.c.obj
 .debug_aranges
                0x0000000000000350       0x78 CMakeFiles/IMU.dir/home/super/pico/pico-sdk/src/common/pico_util/pheap.c.obj
 .debug_aranges
                0x00000000000003c8       0x88 CMakeFiles/IMU.dir/home/super/pico/pico-sdk/src/common/pico_sync/mutex.c.obj
 .debug_aranges
                0x0000000000000450       0x60 CMakeFiles/IMU.dir/home/super/pico/pico-sdk/src/rp2_common/pico_runtime/runtime.c.obj
 .debug_aranges
                0x00000000000004b0       0x70 CMakeFiles/IMU.dir/home/super/pico/pico-sdk/src/rp2_common/hardware_clocks/clocks.c.obj
 .debug_aranges
                0x0000000000000520       0x28 CMakeFiles/IMU.dir/home/super/pico/pico-sdk/src/rp2_common/hardware_pll/pll.c.obj
 .debug_aranges
                0x0000000000000548       0x58 CMakeFiles/IMU.dir/home/super/pico/pico-sdk/src/rp2_common/hardware_watchdog/watchdog.c.obj
 .debug_aranges
                0x00000000000005a0       0x30 CMakeFiles/IMU.dir/home/super/pico/pico-sdk/src/rp2_common/hardware_xosc/xosc.c.obj
 .debug_aranges
                0x00000000000005d0       0x90 CMakeFiles/IMU.dir/home/super/pico/pico-sdk/src/rp2_common/pico_printf/printf.c.obj
 .debug_aranges
                0x0000000000000660       0x68 CMakeFiles/IMU.dir/home/super/pico/pico-sdk/src/rp2_common/pico_bit_ops/bit_ops_aeabi.S.obj
 .debug_aranges
                0x00000000000006c8       0x30 CMakeFiles/IMU.dir/home/super/pico/pico-sdk/src/rp2_common/pico_bootrom/bootrom.c.obj
 .debug_aranges
                0x00000000000006f8       0x40 CMakeFiles/IMU.dir/home/super/pico/pico-sdk/src/rp2_common/pico_divider/divider.S.obj
 .debug_aranges
                0x0000000000000738      0x140 CMakeFiles/IMU.dir/home/super/pico/pico-sdk/src/rp2_common/pico_double/double_aeabi.S.obj
 .debug_aranges
                0x0000000000000878       0x20 CMakeFiles/IMU.dir/home/super/pico/pico-sdk/src/rp2_common/pico_double/double_init_rom.c.obj
 .debug_aranges
                0x0000000000000898       0xc8 CMakeFiles/IMU.dir/home/super/pico/pico-sdk/src/rp2_common/pico_double/double_v1_rom_shim.S.obj
 .debug_aranges
                0x0000000000000960      0x130 CMakeFiles/IMU.dir/home/super/pico/pico-sdk/src/rp2_common/pico_float/float_aeabi.S.obj
 .debug_aranges
                0x0000000000000a90       0x20 CMakeFiles/IMU.dir/home/super/pico/pico-sdk/src/rp2_common/pico_float/float_init_rom.c.obj
 .debug_aranges
                0x0000000000000ab0       0x50 CMakeFiles/IMU.dir/home/super/pico/pico-sdk/src/rp2_common/pico_float/float_v1_rom_shim.S.obj
 .debug_aranges
                0x0000000000000b00       0x38 CMakeFiles/IMU.dir/home/super/pico/pico-sdk/src/rp2_common/pico_mem_ops/mem_ops_aeabi.S.obj
 .debug_aranges
                0x0000000000000b38       0x28 CMakeFiles/IMU.dir/home/super/pico/pico-sdk/src/rp2_common/pico_standard_link/crt0.S.obj
 .debug_aranges
                0x0000000000000b60       0x18 CMakeFiles/IMU.dir/home/super/pico/pico-sdk/src/rp2_common/pico_standard_link/binary_info.c.obj
 .debug_aranges
                0x0000000000000b78       0xd0 CMakeFiles/IMU.dir/home/super/pico/pico-sdk/src/rp2_common/pico_stdio/stdio.c.obj
 .debug_aranges
                0x0000000000000c48       0x30 CMakeFiles/IMU.dir/home/super/pico/pico-sdk/src/rp2_common/pico_unique_id/unique_id.c.obj
 .debug_aranges
                0x0000000000000c78       0x50 CMakeFiles/IMU.dir/home/super/pico/pico-sdk/src/rp2_common/hardware_flash/flash.c.obj
 .debug_aranges
                0x0000000000000cc8       0x78 CMakeFiles/IMU.dir/home/super/pico/pico-sdk/src/rp2_common/hardware_i2c/i2c.c.obj
 .debug_aranges
                0x0000000000000d40       0x20 /usr/lib/gcc/arm-none-eabi/9.2.1/thumb/v6-m/nofp/libgcc.a(_dvmd_tls.o)
 .debug_aranges
                0x0000000000000d60       0x20 /usr/lib/gcc/arm-none-eabi/9.2.1/../../../arm-none-eabi/lib/thumb/v6-m/nofp/libg.a(lib_a-strlen-stub.o)

.debug_ranges   0x0000000000000000     0x2d30
 .debug_ranges  0x0000000000000000       0x28 CMakeFiles/IMU.dir/IMU.cpp.obj
 .debug_ranges  0x0000000000000028       0xd8 CMakeFiles/IMU.dir/home/super/pico/pico-sdk/src/rp2_common/hardware_claim/claim.c.obj
 .debug_ranges  0x0000000000000100       0x18 CMakeFiles/IMU.dir/home/super/pico/pico-sdk/src/rp2_common/pico_platform/platform.c.obj
 .debug_ranges  0x0000000000000118       0xf0 CMakeFiles/IMU.dir/home/super/pico/pico-sdk/src/rp2_common/hardware_sync/sync.c.obj
 .debug_ranges  0x0000000000000208      0x400 CMakeFiles/IMU.dir/home/super/pico/pico-sdk/src/rp2_common/hardware_irq/irq.c.obj