Archive member included to satisfy reference by file (symbol)

/usr/lib/gcc/arm-none-eabi/9.2.1/thumb/v6-m/nofp/libgcc.a(_dvmd_tls.o)
                              CMakeFiles/i2cTest.dir/home/super/pico/pico-sdk/src/rp2_common/pico_divider/divider.S.obj (__aeabi_idiv0)
/usr/lib/gcc/arm-none-eabi/9.2.1/../../../arm-none-eabi/lib/thumb/v6-m/nofp/libg.a(lib_a-atexit.o)
                              /usr/lib/gcc/arm-none-eabi/9.2.1/../../../arm-none-eabi/lib/thumb/v6-m/nofp/crt0.o (atexit)
/usr/lib/gcc/arm-none-eabi/9.2.1/../../../arm-none-eabi/lib/thumb/v6-m/nofp/libg.a(lib_a-calloc.o)
                              CMakeFiles/i2cTest.dir/home/super/pico/pico-sdk/src/rp2_common/pico_malloc/pico_malloc.c.obj (calloc)
/usr/lib/gcc/arm-none-eabi/9.2.1/../../../arm-none-eabi/lib/thumb/v6-m/nofp/libg.a(lib_a-callocr.o)
                              /usr/lib/gcc/arm-none-eabi/9.2.1/../../../arm-none-eabi/lib/thumb/v6-m/nofp/libg.a(lib_a-calloc.o) (_calloc_r)
/usr/lib/gcc/arm-none-eabi/9.2.1/../../../arm-none-eabi/lib/thumb/v6-m/nofp/libg.a(lib_a-ctype_.o)
                              CMakeFiles/i2cTest.dir/home/super/pico/pico-sdk/lib/tinyusb/src/tusb.c.obj (_ctype_)
/usr/lib/gcc/arm-none-eabi/9.2.1/../../../arm-none-eabi/lib/thumb/v6-m/nofp/libg.a(lib_a-fini.o)
                              /usr/lib/gcc/arm-none-eabi/9.2.1/../../../arm-none-eabi/lib/thumb/v6-m/nofp/crt0.o (__libc_fini_array)
/usr/lib/gcc/arm-none-eabi/9.2.1/../../../arm-none-eabi/lib/thumb/v6-m/nofp/libg.a(lib_a-impure.o)
                              /usr/lib/gcc/arm-none-eabi/9.2.1/../../../arm-none-eabi/lib/thumb/v6-m/nofp/libg.a(lib_a-calloc.o) (_impure_ptr)
/usr/lib/gcc/arm-none-eabi/9.2.1/../../../arm-none-eabi/lib/thumb/v6-m/nofp/libg.a(lib_a-init.o)
                              /usr/lib/gcc/arm-none-eabi/9.2.1/../../../arm-none-eabi/lib/thumb/v6-m/nofp/crt0.o (__libc_init_array)
/usr/lib/gcc/arm-none-eabi/9.2.1/../../../arm-none-eabi/lib/thumb/v6-m/nofp/libg.a(lib_a-malloc.o)
                              CMakeFiles/i2cTest.dir/home/super/pico/pico-sdk/src/rp2_common/pico_malloc/pico_malloc.c.obj (malloc)
/usr/lib/gcc/arm-none-eabi/9.2.1/../../../arm-none-eabi/lib/thumb/v6-m/nofp/libg.a(lib_a-mallocr.o)
                              /usr/lib/gcc/arm-none-eabi/9.2.1/../../../arm-none-eabi/lib/thumb/v6-m/nofp/libg.a(lib_a-callocr.o) (_malloc_r)
/usr/lib/gcc/arm-none-eabi/9.2.1/../../../arm-none-eabi/lib/thumb/v6-m/nofp/libg.a(lib_a-mlock.o)
                              /usr/lib/gcc/arm-none-eabi/9.2.1/../../../arm-none-eabi/lib/thumb/v6-m/nofp/libg.a(lib_a-mallocr.o) (__malloc_lock)
/usr/lib/gcc/arm-none-eabi/9.2.1/../../../arm-none-eabi/lib/thumb/v6-m/nofp/libg.a(lib_a-realloc.o)
                              CMakeFiles/i2cTest.dir/home/super/pico/pico-sdk/src/rp2_common/pico_malloc/pico_malloc.c.obj (realloc)
/usr/lib/gcc/arm-none-eabi/9.2.1/../../../arm-none-eabi/lib/thumb/v6-m/nofp/libg.a(lib_a-reallocr.o)
                              /usr/lib/gcc/arm-none-eabi/9.2.1/../../../arm-none-eabi/lib/thumb/v6-m/nofp/libg.a(lib_a-realloc.o) (_realloc_r)
/usr/lib/gcc/arm-none-eabi/9.2.1/../../../arm-none-eabi/lib/thumb/v6-m/nofp/libg.a(lib_a-sbrkr.o)
                              /usr/lib/gcc/arm-none-eabi/9.2.1/../../../arm-none-eabi/lib/thumb/v6-m/nofp/libg.a(lib_a-mallocr.o) (_sbrk_r)
/usr/lib/gcc/arm-none-eabi/9.2.1/../../../arm-none-eabi/lib/thumb/v6-m/nofp/libg.a(lib_a-strlen-stub.o)
                              CMakeFiles/i2cTest.dir/home/super/pico/pico-sdk/src/rp2_common/pico_stdio/stdio.c.obj (strlen)
/usr/lib/gcc/arm-none-eabi/9.2.1/../../../arm-none-eabi/lib/thumb/v6-m/nofp/libg.a(lib_a-__atexit.o)
                              /usr/lib/gcc/arm-none-eabi/9.2.1/../../../arm-none-eabi/lib/thumb/v6-m/nofp/libg.a(lib_a-atexit.o) (__register_exitproc)
/usr/lib/gcc/arm-none-eabi/9.2.1/../../../arm-none-eabi/lib/thumb/v6-m/nofp/libg.a(lib_a-freer.o)
                              /usr/lib/gcc/arm-none-eabi/9.2.1/../../../arm-none-eabi/lib/thumb/v6-m/nofp/libg.a(lib_a-malloc.o) (_free_r)
/usr/lib/gcc/arm-none-eabi/9.2.1/../../../arm-none-eabi/lib/thumb/v6-m/nofp/libg.a(lib_a-memmove.o)
                              /usr/lib/gcc/arm-none-eabi/9.2.1/../../../arm-none-eabi/lib/thumb/v6-m/nofp/libg.a(lib_a-reallocr.o) (memmove)
/usr/lib/gcc/arm-none-eabi/9.2.1/../../../arm-none-eabi/lib/thumb/v6-m/nofp/libg.a(lib_a-reent.o)
                              /usr/lib/gcc/arm-none-eabi/9.2.1/../../../arm-none-eabi/lib/thumb/v6-m/nofp/libg.a(lib_a-sbrkr.o) (errno)

Allocating common symbols
Common symbol       size              file

sf_table            0x100             CMakeFiles/i2cTest.dir/home/super/pico/pico-sdk/src/rp2_common/pico_float/float_init_rom.c.obj
errno               0x4               /usr/lib/gcc/arm-none-eabi/9.2.1/../../../arm-none-eabi/lib/thumb/v6-m/nofp/libg.a(lib_a-reent.o)
_usbd_qdef_buf      0xc0              CMakeFiles/i2cTest.dir/home/super/pico/pico-sdk/lib/tinyusb/src/device/usbd.c.obj
[...]
Memory Configuration

Name             Origin             Length             Attributes
FLASH            0x0000000010000000 0x0000000000200000 xr
RAM              0x0000000020000000 0x0000000000040000 xrw
SCRATCH_X        0x0000000020040000 0x0000000000001000 xrw
SCRATCH_Y        0x0000000020041000 0x0000000000001000 xrw
*default*        0x0000000000000000 0xffffffffffffffff

Linker script and memory map

LOAD /usr/lib/gcc/arm-none-eabi/9.2.1/thumb/v6-m/nofp/crti.o
LOAD /usr/lib/gcc/arm-none-eabi/9.2.1/thumb/v6-m/nofp/crtbegin.o
LOAD /usr/lib/gcc/arm-none-eabi/9.2.1/../../../arm-none-eabi/lib/thumb/v6-m/nofp/crt0.o

.flash_begin    0x0000000010000000        0x0
                0x0000000010000000                __flash_binary_start = .

.boot2          0x0000000010000000      0x100
                0x0000000010000000                __boot2_start__ = .
 *(.boot2)
 .boot2         0x0000000010000000      0x100 /tmp/cc9YLhuD.o
                0x0000000010000100                __boot2_end__ = .
                0x0000000000000001                ASSERT (((__boot2_end__ - __boot2_start__) == 0x100), ERROR: Pico second stage bootloader must be 256 bytes in size)

.text           0x0000000010000100     0x7758
                0x0000000010000100                __logical_binary_start = .
 *(.vectors)
 .vectors       0x0000000010000100       0xd4 CMakeFiles/i2cTest.dir/home/super/pico/pico-sdk/src/rp2_common/pico_standard_link/crt0.S.obj
                0x0000000010000100                __vectors
                0x0000000010000100                __VECTOR_TABLE
                0x00000000100001c0                isr_invalid
                0x00000000100001c0                __default_isrs_start
                0x00000000100001c2                isr_nmi
                0x00000000100001c4                isr_hardfault
                0x00000000100001c6                isr_svcall
                0x00000000100001c8                isr_pendsv
                0x00000000100001ca                isr_systick
                0x00000000100001cc                isr_irq30
                0x00000000100001cc                __unhandled_user_irq
                0x00000000100001cc                isr_irq13
                0x00000000100001cc                isr_irq27
                0x00000000100001cc                isr_irq31
                0x00000000100001cc                isr_irq5
                0x00000000100001cc                isr_irq11
                0x00000000100001cc                isr_irq23
                0x00000000100001cc                isr_irq18
                0x00000000100001cc                isr_irq28
                0x00000000100001cc                isr_irq19
                0x00000000100001cc                isr_irq0
                0x00000000100001cc                isr_irq6
                0x00000000100001cc                isr_irq22
                0x00000000100001cc                isr_irq17
                0x00000000100001cc                isr_irq14
                0x00000000100001cc                isr_irq2
                0x00000000100001cc                isr_irq10
                0x00000000100001cc                isr_irq8
                0x00000000100001cc                isr_irq24
                0x00000000100001cc                isr_irq1
                0x00000000100001cc                isr_irq7
                0x00000000100001cc                isr_irq21
                0x00000000100001cc                isr_irq20
                0x00000000100001cc                isr_irq15
                0x00000000100001cc                isr_irq25
                0x00000000100001cc                isr_irq4
                0x00000000100001cc                isr_irq16
                0x00000000100001cc                isr_irq29
                0x00000000100001cc                isr_irq26
                0x00000000100001cc                __default_isrs_end
                0x00000000100001cc                isr_irq3
                0x00000000100001cc                isr_irq12
                0x00000000100001cc                isr_irq9
                0x00000000100001d2                unhandled_user_irq_num_in_r0
 *(.binary_info_header)
 .binary_info_header
                0x00000000100001d4       0x14 CMakeFiles/i2cTest.dir/home/super/pico/pico-sdk/src/rp2_common/pico_standard_link/crt0.S.obj
                0x00000000100001e8                __binary_info_header_end = .
 *(.reset)
 .reset         0x00000000100001e8       0xa8 CMakeFiles/i2cTest.dir/home/super/pico/pico-sdk/src/rp2_common/pico_standard_link/crt0.S.obj
                0x00000000100001e8                _entry_point
                0x0000000010000266                __get_current_exception
 .reset         0x0000000010000290       0x30 CMakeFiles/i2cTest.dir/home/super/pico/pico-sdk/src/rp2_common/pico_standard_link/binary_info.c.obj
 *(.init)
 .init          0x00000000100002c0        0x4 /usr/lib/gcc/arm-none-eabi/9.2.1/thumb/v6-m/nofp/crti.o
                0x00000000100002c0                _init
 *(EXCLUDE_FILE(*libm.a: *libc.a:*lib_a-mem*.o *libgcc.a:) .text*)
 .text          0x00000000100002c4       0x98 /usr/lib/gcc/arm-none-eabi/9.2.1/thumb/v6-m/nofp/crtbegin.o
 .text.reserved_addr
                0x000000001000035c       0x1a CMakeFiles/i2cTest.dir/i2cTest.c.obj
                0x000000001000035c                reserved_addr
 *fill*         0x0000000010000376        0x2 
 .text.main     0x0000000010000378       0x90 CMakeFiles/i2cTest.dir/i2cTest.c.obj
                0x0000000010000378                main
 .text.gpio_set_function
                0x0000000010000408       0x30 CMakeFiles/i2cTest.dir/home/super/pico/pico-sdk/src/rp2_common/hardware_gpio/gpio.c.obj
                0x0000000010000408                gpio_set_function
 .text.gpio_set_pulls
                0x0000000010000438       0x34 CMakeFiles/i2cTest.dir/home/super/pico/pico-sdk/src/rp2_common/hardware_gpio/gpio.c.obj
                0x0000000010000438                gpio_set_pulls
 .text.hw_claim_lock
                0x000000001000046c       0x18 CMakeFiles/i2cTest.dir/home/super/pico/pico-sdk/src/rp2_common/hardware_claim/claim.c.obj
                0x000000001000046c                hw_claim_lock
 .text.hw_claim_unlock
                0x0000000010000484       0x14 CMakeFiles/i2cTest.dir/home/super/pico/pico-sdk/src/rp2_common/hardware_claim/claim.c.obj
                0x0000000010000484                hw_claim_unlock
 .text.hw_claim_or_assert
                0x0000000010000498       0x32 CMakeFiles/i2cTest.dir/home/super/pico/pico-sdk/src/rp2_common/hardware_claim/claim.c.obj
                0x0000000010000498                hw_claim_or_assert
 .text.hw_claim_unused_from_range
                0x00000000100004ca       0x50 CMakeFiles/i2cTest.dir/home/super/pico/pico-sdk/src/rp2_common/hardware_claim/claim.c.obj
                0x00000000100004ca                hw_claim_unused_from_range
 *fill*         0x000000001000051a        0x2 
 .text.running_on_fpga
                0x000000001000051c       0x14 CMakeFiles/i2cTest.dir/home/super/pico/pico-sdk/src/rp2_common/pico_platform/platform.c.obj
                0x000000001000051c                running_on_fpga
 .text.spin_locks_reset
                0x0000000010000530       0x20 CMakeFiles/i2cTest.dir/home/super/pico/pico-sdk/src/rp2_common/hardware_sync/sync.c.obj
                0x0000000010000530                spin_locks_reset
 .text.next_striped_spin_lock_num
                0x0000000010000550       0x1c CMakeFiles/i2cTest.dir/home/super/pico/pico-sdk/src/rp2_common/hardware_sync/sync.c.obj
                0x0000000010000550                next_striped_spin_lock_num
 .text.spin_lock_claim_unused
                0x000000001000056c       0x20 CMakeFiles/i2cTest.dir/home/super/pico/pico-sdk/src/rp2_common/hardware_sync/sync.c.obj
                0x000000001000056c                spin_lock_claim_unused
 .text.set_raw_irq_handler_and_unlock
                0x000000001000058c       0x28 CMakeFiles/i2cTest.dir/home/super/pico/pico-sdk/src/rp2_common/hardware_irq/irq.c.obj
 .text.make_branch
                0x00000000100005b4       0x48 CMakeFiles/i2cTest.dir/home/super/pico/pico-sdk/src/rp2_common/hardware_irq/irq.c.obj
 .text.insert_branch_and_link
                0x00000000100005fc       0x40 CMakeFiles/i2cTest.dir/home/super/pico/pico-sdk/src/rp2_common/hardware_irq/irq.c.obj
 .text.irq_is_enabled
                0x000000001000063c       0x18 CMakeFiles/i2cTest.dir/home/super/pico/pico-sdk/src/rp2_common/hardware_irq/irq.c.obj
                0x000000001000063c                irq_is_enabled
 .text.irq_set_mask_enabled
                0x0000000010000654       0x20 CMakeFiles/i2cTest.dir/home/super/pico/pico-sdk/src/rp2_common/hardware_irq/irq.c.obj
                0x0000000010000654                irq_set_mask_enabled
 .text.irq_set_enabled
                0x0000000010000674        0xe CMakeFiles/i2cTest.dir/home/super/pico/pico-sdk/src/rp2_common/hardware_irq/irq.c.obj
                0x0000000010000674                irq_set_enabled
 *fill*         0x0000000010000682        0x2 
 .text.irq_set_pending
                0x0000000010000684       0x10 CMakeFiles/i2cTest.dir/home/super/pico/pico-sdk/src/rp2_common/hardware_irq/irq.c.obj
                0x0000000010000684                irq_set_pending
 .text.irq_get_vtable_handler
                0x0000000010000694       0x10 CMakeFiles/i2cTest.dir/home/super/pico/pico-sdk/src/rp2_common/hardware_irq/irq.c.obj
                0x0000000010000694                irq_get_vtable_handler
 .text.irq_has_shared_handler
                0x00000000100006a4       0x24 CMakeFiles/i2cTest.dir/home/super/pico/pico-sdk/src/rp2_common/hardware_irq/irq.c.obj
                0x00000000100006a4                irq_has_shared_handler
 .text.irq_set_exclusive_handler
                0x00000000100006c8       0x54 CMakeFiles/i2cTest.dir/home/super/pico/pico-sdk/src/rp2_common/hardware_irq/irq.c.obj
                0x00000000100006c8                irq_set_exclusive_handler
 .text.irq_add_shared_handler
                0x000000001000071c      0x230 CMakeFiles/i2cTest.dir/home/super/pico/pico-sdk/src/rp2_common/hardware_irq/irq.c.obj
                0x000000001000071c                irq_add_shared_handler
 .text.irq_remove_handler
                0x000000001000094c      0x1a8 CMakeFiles/i2cTest.dir/home/super/pico/pico-sdk/src/rp2_common/hardware_irq/irq.c.obj
                0x000000001000094c                irq_remove_handler
 .text.irq_add_tail_to_free_list
                0x0000000010000af4       0xf0 CMakeFiles/i2cTest.dir/home/super/pico/pico-sdk/src/rp2_common/hardware_irq/irq.c.obj
                0x0000000010000af4                irq_add_tail_to_free_list
 .text.irq_init_priorities
                0x0000000010000be4       0x1c CMakeFiles/i2cTest.dir/home/super/pico/pico-sdk/src/rp2_common/hardware_irq/irq.c.obj
                0x0000000010000be4                irq_init_priorities
 .text.user_irq_claim_unused
                0x0000000010000c00       0x30 CMakeFiles/i2cTest.dir/home/super/pico/pico-sdk/src/rp2_common/hardware_irq/irq.c.obj
                0x0000000010000c00                user_irq_claim_unused
 .text.lock_init
                0x0000000010000c30       0x10 CMakeFiles/i2cTest.dir/home/super/pico/pico-sdk/src/common/pico_sync/lock_core.c.obj
                0x0000000010000c30                lock_init
 .text.alarm_pool_post_alloc_init
                0x0000000010000c40       0x40 CMakeFiles/i2cTest.dir/home/super/pico/pico-sdk/src/common/pico_time/time.c.obj
 .text.sleep_until_callback
                0x0000000010000c80       0x30 CMakeFiles/i2cTest.dir/home/super/pico/pico-sdk/src/common/pico_time/time.c.obj
 .text.timer_pool_entry_comparator
                0x0000000010000cb0       0x7c CMakeFiles/i2cTest.dir/home/super/pico/pico-sdk/src/common/pico_time/time.c.obj
                0x0000000010000cb0                timer_pool_entry_comparator
 .text.ph_add_child_node
                0x0000000010000d2c       0xa4 CMakeFiles/i2cTest.dir/home/super/pico/pico-sdk/src/common/pico_time/time.c.obj
 .text.ph_merge_nodes
                0x0000000010000dd0       0x3e CMakeFiles/i2cTest.dir/home/super/pico/pico-sdk/src/common/pico_time/time.c.obj
 *fill*         0x0000000010000e0e        0x2 
 .text.add_alarm_under_lock
                0x0000000010000e10      0x174 CMakeFiles/i2cTest.dir/home/super/pico/pico-sdk/src/common/pico_time/time.c.obj
 .text.alarm_pool_alarm_callback
                0x0000000010000f84      0x32c CMakeFiles/i2cTest.dir/home/super/pico/pico-sdk/src/common/pico_time/time.c.obj
 .text.alarm_pool_init_default
                0x00000000100012b0       0x38 CMakeFiles/i2cTest.dir/home/super/pico/pico-sdk/src/common/pico_time/time.c.obj
                0x00000000100012b0                alarm_pool_init_default
 .text.alarm_pool_get_default
                0x00000000100012e8       0x2c CMakeFiles/i2cTest.dir/home/super/pico/pico-sdk/src/common/pico_time/time.c.obj
                0x00000000100012e8                alarm_pool_get_default
 .text.alarm_pool_add_alarm_at
                0x0000000010001314      0x170 CMakeFiles/i2cTest.dir/home/super/pico/pico-sdk/src/common/pico_time/time.c.obj
                0x0000000010001314                alarm_pool_add_alarm_at
 .text.alarm_pool_cancel_alarm
                0x0000000010001484       0xf0 CMakeFiles/i2cTest.dir/home/super/pico/pico-sdk/src/common/pico_time/time.c.obj
                0x0000000010001484                alarm_pool_cancel_alarm
 .text.sleep_until
                0x0000000010001574       0xfc CMakeFiles/i2cTest.dir/home/super/pico/pico-sdk/src/common/pico_time/time.c.obj
                0x0000000010001574                sleep_until
 .text.sleep_us
                0x0000000010001670       0x58 CMakeFiles/i2cTest.dir/home/super/pico/pico-sdk/src/common/pico_time/time.c.obj
                0x0000000010001670                sleep_us
 .text.sleep_ms
                0x00000000100016c8       0x14 CMakeFiles/i2cTest.dir/home/super/pico/pico-sdk/src/common/pico_time/time.c.obj
                0x00000000100016c8                sleep_ms
 .text.best_effort_wfe_or_timeout
                0x00000000100016dc       0x80 CMakeFiles/i2cTest.dir/home/super/pico/pico-sdk/src/common/pico_time/time.c.obj
                0x00000000100016dc                best_effort_wfe_or_timeout
 .text.hardware_alarm_irq_handler
                0x000000001000175c       0x8c CMakeFiles/i2cTest.dir/home/super/pico/pico-sdk/src/rp2_common/hardware_timer/timer.c.obj
 .text.hardware_alarm_claim
                0x00000000100017e8       0x18 CMakeFiles/i2cTest.dir/home/super/pico/pico-sdk/src/rp2_common/hardware_timer/timer.c.obj
                0x00000000100017e8                hardware_alarm_claim
 .text.time_us_64
                0x0000000010001800       0x18 CMakeFiles/i2cTest.dir/home/super/pico/pico-sdk/src/rp2_common/hardware_timer/timer.c.obj
                0x0000000010001800                time_us_64
 .text.busy_wait_until
                0x0000000010001818       0x24 CMakeFiles/i2cTest.dir/home/super/pico/pico-sdk/src/rp2_common/hardware_timer/timer.c.obj
                0x0000000010001818                busy_wait_until
 .text.hardware_alarm_set_callback
                0x000000001000183c       0x90 CMakeFiles/i2cTest.dir/home/super/pico/pico-sdk/src/rp2_common/hardware_timer/timer.c.obj
                0x000000001000183c                hardware_alarm_set_callback
 .text.hardware_alarm_set_target
                0x00000000100018cc       0xe8 CMakeFiles/i2cTest.dir/home/super/pico/pico-sdk/src/rp2_common/hardware_timer/timer.c.obj
                0x00000000100018cc                hardware_alarm_set_target
 .text.hardware_alarm_cancel
                0x00000000100019b4       0x40 CMakeFiles/i2cTest.dir/home/super/pico/pico-sdk/src/rp2_common/hardware_timer/timer.c.obj
                0x00000000100019b4                hardware_alarm_cancel
 .text.ph_add_child_node
                0x00000000100019f4       0xa4 CMakeFiles/i2cTest.dir/home/super/pico/pico-sdk/src/common/pico_util/pheap.c.obj
 .text.ph_merge_nodes
                0x0000000010001a98       0x3e CMakeFiles/i2cTest.dir/home/super/pico/pico-sdk/src/common/pico_util/pheap.c.obj
 *fill*         0x0000000010001ad6        0x2 
 .text.ph_clear
                0x0000000010001ad8       0x70 CMakeFiles/i2cTest.dir/home/super/pico/pico-sdk/src/common/pico_util/pheap.c.obj
                0x0000000010001ad8                ph_clear
 .text.ph_post_alloc_init
                0x0000000010001b48        0xe CMakeFiles/i2cTest.dir/home/super/pico/pico-sdk/src/common/pico_util/pheap.c.obj
                0x0000000010001b48                ph_post_alloc_init
 *fill*         0x0000000010001b56        0x2 
 .text.ph_merge_two_pass
                0x0000000010001b58       0xa8 CMakeFiles/i2cTest.dir/home/super/pico/pico-sdk/src/common/pico_util/pheap.c.obj
                0x0000000010001b58                ph_merge_two_pass
 .text.ph_remove_any_head
                0x0000000010001c00      0x108 CMakeFiles/i2cTest.dir/home/super/pico/pico-sdk/src/common/pico_util/pheap.c.obj
 .text.ph_remove_head
                0x0000000010001d08       0x14 CMakeFiles/i2cTest.dir/home/super/pico/pico-sdk/src/common/pico_util/pheap.c.obj
                0x0000000010001d08                ph_remove_head
 .text.ph_remove_and_free_node
                0x0000000010001d1c       0xf8 CMakeFiles/i2cTest.dir/home/super/pico/pico-sdk/src/common/pico_util/pheap.c.obj
                0x0000000010001d1c                ph_remove_and_free_node
 .text.mutex_init
                0x0000000010001e14       0x1a CMakeFiles/i2cTest.dir/home/super/pico/pico-sdk/src/common/pico_sync/mutex.c.obj
                0x0000000010001e14                mutex_init
 .text.recursive_mutex_init
                0x0000000010001e2e       0x1e CMakeFiles/i2cTest.dir/home/super/pico/pico-sdk/src/common/pico_sync/mutex.c.obj
                0x0000000010001e2e                recursive_mutex_init
 .text.critical_section_init_with_lock_num
                0x0000000010001e4c       0x14 CMakeFiles/i2cTest.dir/home/super/pico/pico-sdk/src/common/pico_sync/critical_section.c.obj
                0x0000000010001e4c                critical_section_init_with_lock_num
 .text.critical_section_init
                0x0000000010001e60       0x14 CMakeFiles/i2cTest.dir/home/super/pico/pico-sdk/src/common/pico_sync/critical_section.c.obj
                0x0000000010001e60                critical_section_init
 .text.uart_set_baudrate
                0x0000000010001e74       0x5c CMakeFiles/i2cTest.dir/home/super/pico/pico-sdk/src/rp2_common/hardware_uart/uart.c.obj
                0x0000000010001e74                uart_set_baudrate
 .text.uart_set_translate_crlf
                0x0000000010001ed0       0x28 CMakeFiles/i2cTest.dir/home/super/pico/pico-sdk/src/rp2_common/hardware_uart/uart.c.obj
                0x0000000010001ed0                uart_set_translate_crlf
 .text.uart_init
                0x0000000010001ef8       0x80 CMakeFiles/i2cTest.dir/home/super/pico/pico-sdk/src/rp2_common/hardware_uart/uart.c.obj
                0x0000000010001ef8                uart_init
 .text._exit    0x0000000010001f78        0x4 CMakeFiles/i2cTest.dir/home/super/pico/pico-sdk/src/rp2_common/pico_runtime/runtime.c.obj
                0x0000000010001f78                _exit
 .text.exit     0x0000000010001f7c        0x6 CMakeFiles/i2cTest.dir/home/super/pico/pico-sdk/src/rp2_common/pico_runtime/runtime.c.obj
                0x0000000010001f7c                exit
 *fill*         0x0000000010001f82        0x2 
 .text.__assert_func
                0x0000000010001f84       0x3c CMakeFiles/i2cTest.dir/home/super/pico/pico-sdk/src/rp2_common/pico_runtime/runtime.c.obj
                0x0000000010001f84                __assert_func
 .text.runtime_init
                0x0000000010001fc0       0xf8 CMakeFiles/i2cTest.dir/home/super/pico/pico-sdk/src/rp2_common/pico_runtime/runtime.c.obj
                0x0000000010001fc0                runtime_init
 .text.panic    0x00000000100020b8       0x30 CMakeFiles/i2cTest.dir/home/super/pico/pico-sdk/src/rp2_common/pico_runtime/runtime.c.obj
                0x00000000100020b8                panic
 .text.clock_configure
                0x00000000100020e8      0x104 CMakeFiles/i2cTest.dir/home/super/pico/pico-sdk/src/rp2_common/hardware_clocks/clocks.c.obj
                0x00000000100020e8                clock_configure
 .text.clocks_init
                0x00000000100021ec      0x100 CMakeFiles/i2cTest.dir/home/super/pico/pico-sdk/src/rp2_common/hardware_clocks/clocks.c.obj
                0x00000000100021ec                clocks_init
 .text.clock_get_hz
                0x00000000100022ec        0xc CMakeFiles/i2cTest.dir/home/super/pico/pico-sdk/src/rp2_common/hardware_clocks/clocks.c.obj
                0x00000000100022ec                clock_get_hz
 .text.pll_init
                0x00000000100022f8      0x140 CMakeFiles/i2cTest.dir/home/super/pico/pico-sdk/src/rp2_common/hardware_pll/pll.c.obj
                0x00000000100022f8                pll_init
 .text.watchdog_start_tick
                0x0000000010002438       0x10 CMakeFiles/i2cTest.dir/home/super/pico/pico-sdk/src/rp2_common/hardware_watchdog/watchdog.c.obj
                0x0000000010002438                watchdog_start_tick
 .text.watchdog_update
                0x0000000010002448       0x14 CMakeFiles/i2cTest.dir/home/super/pico/pico-sdk/src/rp2_common/hardware_watchdog/watchdog.c.obj
                0x0000000010002448                watchdog_update
 .text._watchdog_enable
                0x000000001000245c       0x78 CMakeFiles/i2cTest.dir/home/super/pico/pico-sdk/src/rp2_common/hardware_watchdog/watchdog.c.obj
                0x000000001000245c                _watchdog_enable
 .text.watchdog_reboot
                0x00000000100024d4       0x48 CMakeFiles/i2cTest.dir/home/super/pico/pico-sdk/src/rp2_common/hardware_watchdog/watchdog.c.obj
                0x00000000100024d4                watchdog_reboot
 .text.xosc_init
                0x000000001000251c       0x28 CMakeFiles/i2cTest.dir/home/super/pico/pico-sdk/src/rp2_common/hardware_xosc/xosc.c.obj
                0x000000001000251c                xosc_init
 .text._out_null
                0x0000000010002544        0x2 CMakeFiles/i2cTest.dir/home/super/pico/pico-sdk/src/rp2_common/pico_printf/printf.c.obj
 .text._out_fct
                0x0000000010002546        0xe CMakeFiles/i2cTest.dir/home/super/pico/pico-sdk/src/rp2_common/pico_printf/printf.c.obj
 .text._atoi    0x0000000010002554       0x24 CMakeFiles/i2cTest.dir/home/super/pico/pico-sdk/src/rp2_common/pico_printf/printf.c.obj
 .text._out_rev
                0x0000000010002578       0xae CMakeFiles/i2cTest.dir/home/super/pico/pico-sdk/src/rp2_common/pico_printf/printf.c.obj
 .text._ntoa_format
                0x0000000010002626      0x110 CMakeFiles/i2cTest.dir/home/super/pico/pico-sdk/src/rp2_common/pico_printf/printf.c.obj
 .text._ntoa_long
                0x0000000010002736       0xbc CMakeFiles/i2cTest.dir/home/super/pico/pico-sdk/src/rp2_common/pico_printf/printf.c.obj
 .text._ntoa_long_long
                0x00000000100027f2       0xe2 CMakeFiles/i2cTest.dir/home/super/pico/pico-sdk/src/rp2_common/pico_printf/printf.c.obj
 .text._etoa    0x00000000100028d4      0x40c CMakeFiles/i2cTest.dir/home/super/pico/pico-sdk/src/rp2_common/pico_printf/printf.c.obj
 .text._ftoa    0x0000000010002ce0      0x354 CMakeFiles/i2cTest.dir/home/super/pico/pico-sdk/src/rp2_common/pico_printf/printf.c.obj
 .text._vsnprintf
                0x0000000010003034      0x628 CMakeFiles/i2cTest.dir/home/super/pico/pico-sdk/src/rp2_common/pico_printf/printf.c.obj
 .text.vfctprintf
                0x000000001000365c       0x20 CMakeFiles/i2cTest.dir/home/super/pico/pico-sdk/src/rp2_common/pico_printf/printf.c.obj
                0x000000001000365c                vfctprintf
 .text          0x000000001000367c       0x10 CMakeFiles/i2cTest.dir/home/super/pico/pico-sdk/src/rp2_common/pico_bit_ops/bit_ops_aeabi.S.obj
 .text.rom_func_lookup
                0x000000001000368c       0x10 CMakeFiles/i2cTest.dir/home/super/pico/pico-sdk/src/rp2_common/pico_bootrom/bootrom.c.obj
                0x000000001000368c                rom_func_lookup
 .text.rom_data_lookup
                0x000000001000369c       0x10 CMakeFiles/i2cTest.dir/home/super/pico/pico-sdk/src/rp2_common/pico_bootrom/bootrom.c.obj
                0x000000001000369c                rom_data_lookup
 .text.rom_funcs_lookup
                0x00000000100036ac       0x36 CMakeFiles/i2cTest.dir/home/super/pico/pico-sdk/src/rp2_common/pico_bootrom/bootrom.c.obj
                0x00000000100036ac                rom_funcs_lookup
 *fill*         0x00000000100036e2        0x2 
 .text.__wrap___aeabi_idiv
                0x00000000100036e4       0x50 CMakeFiles/i2cTest.dir/home/super/pico/pico-sdk/src/rp2_common/pico_divider/divider.S.obj
                0x00000000100036e4                __wrap___aeabi_idivmod
                0x00000000100036e4                divmod_s32s32
                0x00000000100036e4                div_s32s32
                0x00000000100036e4                __wrap___aeabi_idiv
                0x00000000100036ec                divmod_s32s32_unsafe
                0x0000000010003718                divmod_s32s32_savestate
 .text.__wrap___aeabi_uidiv
                0x0000000010003734       0x4c CMakeFiles/i2cTest.dir/home/super/pico/pico-sdk/src/rp2_common/pico_divider/divider.S.obj
                0x0000000010003734                __wrap___aeabi_uidiv
                0x0000000010003734                __wrap___aeabi_uidivmod
                0x0000000010003734                div_u32u32
                0x0000000010003734                divmod_u32u32
                0x000000001000373c                divmod_u32u32_unsafe
                0x0000000010003764                divmod_u32u32_savestate
 .text.__wrap___aeabi_ldiv
                0x0000000010003780      0x434 CMakeFiles/i2cTest.dir/home/super/pico/pico-sdk/src/rp2_common/pico_divider/divider.S.obj
                0x0000000010003780                div_s64s64
                0x0000000010003780                divmod_s64s64
                0x0000000010003780                __wrap___aeabi_ldivmod
                0x00000000100037b8                div_u64u64
                0x00000000100037b8                divmod_u64u64
                0x00000000100037b8                __wrap___aeabi_uldivmod
                0x00000000100037c8                divmod_u64u64_savestate
                0x00000000100037f0                divmod_s64s64_unsafe
                0x0000000010003878                divmod_u64u64_unsafe
 .text.__wrap___aeabi_darithmetic
                0x0000000010003bb4       0x80 CMakeFiles/i2cTest.dir/home/super/pico/pico-sdk/src/rp2_common/pico_double/double_aeabi.S.obj
                0x0000000010003bb4                __wrap___aeabi_drsub
                0x0000000010003bba                __wrap___aeabi_dsub
                0x0000000010003bcc                __wrap___aeabi_dadd
                0x0000000010003bde                __wrap___aeabi_ddiv
                0x0000000010003c1a                __wrap___aeabi_dmul
 .text.__wrap___aeabi_cdcmple
                0x0000000010003c34       0x6c CMakeFiles/i2cTest.dir/home/super/pico/pico-sdk/src/rp2_common/pico_double/double_aeabi.S.obj
                0x0000000010003c34                __wrap___aeabi_cdrcmple
                0x0000000010003c44                __wrap___aeabi_cdcmple
                0x0000000010003c44                __wrap___aeabi_cdcmpeq
 .text.__wrap___aeabi_dcmplt
                0x0000000010003ca0        0xc CMakeFiles/i2cTest.dir/home/super/pico/pico-sdk/src/rp2_common/pico_double/double_aeabi.S.obj
                0x0000000010003ca0                __wrap___aeabi_dcmplt
 .text.__wrap___aeabi_dcmple
                0x0000000010003cac       0x10 CMakeFiles/i2cTest.dir/home/super/pico/pico-sdk/src/rp2_common/pico_double/double_aeabi.S.obj
                0x0000000010003cac                __wrap___aeabi_dcmple
 .text.__wrap___aeabi_dcmpge
                0x0000000010003cbc       0x10 CMakeFiles/i2cTest.dir/home/super/pico/pico-sdk/src/rp2_common/pico_double/double_aeabi.S.obj
                0x0000000010003cbc                __wrap___aeabi_dcmpge
 .text.__wrap___aeabi_dcmpgt
                0x0000000010003ccc        0xa CMakeFiles/i2cTest.dir/home/super/pico/pico-sdk/src/rp2_common/pico_double/double_aeabi.S.obj
                0x0000000010003ccc                __wrap___aeabi_dcmpgt
 .text.__wrap___aeabi_dcmpun
                0x0000000010003cd6       0x1c CMakeFiles/i2cTest.dir/home/super/pico/pico-sdk/src/rp2_common/pico_double/double_aeabi.S.obj
                0x0000000010003cd6                __wrap___aeabi_dcmpun
 *fill*         0x0000000010003cf2        0x2 
 .text.__wrap___aeabi_i2d
                0x0000000010003cf4       0x38 CMakeFiles/i2cTest.dir/home/super/pico/pico-sdk/src/rp2_common/pico_double/double_aeabi.S.obj
                0x0000000010003cf4                __wrap___aeabi_ui2d
                0x0000000010003cfc                __wrap___aeabi_i2d
 .text.__wrap___aeabi_d2iz
                0x0000000010003d2c       0x48 CMakeFiles/i2cTest.dir/home/super/pico/pico-sdk/src/rp2_common/pico_double/double_aeabi.S.obj
                0x0000000010003d2c                __wrap___aeabi_d2iz
                0x0000000010003d2c                double2int_z
 .text.__wrap___aeabi_d2uiz
                0x0000000010003d74       0x18 CMakeFiles/i2cTest.dir/home/super/pico/pico-sdk/src/rp2_common/pico_double/double_aeabi.S.obj
                0x0000000010003d74                double2uint
                0x0000000010003d74                __wrap___aeabi_d2uiz
 .text.__aeabi_double_init
                0x0000000010003d8c       0xc8 CMakeFiles/i2cTest.dir/home/super/pico/pico-sdk/src/rp2_common/pico_double/double_init_rom.c.obj
                0x0000000010003d8c                __aeabi_double_init
 .text.double_table_shim_on_use_helper
                0x0000000010003e54       0x34 CMakeFiles/i2cTest.dir/home/super/pico/pico-sdk/src/rp2_common/pico_double/double_v1_rom_shim.S.obj
                0x0000000010003e54                double_table_shim_on_use_helper
 .text.__wrap___aeabi_dsub
                0x0000000010003e88       0x10 CMakeFiles/i2cTest.dir/home/super/pico/pico-sdk/src/rp2_common/pico_double/double_v1_rom_shim.S.obj
                0x0000000010003e88                drsub_shim
                0x0000000010003e8e                dsub_shim
 .text.dadd_shim
                0x0000000010003e98      0x15c CMakeFiles/i2cTest.dir/home/super/pico/pico-sdk/src/rp2_common/pico_double/double_v1_rom_shim.S.obj
                0x0000000010003e98                dadd_shim
 .text.dmul_shim
                0x0000000010003ff4      0x15c CMakeFiles/i2cTest.dir/home/super/pico/pico-sdk/src/rp2_common/pico_double/double_v1_rom_shim.S.obj
                0x0000000010003ff4                dmul_shim
 .text.ddiv_shim
                0x0000000010004150      0x1b0 CMakeFiles/i2cTest.dir/home/super/pico/pico-sdk/src/rp2_common/pico_double/double_v1_rom_shim.S.obj
                0x0000000010004150                ddiv_shim
 .text.double2uint_shim
                0x0000000010004300        0xe CMakeFiles/i2cTest.dir/home/super/pico/pico-sdk/src/rp2_common/pico_double/double_v1_rom_shim.S.obj
                0x0000000010004300                double2uint_shim
                0x0000000010004302                double2ufix_shim
 *fill*         0x000000001000430e        0x2 
 .text.double2uint64_shim
                0x0000000010004310       0x70 CMakeFiles/i2cTest.dir/home/super/pico/pico-sdk/src/rp2_common/pico_double/double_v1_rom_shim.S.obj
                0x0000000010004310                double2uint64_shim
                0x0000000010004312                double2ufix64_shim
                0x0000000010004332                d2fix_a
 .text.dunpacks
                0x0000000010004380       0x3c CMakeFiles/i2cTest.dir/home/super/pico/pico-sdk/src/rp2_common/pico_double/double_v1_rom_shim.S.obj
                0x0000000010004380                dunpacks
 .text.__aeabi_lmul
                0x00000000100043bc       0x32 CMakeFiles/i2cTest.dir/home/super/pico/pico-sdk/src/rp2_common/pico_int64_ops/pico_int64_ops_aeabi.S.obj
                0x00000000100043bc                __wrap___aeabi_lmul
 *fill*         0x00000000100043ee        0x2 
 .text.__aeabi_float_init
                0x00000000100043f0       0xfc CMakeFiles/i2cTest.dir/home/super/pico/pico-sdk/src/rp2_common/pico_float/float_init_rom.c.obj
                0x00000000100043f0                __aeabi_float_init
 .text.float_table_shim_on_use_helper
                0x00000000100044ec       0x34 CMakeFiles/i2cTest.dir/home/super/pico/pico-sdk/src/rp2_common/pico_float/float_v1_rom_shim.S.obj
                0x00000000100044ec                float_table_shim_on_use_helper
 .text          0x0000000010004520       0x10 CMakeFiles/i2cTest.dir/home/super/pico/pico-sdk/src/rp2_common/pico_mem_ops/mem_ops_aeabi.S.obj
                0x0000000010004520                __aeabi_mem_init
 .text.memset   0x0000000010004530        0xc CMakeFiles/i2cTest.dir/home/super/pico/pico-sdk/src/rp2_common/pico_mem_ops/mem_ops_aeabi.S.obj
                0x0000000010004530                __wrap_memset
 .text.memcpy   0x000000001000453c        0xc CMakeFiles/i2cTest.dir/home/super/pico/pico-sdk/src/rp2_common/pico_mem_ops/mem_ops_aeabi.S.obj
                0x000000001000453c                __wrap___aeabi_memcpy
                0x000000001000453c                __wrap_memcpy
 .text.stdio_out_chars_no_crlf
                0x0000000010004548        0xe CMakeFiles/i2cTest.dir/home/super/pico/pico-sdk/src/rp2_common/pico_stdio/stdio.c.obj
 *fill*         0x0000000010004556        0x2 
 .text.stdio_out_chars_crlf
                0x0000000010004558       0x80 CMakeFiles/i2cTest.dir/home/super/pico/pico-sdk/src/rp2_common/pico_stdio/stdio.c.obj
 .text.stdio_stack_buffer_flush
                0x00000000100045d8       0x44 CMakeFiles/i2cTest.dir/home/super/pico/pico-sdk/src/rp2_common/pico_stdio/stdio.c.obj
 .text.stdio_buffered_printer
                0x000000001000461c       0x20 CMakeFiles/i2cTest.dir/home/super/pico/pico-sdk/src/rp2_common/pico_stdio/stdio.c.obj
 .text.stdout_serialize_begin
                0x000000001000463c       0x30 CMakeFiles/i2cTest.dir/home/super/pico/pico-sdk/src/rp2_common/pico_stdio/stdio.c.obj
                0x000000001000463c                stdout_serialize_begin
 .text.stdout_serialize_end
                0x000000001000466c       0x10 CMakeFiles/i2cTest.dir/home/super/pico/pico-sdk/src/rp2_common/pico_stdio/stdio.c.obj
                0x000000001000466c                stdout_serialize_end
 .text.stdio_put_string
                0x000000001000467c       0x98 CMakeFiles/i2cTest.dir/home/super/pico/pico-sdk/src/rp2_common/pico_stdio/stdio.c.obj
 .text.stdio_set_driver_enabled
                0x0000000010004714       0x2c CMakeFiles/i2cTest.dir/home/super/pico/pico-sdk/src/rp2_common/pico_stdio/stdio.c.obj
                0x0000000010004714                stdio_set_driver_enabled
 .text.stdio_flush
                0x0000000010004740       0x20 CMakeFiles/i2cTest.dir/home/super/pico/pico-sdk/src/rp2_common/pico_stdio/stdio.c.obj
                0x0000000010004740                stdio_flush
 .text.__wrap_puts
                0x0000000010004760       0x1e CMakeFiles/i2cTest.dir/home/super/pico/pico-sdk/src/rp2_common/pico_stdio/stdio.c.obj
                0x0000000010004760                __wrap_puts
 *fill*         0x000000001000477e        0x2 
 .text.__wrap_vprintf
                0x0000000010004780       0x44 CMakeFiles/i2cTest.dir/home/super/pico/pico-sdk/src/rp2_common/pico_stdio/stdio.c.obj
                0x0000000010004780                __wrap_vprintf
 .text.__wrap_printf
                0x00000000100047c4       0x18 CMakeFiles/i2cTest.dir/home/super/pico/pico-sdk/src/rp2_common/pico_stdio/stdio.c.obj
                0x00000000100047c4                __wrap_printf
 .text.stdio_init_all
                0x00000000100047dc        0xc CMakeFiles/i2cTest.dir/home/super/pico/pico-sdk/src/rp2_common/pico_stdio/stdio.c.obj
                0x00000000100047dc                stdio_init_all
 .text.stdio_uart_out_chars
                0x00000000100047e8       0x74 CMakeFiles/i2cTest.dir/home/super/pico/pico-sdk/src/rp2_common/pico_stdio_uart/stdio_uart.c.obj
 .text.stdio_uart_in_chars
                0x000000001000485c       0x54 CMakeFiles/i2cTest.dir/home/super/pico/pico-sdk/src/rp2_common/pico_stdio_uart/stdio_uart.c.obj
                0x000000001000485c                stdio_uart_in_chars
 .text.stdio_uart_init_full
                0x00000000100048b0       0x3c CMakeFiles/i2cTest.dir/home/super/pico/pico-sdk/src/rp2_common/pico_stdio_uart/stdio_uart.c.obj
                0x00000000100048b0                stdio_uart_init_full
 .text.stdio_uart_init
                0x00000000100048ec       0x28 CMakeFiles/i2cTest.dir/home/super/pico/pico-sdk/src/rp2_common/pico_stdio_uart/stdio_uart.c.obj
                0x00000000100048ec                stdio_uart_init
 .text.resetd_init
                0x0000000010004914        0x2 CMakeFiles/i2cTest.dir/home/super/pico/pico-sdk/src/rp2_common/pico_stdio_usb/reset_interface.c.obj
 *fill*         0x0000000010004916        0x2 
 .text.resetd_reset
                0x0000000010004918        0xc CMakeFiles/i2cTest.dir/home/super/pico/pico-sdk/src/rp2_common/pico_stdio_usb/reset_interface.c.obj
 .text.resetd_open
                0x0000000010004924       0x34 CMakeFiles/i2cTest.dir/home/super/pico/pico-sdk/src/rp2_common/pico_stdio_usb/reset_interface.c.obj
 .text.resetd_xfer_cb
                0x0000000010004958        0x4 CMakeFiles/i2cTest.dir/home/super/pico/pico-sdk/src/rp2_common/pico_stdio_usb/reset_interface.c.obj
 .text.resetd_control_xfer_cb
                0x000000001000495c       0x6c CMakeFiles/i2cTest.dir/home/super/pico/pico-sdk/src/rp2_common/pico_stdio_usb/reset_interface.c.obj
 .text.usbd_app_driver_get_cb
                0x00000000100049c8        0xc CMakeFiles/i2cTest.dir/home/super/pico/pico-sdk/src/rp2_common/pico_stdio_usb/reset_interface.c.obj
                0x00000000100049c8                usbd_app_driver_get_cb
 .text.tud_cdc_line_coding_cb
                0x00000000100049d4       0x34 CMakeFiles/i2cTest.dir/home/super/pico/pico-sdk/src/rp2_common/pico_stdio_usb/reset_interface.c.obj
                0x00000000100049d4                tud_cdc_line_coding_cb
 .text.stdio_usb_in_chars
                0x0000000010004a08       0x70 CMakeFiles/i2cTest.dir/home/super/pico/pico-sdk/src/rp2_common/pico_stdio_usb/stdio_usb.c.obj
                0x0000000010004a08                stdio_usb_in_chars
 .text.low_priority_worker_irq
                0x0000000010004a78       0x20 CMakeFiles/i2cTest.dir/home/super/pico/pico-sdk/src/rp2_common/pico_stdio_usb/stdio_usb.c.obj
 .text.stdio_usb_out_chars
                0x0000000010004a98       0xd4 CMakeFiles/i2cTest.dir/home/super/pico/pico-sdk/src/rp2_common/pico_stdio_usb/stdio_usb.c.obj
 .text.timer_task
                0x0000000010004b6c       0x40 CMakeFiles/i2cTest.dir/home/super/pico/pico-sdk/src/rp2_common/pico_stdio_usb/stdio_usb.c.obj
 .text.usb_irq  0x0000000010004bac       0x10 CMakeFiles/i2cTest.dir/home/super/pico/pico-sdk/src/rp2_common/pico_stdio_usb/stdio_usb.c.obj
 .text.stdio_usb_init
                0x0000000010004bbc       0xec CMakeFiles/i2cTest.dir/home/super/pico/pico-sdk/src/rp2_common/pico_stdio_usb/stdio_usb.c.obj
                0x0000000010004bbc                stdio_usb_init
 .text.tud_descriptor_device_cb
                0x0000000010004ca8        0x8 CMakeFiles/i2cTest.dir/home/super/pico/pico-sdk/src/rp2_common/pico_stdio_usb/stdio_usb_descriptors.c.obj
                0x0000000010004ca8                tud_descriptor_device_cb
 .text.tud_descriptor_configuration_cb
                0x0000000010004cb0        0x8 CMakeFiles/i2cTest.dir/home/super/pico/pico-sdk/src/rp2_common/pico_stdio_usb/stdio_usb_descriptors.c.obj
                0x0000000010004cb0                tud_descriptor_configuration_cb
 .text.tud_descriptor_string_cb
                0x0000000010004cb8       0x6c CMakeFiles/i2cTest.dir/home/super/pico/pico-sdk/src/rp2_common/pico_stdio_usb/stdio_usb_descriptors.c.obj
                0x0000000010004cb8                tud_descriptor_string_cb
 .text.hw_endpoint_get_by_addr
                0x0000000010004d24       0x18 CMakeFiles/i2cTest.dir/home/super/pico/pico-sdk/lib/tinyusb/src/portable/raspberrypi/rp2040/dcd_rp2040.c.obj
 .text.reset_ep0_pid
                0x0000000010004d3c       0x28 CMakeFiles/i2cTest.dir/home/super/pico/pico-sdk/lib/tinyusb/src/portable/raspberrypi/rp2040/dcd_rp2040.c.obj
 .text._hw_endpoint_alloc
                0x0000000010004d64       0x70 CMakeFiles/i2cTest.dir/home/super/pico/pico-sdk/lib/tinyusb/src/portable/raspberrypi/rp2040/dcd_rp2040.c.obj
 .text.hw_endpoint_init
                0x0000000010004dd4       0x88 CMakeFiles/i2cTest.dir/home/super/pico/pico-sdk/lib/tinyusb/src/portable/raspberrypi/rp2040/dcd_rp2040.c.obj
 .text.reset_non_control_endpoints
                0x0000000010004e5c       0x40 CMakeFiles/i2cTest.dir/home/super/pico/pico-sdk/lib/tinyusb/src/portable/raspberrypi/rp2040/dcd_rp2040.c.obj
 .text.hw_handle_buff_status
                0x0000000010004e9c       0x8c CMakeFiles/i2cTest.dir/home/super/pico/pico-sdk/lib/tinyusb/src/portable/raspberrypi/rp2040/dcd_rp2040.c.obj
 .text.dcd_rp2040_irq
                0x0000000010004f28       0xc0 CMakeFiles/i2cTest.dir/home/super/pico/pico-sdk/lib/tinyusb/src/portable/raspberrypi/rp2040/dcd_rp2040.c.obj
 .text.hw_endpoint_xfer
                0x0000000010004fe8       0x14 CMakeFiles/i2cTest.dir/home/super/pico/pico-sdk/lib/tinyusb/src/portable/raspberrypi/rp2040/dcd_rp2040.c.obj
 .text.dcd_int_enable
                0x0000000010004ffc       0x2c CMakeFiles/i2cTest.dir/home/super/pico/pico-sdk/lib/tinyusb/src/portable/raspberrypi/rp2040/dcd_rp2040.c.obj
                0x0000000010004ffc                dcd_int_enable
 .text.dcd_set_address
                0x0000000010005028       0x2c CMakeFiles/i2cTest.dir/home/super/pico/pico-sdk/lib/tinyusb/src/portable/raspberrypi/rp2040/dcd_rp2040.c.obj
                0x0000000010005028                dcd_set_address
 .text.dcd_connect
                0x0000000010005054       0x10 CMakeFiles/i2cTest.dir/home/super/pico/pico-sdk/lib/tinyusb/src/portable/raspberrypi/rp2040/dcd_rp2040.c.obj
                0x0000000010005054                dcd_connect
 .text.dcd_init
                0x0000000010005064       0x7c CMakeFiles/i2cTest.dir/home/super/pico/pico-sdk/lib/tinyusb/src/portable/raspberrypi/rp2040/dcd_rp2040.c.obj
                0x0000000010005064                dcd_init
 .text.dcd_edpt0_status_complete
                0x00000000100050e0       0x1c CMakeFiles/i2cTest.dir/home/super/pico/pico-sdk/lib/tinyusb/src/portable/raspberrypi/rp2040/dcd_rp2040.c.obj
                0x00000000100050e0                dcd_edpt0_status_complete
 .text.dcd_edpt_open
                0x00000000100050fc       0x40 CMakeFiles/i2cTest.dir/home/super/pico/pico-sdk/lib/tinyusb/src/portable/raspberrypi/rp2040/dcd_rp2040.c.obj
                0x00000000100050fc                dcd_edpt_open
 .text.dcd_edpt_close_all
                0x000000001000513c        0x8 CMakeFiles/i2cTest.dir/home/super/pico/pico-sdk/lib/tinyusb/src/portable/raspberrypi/rp2040/dcd_rp2040.c.obj
                0x000000001000513c                dcd_edpt_close_all
 .text.dcd_edpt_xfer
                0x0000000010005144       0x30 CMakeFiles/i2cTest.dir/home/super/pico/pico-sdk/lib/tinyusb/src/portable/raspberrypi/rp2040/dcd_rp2040.c.obj
                0x0000000010005144                dcd_edpt_xfer
 .text.dcd_edpt_stall
                0x0000000010005174       0x2c CMakeFiles/i2cTest.dir/home/super/pico/pico-sdk/lib/tinyusb/src/portable/raspberrypi/rp2040/dcd_rp2040.c.obj
                0x0000000010005174                dcd_edpt_stall
 .text.dcd_edpt_clear_stall
                0x00000000100051a0       0x20 CMakeFiles/i2cTest.dir/home/super/pico/pico-sdk/lib/tinyusb/src/portable/raspberrypi/rp2040/dcd_rp2040.c.obj
                0x00000000100051a0                dcd_edpt_clear_stall
 .text.prepare_ep_buffer
                0x00000000100051c0       0x70 CMakeFiles/i2cTest.dir/home/super/pico/pico-sdk/lib/tinyusb/src/portable/raspberrypi/rp2040/rp2040_usb.c.obj
 .text.sync_ep_buffer
                0x0000000010005230       0x7c CMakeFiles/i2cTest.dir/home/super/pico/pico-sdk/lib/tinyusb/src/portable/raspberrypi/rp2040/rp2040_usb.c.obj
 .text._hw_endpoint_xfer_sync
                0x00000000100052ac       0x28 CMakeFiles/i2cTest.dir/home/super/pico/pico-sdk/lib/tinyusb/src/portable/raspberrypi/rp2040/rp2040_usb.c.obj
 .text.rp2040_usb_init
                0x00000000100052d4       0x4c CMakeFiles/i2cTest.dir/home/super/pico/pico-sdk/lib/tinyusb/src/portable/raspberrypi/rp2040/rp2040_usb.c.obj
                0x00000000100052d4                rp2040_usb_init
 .text.hw_endpoint_reset_transfer
                0x0000000010005320        0xc CMakeFiles/i2cTest.dir/home/super/pico/pico-sdk/lib/tinyusb/src/portable/raspberrypi/rp2040/rp2040_usb.c.obj
                0x0000000010005320                hw_endpoint_reset_transfer
 .text._hw_endpoint_buffer_control_update32
                0x000000001000532c       0x58 CMakeFiles/i2cTest.dir/home/super/pico/pico-sdk/lib/tinyusb/src/portable/raspberrypi/rp2040/rp2040_usb.c.obj
                0x000000001000532c                _hw_endpoint_buffer_control_update32
 .text._hw_endpoint_start_next_buffer
                0x0000000010005384       0x74 CMakeFiles/i2cTest.dir/home/super/pico/pico-sdk/lib/tinyusb/src/portable/raspberrypi/rp2040/rp2040_usb.c.obj
 .text.hw_endpoint_xfer_start
                0x00000000100053f8       0x48 CMakeFiles/i2cTest.dir/home/super/pico/pico-sdk/lib/tinyusb/src/portable/raspberrypi/rp2040/rp2040_usb.c.obj
                0x00000000100053f8                hw_endpoint_xfer_start
 .text.hw_endpoint_xfer_continue
                0x0000000010005440       0x38 CMakeFiles/i2cTest.dir/home/super/pico/pico-sdk/lib/tinyusb/src/portable/raspberrypi/rp2040/rp2040_usb.c.obj
                0x0000000010005440                hw_endpoint_xfer_continue
 .text.configuration_reset
                0x0000000010005478       0x84 CMakeFiles/i2cTest.dir/home/super/pico/pico-sdk/lib/tinyusb/src/device/usbd.c.obj
 .text.usbd_reset
                0x00000000100054fc        0xc CMakeFiles/i2cTest.dir/home/super/pico/pico-sdk/lib/tinyusb/src/device/usbd.c.obj
 .text.invoke_class_control
                0x0000000010005508       0x1a CMakeFiles/i2cTest.dir/home/super/pico/pico-sdk/lib/tinyusb/src/device/usbd.c.obj
 *fill*         0x0000000010005522        0x2 
 .text.process_set_config
                0x0000000010005524      0x1ac CMakeFiles/i2cTest.dir/home/super/pico/pico-sdk/lib/tinyusb/src/device/usbd.c.obj
 .text.process_get_descriptor
                0x00000000100056d0       0xec CMakeFiles/i2cTest.dir/home/super/pico/pico-sdk/lib/tinyusb/src/device/usbd.c.obj
 .text.tud_mounted
                0x00000000100057bc       0x10 CMakeFiles/i2cTest.dir/home/super/pico/pico-sdk/lib/tinyusb/src/device/usbd.c.obj
                0x00000000100057bc                tud_mounted
 .text.tud_suspended
                0x00000000100057cc       0x10 CMakeFiles/i2cTest.dir/home/super/pico/pico-sdk/lib/tinyusb/src/device/usbd.c.obj
                0x00000000100057cc                tud_suspended
 .text.tud_inited
                0x00000000100057dc        0xc CMakeFiles/i2cTest.dir/home/super/pico/pico-sdk/lib/tinyusb/src/device/usbd.c.obj
                0x00000000100057dc                tud_inited
 .text.tud_init
                0x00000000100057e8       0xcc CMakeFiles/i2cTest.dir/home/super/pico/pico-sdk/lib/tinyusb/src/device/usbd.c.obj
                0x00000000100057e8                tud_init
 .text.dcd_event_handler
                0x00000000100058b4      0x1e0 CMakeFiles/i2cTest.dir/home/super/pico/pico-sdk/lib/tinyusb/src/device/usbd.c.obj
                0x00000000100058b4                dcd_event_handler
 .text.dcd_event_bus_signal
                0x0000000010005a94       0x26 CMakeFiles/i2cTest.dir/home/super/pico/pico-sdk/lib/tinyusb/src/device/usbd.c.obj
                0x0000000010005a94                dcd_event_bus_signal
 .text.dcd_event_bus_reset
                0x0000000010005aba       0x2a CMakeFiles/i2cTest.dir/home/super/pico/pico-sdk/lib/tinyusb/src/device/usbd.c.obj
                0x0000000010005aba                dcd_event_bus_reset
 .text.dcd_event_setup_received
                0x0000000010005ae4       0x34 CMakeFiles/i2cTest.dir/home/super/pico/pico-sdk/lib/tinyusb/src/device/usbd.c.obj
                0x0000000010005ae4                dcd_event_setup_received
 .text.dcd_event_xfer_complete
                0x0000000010005b18       0x44 CMakeFiles/i2cTest.dir/home/super/pico/pico-sdk/lib/tinyusb/src/device/usbd.c.obj
                0x0000000010005b18                dcd_event_xfer_complete
 .text.usbd_edpt_open
                0x0000000010005b5c       0x58 CMakeFiles/i2cTest.dir/home/super/pico/pico-sdk/lib/tinyusb/src/device/usbd.c.obj
                0x0000000010005b5c                usbd_edpt_open
 .text.usbd_open_edpt_pair
                0x0000000010005bb4       0x8c CMakeFiles/i2cTest.dir/home/super/pico/pico-sdk/lib/tinyusb/src/device/usbd.c.obj
                0x0000000010005bb4                usbd_open_edpt_pair
 .text.usbd_edpt_claim
                0x0000000010005c40       0x8c CMakeFiles/i2cTest.dir/home/super/pico/pico-sdk/lib/tinyusb/src/device/usbd.c.obj
                0x0000000010005c40                usbd_edpt_claim
 .text.usbd_edpt_release
                0x0000000010005ccc       0x68 CMakeFiles/i2cTest.dir/home/super/pico/pico-sdk/lib/tinyusb/src/device/usbd.c.obj
                0x0000000010005ccc                usbd_edpt_release
 .text.usbd_edpt_xfer
                0x0000000010005d34       0x80 CMakeFiles/i2cTest.dir/home/super/pico/pico-sdk/lib/tinyusb/src/device/usbd.c.obj
                0x0000000010005d34                usbd_edpt_xfer
 .text.usbd_edpt_stall
                0x0000000010005db4       0x40 CMakeFiles/i2cTest.dir/home/super/pico/pico-sdk/lib/tinyusb/src/device/usbd.c.obj
                0x0000000010005db4                usbd_edpt_stall
 .text.usbd_edpt_clear_stall
                0x0000000010005df4       0x40 CMakeFiles/i2cTest.dir/home/super/pico/pico-sdk/lib/tinyusb/src/device/usbd.c.obj
                0x0000000010005df4                usbd_edpt_clear_stall
 .text.usbd_edpt_stalled
                0x0000000010005e34       0x1c CMakeFiles/i2cTest.dir/home/super/pico/pico-sdk/lib/tinyusb/src/device/usbd.c.obj
                0x0000000010005e34                usbd_edpt_stalled
 .text.process_control_request
                0x0000000010005e50      0x3b8 CMakeFiles/i2cTest.dir/home/super/pico/pico-sdk/lib/tinyusb/src/device/usbd.c.obj
 .text.tud_task
                0x0000000010006208      0x218 CMakeFiles/i2cTest.dir/home/super/pico/pico-sdk/lib/tinyusb/src/device/usbd.c.obj
                0x0000000010006208                tud_task
 .text._data_stage_xact
                0x0000000010006420       0x58 CMakeFiles/i2cTest.dir/home/super/pico/pico-sdk/lib/tinyusb/src/device/usbd_control.c.obj
 .text.tud_control_status
                0x0000000010006478       0x38 CMakeFiles/i2cTest.dir/home/super/pico/pico-sdk/lib/tinyusb/src/device/usbd_control.c.obj
                0x0000000010006478                tud_control_status
 .text.tud_control_xfer
                0x00000000100064b0       0xa8 CMakeFiles/i2cTest.dir/home/super/pico/pico-sdk/lib/tinyusb/src/device/usbd_control.c.obj
                0x00000000100064b0                tud_control_xfer
 .text.usbd_control_reset
                0x0000000010006558       0x14 CMakeFiles/i2cTest.dir/home/super/pico/pico-sdk/lib/tinyusb/src/device/usbd_control.c.obj
                0x0000000010006558                usbd_control_reset
 .text.usbd_control_set_complete_callback
                0x000000001000656c        0xc CMakeFiles/i2cTest.dir/home/super/pico/pico-sdk/lib/tinyusb/src/device/usbd_control.c.obj
                0x000000001000656c                usbd_control_set_complete_callback
 .text.usbd_control_set_request
                0x0000000010006578       0x1c CMakeFiles/i2cTest.dir/home/super/pico/pico-sdk/lib/tinyusb/src/device/usbd_control.c.obj
                0x0000000010006578                usbd_control_set_request
 .text.usbd_control_xfer_cb
                0x0000000010006594       0xfc CMakeFiles/i2cTest.dir/home/super/pico/pico-sdk/lib/tinyusb/src/device/usbd_control.c.obj
                0x0000000010006594                usbd_control_xfer_cb
 .text._prep_out_transaction
                0x0000000010006690       0x46 CMakeFiles/i2cTest.dir/home/super/pico/pico-sdk/lib/tinyusb/src/class/cdc/cdc_device.c.obj
 *fill*         0x00000000100066d6        0x2 
 .text.tud_cdc_n_connected
                0x00000000100066d8       0x44 CMakeFiles/i2cTest.dir/home/super/pico/pico-sdk/lib/tinyusb/src/class/cdc/cdc_device.c.obj
                0x00000000100066d8                tud_cdc_n_connected
 .text.tud_cdc_n_available
                0x000000001000671c       0x18 CMakeFiles/i2cTest.dir/home/super/pico/pico-sdk/lib/tinyusb/src/class/cdc/cdc_device.c.obj
                0x000000001000671c                tud_cdc_n_available
 .text.tud_cdc_n_read
                0x0000000010006734       0x28 CMakeFiles/i2cTest.dir/home/super/pico/pico-sdk/lib/tinyusb/src/class/cdc/cdc_device.c.obj
                0x0000000010006734                tud_cdc_n_read
 .text.tud_cdc_n_write_flush
                0x000000001000675c       0xcc CMakeFiles/i2cTest.dir/home/super/pico/pico-sdk/lib/tinyusb/src/class/cdc/cdc_device.c.obj
                0x000000001000675c                tud_cdc_n_write_flush
 .text.tud_cdc_n_write
                0x0000000010006828       0x38 CMakeFiles/i2cTest.dir/home/super/pico/pico-sdk/lib/tinyusb/src/class/cdc/cdc_device.c.obj
                0x0000000010006828                tud_cdc_n_write
 .text.tud_cdc_n_write_available
                0x0000000010006860       0x1c CMakeFiles/i2cTest.dir/home/super/pico/pico-sdk/lib/tinyusb/src/class/cdc/cdc_device.c.obj
                0x0000000010006860                tud_cdc_n_write_available
 .text.cdcd_init
                0x000000001000687c       0xbc CMakeFiles/i2cTest.dir/home/super/pico/pico-sdk/lib/tinyusb/src/class/cdc/cdc_device.c.obj
                0x000000001000687c                cdcd_init
 .text.cdcd_reset
                0x0000000010006938       0x44 CMakeFiles/i2cTest.dir/home/super/pico/pico-sdk/lib/tinyusb/src/class/cdc/cdc_device.c.obj
                0x0000000010006938                cdcd_reset
 .text.cdcd_open
                0x000000001000697c       0xf8 CMakeFiles/i2cTest.dir/home/super/pico/pico-sdk/lib/tinyusb/src/class/cdc/cdc_device.c.obj
                0x000000001000697c                cdcd_open
 .text.cdcd_control_xfer_cb
                0x0000000010006a74      0x134 CMakeFiles/i2cTest.dir/home/super/pico/pico-sdk/lib/tinyusb/src/class/cdc/cdc_device.c.obj
                0x0000000010006a74                cdcd_control_xfer_cb
 .text.cdcd_xfer_cb
                0x0000000010006ba8      0x144 CMakeFiles/i2cTest.dir/home/super/pico/pico-sdk/lib/tinyusb/src/class/cdc/cdc_device.c.obj
                0x0000000010006ba8                cdcd_xfer_cb
 .text.tusb_init
                0x0000000010006cec       0x24 CMakeFiles/i2cTest.dir/home/super/pico/pico-sdk/lib/tinyusb/src/tusb.c.obj
                0x0000000010006cec                tusb_init
 .text.tusb_inited
                0x0000000010006d10        0xe CMakeFiles/i2cTest.dir/home/super/pico/pico-sdk/lib/tinyusb/src/tusb.c.obj
                0x0000000010006d10                tusb_inited
 *fill*         0x0000000010006d1e        0x2 
 .text.tu_edpt_validate
                0x0000000010006d20       0xa8 CMakeFiles/i2cTest.dir/home/super/pico/pico-sdk/lib/tinyusb/src/tusb.c.obj
                0x0000000010006d20                tu_edpt_validate
 .text.tu_edpt_bind_driver
                0x0000000010006dc8       0x2a CMakeFiles/i2cTest.dir/home/super/pico/pico-sdk/lib/tinyusb/src/tusb.c.obj
                0x0000000010006dc8                tu_edpt_bind_driver
 .text.advance_pointer
                0x0000000010006df2       0x18 CMakeFiles/i2cTest.dir/home/super/pico/pico-sdk/lib/tinyusb/src/common/tusb_fifo.c.obj
 .text.backward_pointer
                0x0000000010006e0a       0x1e CMakeFiles/i2cTest.dir/home/super/pico/pico-sdk/lib/tinyusb/src/common/tusb_fifo.c.obj
 .text.get_relative_pointer
                0x0000000010006e28       0x10 CMakeFiles/i2cTest.dir/home/super/pico/pico-sdk/lib/tinyusb/src/common/tusb_fifo.c.obj
 .text._tu_fifo_peek
                0x0000000010006e38       0x50 CMakeFiles/i2cTest.dir/home/super/pico/pico-sdk/lib/tinyusb/src/common/tusb_fifo.c.obj
 .text._ff_pull_const_addr
                0x0000000010006e88       0x4c CMakeFiles/i2cTest.dir/home/super/pico/pico-sdk/lib/tinyusb/src/common/tusb_fifo.c.obj
 .text._ff_pull_n
                0x0000000010006ed4      0x10c CMakeFiles/i2cTest.dir/home/super/pico/pico-sdk/lib/tinyusb/src/common/tusb_fifo.c.obj
 .text._tu_fifo_peek_n
                0x0000000010006fe0       0x5e CMakeFiles/i2cTest.dir/home/super/pico/pico-sdk/lib/tinyusb/src/common/tusb_fifo.c.obj
 .text._tu_fifo_read_n
                0x000000001000703e       0x4e CMakeFiles/i2cTest.dir/home/super/pico/pico-sdk/lib/tinyusb/src/common/tusb_fifo.c.obj
 .text._ff_push_const_addr
                0x000000001000708c       0x40 CMakeFiles/i2cTest.dir/home/super/pico/pico-sdk/lib/tinyusb/src/common/tusb_fifo.c.obj
 .text._ff_push_n
                0x00000000100070cc      0x106 CMakeFiles/i2cTest.dir/home/super/pico/pico-sdk/lib/tinyusb/src/common/tusb_fifo.c.obj
 .text._tu_fifo_write_n
                0x00000000100071d2       0x9e CMakeFiles/i2cTest.dir/home/super/pico/pico-sdk/lib/tinyusb/src/common/tusb_fifo.c.obj
 .text.tu_fifo_config
                0x0000000010007270       0x72 CMakeFiles/i2cTest.dir/home/super/pico/pico-sdk/lib/tinyusb/src/common/tusb_fifo.c.obj
                0x0000000010007270                tu_fifo_config
 .text.tu_fifo_count
                0x00000000100072e2       0x26 CMakeFiles/i2cTest.dir/home/super/pico/pico-sdk/lib/tinyusb/src/common/tusb_fifo.c.obj
                0x00000000100072e2                tu_fifo_count
 .text.tu_fifo_empty
                0x0000000010007308        0xe CMakeFiles/i2cTest.dir/home/super/pico/pico-sdk/lib/tinyusb/src/common/tusb_fifo.c.obj
                0x0000000010007308                tu_fifo_empty
 .text.tu_fifo_remaining
                0x0000000010007316       0x20 CMakeFiles/i2cTest.dir/home/super/pico/pico-sdk/lib/tinyusb/src/common/tusb_fifo.c.obj
                0x0000000010007316                tu_fifo_remaining
 .text.tu_fifo_read
                0x0000000010007336       0x42 CMakeFiles/i2cTest.dir/home/super/pico/pico-sdk/lib/tinyusb/src/common/tusb_fifo.c.obj
                0x0000000010007336                tu_fifo_read
 .text.tu_fifo_read_n
                0x0000000010007378        0xa CMakeFiles/i2cTest.dir/home/super/pico/pico-sdk/lib/tinyusb/src/common/tusb_fifo.c.obj
                0x0000000010007378                tu_fifo_read_n
 .text.tu_fifo_write
                0x0000000010007382       0x6c CMakeFiles/i2cTest.dir/home/super/pico/pico-sdk/lib/tinyusb/src/common/tusb_fifo.c.obj
                0x0000000010007382                tu_fifo_write
 .text.tu_fifo_write_n
                0x00000000100073ee        0xa CMakeFiles/i2cTest.dir/home/super/pico/pico-sdk/lib/tinyusb/src/common/tusb_fifo.c.obj
                0x00000000100073ee                tu_fifo_write_n
 .text.tu_fifo_clear
                0x00000000100073f8       0x4c CMakeFiles/i2cTest.dir/home/super/pico/pico-sdk/lib/tinyusb/src/common/tusb_fifo.c.obj
                0x00000000100073f8                tu_fifo_clear
 .text.tu_fifo_set_overwritable
                0x0000000010007444       0x3c CMakeFiles/i2cTest.dir/home/super/pico/pico-sdk/lib/tinyusb/src/common/tusb_fifo.c.obj
                0x0000000010007444                tu_fifo_set_overwritable
 .text._retrieve_unique_id_on_boot
                0x0000000010007480       0x10 CMakeFiles/i2cTest.dir/home/super/pico/pico-sdk/src/rp2_common/pico_unique_id/unique_id.c.obj
 .text.pico_get_unique_board_id_string
                0x0000000010007490       0x60 CMakeFiles/i2cTest.dir/home/super/pico/pico-sdk/src/rp2_common/pico_unique_id/unique_id.c.obj
                0x0000000010007490                pico_get_unique_board_id_string
 .text.flash_get_unique_id
                0x00000000100074f0       0x46 CMakeFiles/i2cTest.dir/home/super/pico/pico-sdk/src/rp2_common/hardware_flash/flash.c.obj
                0x00000000100074f0                flash_get_unique_id
 .text.i2c_read_blocking_internal
                0x0000000010007536       0xe0 CMakeFiles/i2cTest.dir/home/super/pico/pico-sdk/src/rp2_common/hardware_i2c/i2c.c.obj
 *fill*         0x0000000010007616        0x2 
 .text.i2c_set_baudrate
                0x0000000010007618       0xf0 CMakeFiles/i2cTest.dir/home/super/pico/pico-sdk/src/rp2_common/hardware_i2c/i2c.c.obj
                0x0000000010007618                i2c_set_baudrate
 .text.i2c_init
                0x0000000010007708       0x58 CMakeFiles/i2cTest.dir/home/super/pico/pico-sdk/src/rp2_common/hardware_i2c/i2c.c.obj
                0x0000000010007708                i2c_init
 .text.i2c_read_blocking
                0x0000000010007760       0x18 CMakeFiles/i2cTest.dir/home/super/pico/pico-sdk/src/rp2_common/hardware_i2c/i2c.c.obj
                0x0000000010007760                i2c_read_blocking
 .text          0x0000000010007778       0x68 /usr/lib/gcc/arm-none-eabi/9.2.1/../../../arm-none-eabi/lib/thumb/v6-m/nofp/libg.a(lib_a-strlen-stub.o)
                0x0000000010007778                strlen
 *(.fini)
 .fini          0x00000000100077e0        0x4 /usr/lib/gcc/arm-none-eabi/9.2.1/thumb/v6-m/nofp/crti.o
                0x00000000100077e0                _fini
 *fill*         0x00000000100077e4        0x4 
 .fini.__stub   0x00000000100077e8       0x70 linker stubs
 *crtbegin.o(.ctors)
 *crtbegin?.o(.ctors)
 *(EXCLUDE_FILE(*crtend.o *crtend?.o) .ctors)
 *(SORT_BY_NAME(.ctors.*))
 *(.ctors)
 *crtbegin.o(.dtors)
 *crtbegin?.o(.dtors)
 *(EXCLUDE_FILE(*crtend.o *crtend?.o) .dtors)
 *(SORT_BY_NAME(.dtors.*))
 *(.dtors)
 *(.eh_frame*)
 .eh_frame      0x0000000010007858        0x0 /usr/lib/gcc/arm-none-eabi/9.2.1/thumb/v6-m/nofp/crtbegin.o
                0x0000000010007858                . = ALIGN (0x4)

.glue_7         0x0000000010007858        0x0
 .glue_7        0x0000000010007858        0x0 linker stubs

.glue_7t        0x0000000010007858        0x0
 .glue_7t       0x0000000010007858        0x0 linker stubs

.vfp11_veneer   0x0000000010007858        0x0
 .vfp11_veneer  0x0000000010007858        0x0 linker stubs

.v4_bx          0x0000000010007858        0x0
 .v4_bx         0x0000000010007858        0x0 linker stubs

.iplt           0x0000000010007858        0x0
 .iplt          0x0000000010007858        0x0 /usr/lib/gcc/arm-none-eabi/9.2.1/thumb/v6-m/nofp/crtbegin.o

.rodata         0x0000000010007858     0x1798
 *(EXCLUDE_FILE(*libm.a: *libc.a:*lib_a-mem*.o *libgcc.a:) .rodata*)
 .rodata.main.str1.4
                0x0000000010007858       0x25 CMakeFiles/i2cTest.dir/i2cTest.c.obj
 *fill*         0x000000001000787d        0x3 
 .rodata.__bi_41.6257
                0x0000000010007880        0x8 CMakeFiles/i2cTest.dir/i2cTest.c.obj
 .rodata.spin_lock_claim_unused.str1.4
                0x0000000010007888       0x1b CMakeFiles/i2cTest.dir/home/super/pico/pico-sdk/src/rp2_common/hardware_sync/sync.c.obj
 *fill*         0x00000000100078a3        0x1 
 .rodata.make_branch.str1.4
                0x00000000100078a4       0x6c CMakeFiles/i2cTest.dir/home/super/pico/pico-sdk/src/rp2_common/hardware_irq/irq.c.obj
 .rodata.insert_branch_and_link.str1.4
                0x0000000010007910       0x10 CMakeFiles/i2cTest.dir/home/super/pico/pico-sdk/src/rp2_common/hardware_irq/irq.c.obj
 .rodata.irq_set_exclusive_handler.str1.4
                0x0000000010007920       0x36 CMakeFiles/i2cTest.dir/home/super/pico/pico-sdk/src/rp2_common/hardware_irq/irq.c.obj
 *fill*         0x0000000010007956        0x2 
 .rodata.irq_add_shared_handler.str1.4
                0x0000000010007958       0xd9 CMakeFiles/i2cTest.dir/home/super/pico/pico-sdk/src/rp2_common/hardware_irq/irq.c.obj
 *fill*         0x0000000010007a31        0x3 
 .rodata.irq_remove_handler.str1.4
                0x0000000010007a34       0x2a CMakeFiles/i2cTest.dir/home/super/pico/pico-sdk/src/rp2_common/hardware_irq/irq.c.obj
 *fill*         0x0000000010007a5e        0x2 
 .rodata.irq_add_tail_to_free_list.str1.4
                0x0000000010007a60       0x3a CMakeFiles/i2cTest.dir/home/super/pico/pico-sdk/src/rp2_common/hardware_irq/irq.c.obj
 *fill*         0x0000000010007a9a        0x2 
 .rodata.user_irq_claim_unused.str1.4
                0x0000000010007a9c       0x1b CMakeFiles/i2cTest.dir/home/super/pico/pico-sdk/src/rp2_common/hardware_irq/irq.c.obj
 *fill*         0x0000000010007ab7        0x1 
 .rodata.__func__.4777
                0x0000000010007ab8       0x1a CMakeFiles/i2cTest.dir/home/super/pico/pico-sdk/src/rp2_common/hardware_irq/irq.c.obj
 *fill*         0x0000000010007ad2        0x2 
 .rodata.__func__.4791
                0x0000000010007ad4        0xc CMakeFiles/i2cTest.dir/home/super/pico/pico-sdk/src/rp2_common/hardware_irq/irq.c.obj
 .rodata.__func__.4799
                0x0000000010007ae0       0x17 CMakeFiles/i2cTest.dir/home/super/pico/pico-sdk/src/rp2_common/hardware_irq/irq.c.obj
 *fill*         0x0000000010007af7        0x1 
 .rodata.__func__.4803
                0x0000000010007af8        0xf CMakeFiles/i2cTest.dir/home/super/pico/pico-sdk/src/rp2_common/hardware_irq/irq.c.obj
 *fill*         0x0000000010007b07        0x1 
 .rodata.__func__.4820
                0x0000000010007b08       0x17 CMakeFiles/i2cTest.dir/home/super/pico/pico-sdk/src/rp2_common/hardware_irq/irq.c.obj
 *fill*         0x0000000010007b1f        0x1 
 .rodata.__func__.4842
                0x0000000010007b20       0x13 CMakeFiles/i2cTest.dir/home/super/pico/pico-sdk/src/rp2_common/hardware_irq/irq.c.obj
 *fill*         0x0000000010007b33        0x1 
 .rodata.__func__.4864
                0x0000000010007b34       0x1a CMakeFiles/i2cTest.dir/home/super/pico/pico-sdk/src/rp2_common/hardware_irq/irq.c.obj
 *fill*         0x0000000010007b4e        0x2 
 .rodata.repeating_timer_callback.str1.4
                0x0000000010007b50       0x4a CMakeFiles/i2cTest.dir/home/super/pico/pico-sdk/src/common/pico_time/time.c.obj
 *fill*         0x0000000010007b9a        0x2 
 .rodata.alarm_pool_dump_key.str1.4
                0x0000000010007b9c       0x33 CMakeFiles/i2cTest.dir/home/super/pico/pico-sdk/src/common/pico_time/time.c.obj
 *fill*         0x0000000010007bcf        0x1 
 .rodata.ph_add_child_node.str1.4
                0x0000000010007bd0       0x96 CMakeFiles/i2cTest.dir/home/super/pico/pico-sdk/src/common/pico_time/time.c.obj
 *fill*         0x0000000010007c66        0x2 
 .rodata.add_alarm_under_lock.str1.4
                0x0000000010007c68       0x28 CMakeFiles/i2cTest.dir/home/super/pico/pico-sdk/src/common/pico_time/time.c.obj
                                         0x2b (size before relaxing)
 .rodata.alarm_pool_alarm_callback.str1.4
                0x0000000010007c90       0xe2 CMakeFiles/i2cTest.dir/home/super/pico/pico-sdk/src/common/pico_time/time.c.obj
 *fill*         0x0000000010007d72        0x2 
 .rodata.alarm_pool_get_default.str1.4
                0x0000000010007d74       0x21 CMakeFiles/i2cTest.dir/home/super/pico/pico-sdk/src/common/pico_time/time.c.obj
 *fill*         0x0000000010007d95        0x3 
 .rodata.alarm_pool_cancel_alarm.str1.4
                0x0000000010007d98       0x27 CMakeFiles/i2cTest.dir/home/super/pico/pico-sdk/src/common/pico_time/time.c.obj
 *fill*         0x0000000010007dbf        0x1 
 .rodata.sleep_until.str1.4
                0x0000000010007dc0       0x4d CMakeFiles/i2cTest.dir/home/super/pico/pico-sdk/src/common/pico_time/time.c.obj
 *fill*         0x0000000010007e0d        0x3 
 .rodata.__func__.5701
                0x0000000010007e10       0x15 CMakeFiles/i2cTest.dir/home/super/pico/pico-sdk/src/common/pico_time/time.c.obj
 *fill*         0x0000000010007e25        0x3 
 .rodata.__func__.6019
                0x0000000010007e28        0xc CMakeFiles/i2cTest.dir/home/super/pico/pico-sdk/src/common/pico_time/time.c.obj
 .rodata.__func__.6026
                0x0000000010007e34       0x12 CMakeFiles/i2cTest.dir/home/super/pico/pico-sdk/src/common/pico_time/time.c.obj
 *fill*         0x0000000010007e46        0x2 
 .rodata.__func__.6042
                0x0000000010007e48        0xf CMakeFiles/i2cTest.dir/home/super/pico/pico-sdk/src/common/pico_time/time.c.obj
 *fill*         0x0000000010007e57        0x1 
 .rodata.__func__.6064
                0x0000000010007e58        0xd CMakeFiles/i2cTest.dir/home/super/pico/pico-sdk/src/common/pico_time/time.c.obj
 *fill*         0x0000000010007e65        0x3 
 .rodata.__func__.6287
                0x0000000010007e68        0xa CMakeFiles/i2cTest.dir/home/super/pico/pico-sdk/src/common/pico_time/time.c.obj
 *fill*         0x0000000010007e72        0x2 
 .rodata.__func__.6292
                0x0000000010007e74       0x12 CMakeFiles/i2cTest.dir/home/super/pico/pico-sdk/src/common/pico_time/time.c.obj
 *fill*         0x0000000010007e86        0x2 
 .rodata.__func__.6307
                0x0000000010007e88       0x17 CMakeFiles/i2cTest.dir/home/super/pico/pico-sdk/src/common/pico_time/time.c.obj
 *fill*         0x0000000010007e9f        0x1 
 .rodata.__func__.6318
                0x0000000010007ea0       0x15 CMakeFiles/i2cTest.dir/home/super/pico/pico-sdk/src/common/pico_time/time.c.obj
 *fill*         0x0000000010007eb5        0x3 
 .rodata.__func__.6335
                0x0000000010007eb8       0x1a CMakeFiles/i2cTest.dir/home/super/pico/pico-sdk/src/common/pico_time/time.c.obj
 *fill*         0x0000000010007ed2        0x2 
 .rodata.__func__.6374
                0x0000000010007ed4       0x18 CMakeFiles/i2cTest.dir/home/super/pico/pico-sdk/src/common/pico_time/time.c.obj
 .rodata.hardware_alarm_claim.str1.4
                0x0000000010007eec       0x22 CMakeFiles/i2cTest.dir/home/super/pico/pico-sdk/src/rp2_common/hardware_timer/timer.c.obj
 *fill*         0x0000000010007f0e        0x2 
 .rodata.hardware_alarm_set_target.str1.4
                0x0000000010007f10       0x64 CMakeFiles/i2cTest.dir/home/super/pico/pico-sdk/src/rp2_common/hardware_timer/timer.c.obj
 .rodata.__func__.4575
                0x0000000010007f74       0x1a CMakeFiles/i2cTest.dir/home/super/pico/pico-sdk/src/rp2_common/hardware_timer/timer.c.obj
 .rodata.ph_add_child_node.str1.4
                0x0000000010007f8e       0x96 CMakeFiles/i2cTest.dir/home/super/pico/pico-sdk/src/common/pico_util/pheap.c.obj
 *fill*         0x0000000010007f8e        0x2 
 .rodata.ph_remove_any_head.str1.4
                0x0000000010007f90       0x8c CMakeFiles/i2cTest.dir/home/super/pico/pico-sdk/src/common/pico_util/pheap.c.obj
 .rodata.ph_remove_and_free_node.str1.4
                0x000000001000801c       0x1e CMakeFiles/i2cTest.dir/home/super/pico/pico-sdk/src/common/pico_util/pheap.c.obj
                                         0x26 (size before relaxing)
 *fill*         0x000000001000803a        0x2 
 .rodata.__func__.5717
                0x000000001000803c        0xc CMakeFiles/i2cTest.dir/home/super/pico/pico-sdk/src/common/pico_util/pheap.c.obj
 .rodata.__func__.5724
                0x0000000010008048       0x12 CMakeFiles/i2cTest.dir/home/super/pico/pico-sdk/src/common/pico_util/pheap.c.obj
 *fill*         0x000000001000805a        0x2 
 .rodata.__func__.5810
                0x000000001000805c       0x13 CMakeFiles/i2cTest.dir/home/super/pico/pico-sdk/src/common/pico_util/pheap.c.obj
 *fill*         0x000000001000806f        0x1 
 .rodata.__func__.5828
                0x0000000010008070       0x18 CMakeFiles/i2cTest.dir/home/super/pico/pico-sdk/src/common/pico_util/pheap.c.obj
 .rodata.str1.4
                0x0000000010008088       0x89 CMakeFiles/i2cTest.dir/home/super/pico/pico-sdk/src/common/pico_sync/mutex.c.obj
                                         0xe9 (size before relaxing)
 *fill*         0x0000000010008111        0x3 
 .rodata.__func__.4193
                0x0000000010008114       0x15 CMakeFiles/i2cTest.dir/home/super/pico/pico-sdk/src/common/pico_sync/mutex.c.obj
 *fill*         0x0000000010008129        0x3 
 .rodata.__func__.4690
                0x000000001000812c       0x18 CMakeFiles/i2cTest.dir/home/super/pico/pico-sdk/src/common/pico_sync/mutex.c.obj
 .rodata.__func__.4709
                0x0000000010008144        0xb CMakeFiles/i2cTest.dir/home/super/pico/pico-sdk/src/common/pico_sync/mutex.c.obj
 *fill*         0x000000001000814f        0x1 
 .rodata.__assert_func.str1.4
                0x0000000010008150       0x3f CMakeFiles/i2cTest.dir/home/super/pico/pico-sdk/src/rp2_common/pico_runtime/runtime.c.obj
                                         0x43 (size before relaxing)
 *fill*         0x000000001000818f        0x1 
 .rodata.runtime_init.str1.4
                0x0000000010008190       0x60 CMakeFiles/i2cTest.dir/home/super/pico/pico-sdk/src/rp2_common/pico_runtime/runtime.c.obj
 .rodata.panic.str1.4
                0x00000000100081f0       0x12 CMakeFiles/i2cTest.dir/home/super/pico/pico-sdk/src/rp2_common/pico_runtime/runtime.c.obj
 *fill*         0x0000000010008202        0x2 
 .rodata.__func__.5835
                0x0000000010008204        0xd CMakeFiles/i2cTest.dir/home/super/pico/pico-sdk/src/rp2_common/pico_runtime/runtime.c.obj
 *fill*         0x0000000010008211        0x3 
 .rodata.clock_configure.str1.4
                0x0000000010008214       0x56 CMakeFiles/i2cTest.dir/home/super/pico/pico-sdk/src/rp2_common/hardware_clocks/clocks.c.obj
 *fill*         0x000000001000826a        0x2 
 .rodata.__func__.4759
                0x000000001000826c       0x10 CMakeFiles/i2cTest.dir/home/super/pico/pico-sdk/src/rp2_common/hardware_clocks/clocks.c.obj
 .rodata.pll_init.str1.4
                0x000000001000827c      0x137 CMakeFiles/i2cTest.dir/home/super/pico/pico-sdk/src/rp2_common/hardware_pll/pll.c.obj
 *fill*         0x00000000100083b3        0x1 
 .rodata.__func__.4416
                0x00000000100083b4        0x9 CMakeFiles/i2cTest.dir/home/super/pico/pico-sdk/src/rp2_common/hardware_pll/pll.c.obj
 *fill*         0x00000000100083bd        0x3 
 .rodata._ftoa.str1.4
                0x00000000100083c0       0x15 CMakeFiles/i2cTest.dir/home/super/pico/pico-sdk/src/rp2_common/pico_printf/printf.c.obj
 *fill*         0x00000000100083d5        0x3 
 .rodata._vsnprintf
                0x00000000100083d8      0x1e0 CMakeFiles/i2cTest.dir/home/super/pico/pico-sdk/src/rp2_common/pico_printf/printf.c.obj
 .rodata.pow10.5431
                0x00000000100085b8       0x50 CMakeFiles/i2cTest.dir/home/super/pico/pico-sdk/src/rp2_common/pico_printf/printf.c.obj
 .rodata.__aeabi_double_init.str1.4
                0x0000000010008608       0xa7 CMakeFiles/i2cTest.dir/home/super/pico/pico-sdk/src/rp2_common/pico_double/double_init_rom.c.obj
 *fill*         0x00000000100086af        0x1 
 .rodata.__func__.4728
                0x00000000100086b0       0x14 CMakeFiles/i2cTest.dir/home/super/pico/pico-sdk/src/rp2_common/pico_double/double_init_rom.c.obj
 .rodata.__aeabi_float_init.str1.4
                0x00000000100086c4       0x79 CMakeFiles/i2cTest.dir/home/super/pico/pico-sdk/src/rp2_common/pico_float/float_init_rom.c.obj
                                         0x7d (size before relaxing)
 *fill*         0x000000001000873d        0x3 
 .rodata.__func__.4729
                0x0000000010008740       0x13 CMakeFiles/i2cTest.dir/home/super/pico/pico-sdk/src/rp2_common/pico_float/float_init_rom.c.obj
 *fill*         0x0000000010008753        0x1 
 .rodata.str1.4
                0x0000000010008754       0x40 CMakeFiles/i2cTest.dir/home/super/pico/pico-sdk/src/rp2_common/pico_standard_link/binary_info.c.obj
 .rodata.__bi_44
                0x0000000010008794        0xc CMakeFiles/i2cTest.dir/home/super/pico/pico-sdk/src/rp2_common/pico_standard_link/binary_info.c.obj
 .rodata.__bi_56
                0x00000000100087a0        0xc CMakeFiles/i2cTest.dir/home/super/pico/pico-sdk/src/rp2_common/pico_standard_link/binary_info.c.obj
 .rodata.__bi_75
                0x00000000100087ac        0xc CMakeFiles/i2cTest.dir/home/super/pico/pico-sdk/src/rp2_common/pico_standard_link/binary_info.c.obj
 .rodata.__bi_81
                0x00000000100087b8        0xc CMakeFiles/i2cTest.dir/home/super/pico/pico-sdk/src/rp2_common/pico_standard_link/binary_info.c.obj
 .rodata.crlf_str.6065
                0x00000000100087c4        0x2 CMakeFiles/i2cTest.dir/home/super/pico/pico-sdk/src/rp2_common/pico_stdio/stdio.c.obj
 *fill*         0x00000000100087c6        0x2 
 .rodata.str1.4
                0x00000000100087c8       0x2c CMakeFiles/i2cTest.dir/home/super/pico/pico-sdk/src/rp2_common/pico_stdio_uart/stdio_uart.c.obj
 .rodata.__bi_28.4863
                0x00000000100087f4        0xc CMakeFiles/i2cTest.dir/home/super/pico/pico-sdk/src/rp2_common/pico_stdio_uart/stdio_uart.c.obj
 .rodata.__bi_29.4867
                0x0000000010008800        0x8 CMakeFiles/i2cTest.dir/home/super/pico/pico-sdk/src/rp2_common/pico_stdio_uart/stdio_uart.c.obj
 .rodata._resetd_driver
                0x0000000010008808       0x18 CMakeFiles/i2cTest.dir/home/super/pico/pico-sdk/src/rp2_common/pico_stdio_usb/reset_interface.c.obj
 .rodata.timer_task.str1.4
                0x0000000010008820       0x6c CMakeFiles/i2cTest.dir/home/super/pico/pico-sdk/src/rp2_common/pico_stdio_usb/stdio_usb.c.obj
 .rodata.stdio_usb_init.str1.4
                0x000000001000888c       0x60 CMakeFiles/i2cTest.dir/home/super/pico/pico-sdk/src/rp2_common/pico_stdio_usb/stdio_usb.c.obj
 .rodata.str1.4
                0x000000001000888c       0x13 CMakeFiles/i2cTest.dir/home/super/pico/pico-sdk/src/rp2_common/pico_stdio_usb/stdio_usb.c.obj
 *fill*         0x000000001000889f        0x1 
 .rodata.__bi_118.7243
                0x00000000100088a0        0xc CMakeFiles/i2cTest.dir/home/super/pico/pico-sdk/src/rp2_common/pico_stdio_usb/stdio_usb.c.obj
 .rodata.__func__.5424
                0x00000000100088ac       0x15 CMakeFiles/i2cTest.dir/home/super/pico/pico-sdk/src/rp2_common/pico_stdio_usb/stdio_usb.c.obj
 *fill*         0x00000000100088c1        0x3 
 .rodata.__func__.7217
                0x00000000100088c4        0xb CMakeFiles/i2cTest.dir/home/super/pico/pico-sdk/src/rp2_common/pico_stdio_usb/stdio_usb.c.obj
 *fill*         0x00000000100088cf        0x1 
 .rodata.str1.4
                0x00000000100088d0       0x2a CMakeFiles/i2cTest.dir/home/super/pico/pico-sdk/src/rp2_common/pico_stdio_usb/stdio_usb_descriptors.c.obj
 *fill*         0x00000000100088fa        0x2 
 .rodata.usbd_desc_cfg
                0x00000000100088fc       0x54 CMakeFiles/i2cTest.dir/home/super/pico/pico-sdk/src/rp2_common/pico_stdio_usb/stdio_usb_descriptors.c.obj
 .rodata.usbd_desc_device
                0x0000000010008950       0x12 CMakeFiles/i2cTest.dir/home/super/pico/pico-sdk/src/rp2_common/pico_stdio_usb/stdio_usb_descriptors.c.obj
 *fill*         0x0000000010008962        0x2 
 .rodata.usbd_desc_str
                0x0000000010008964       0x18 CMakeFiles/i2cTest.dir/home/super/pico/pico-sdk/src/rp2_common/pico_stdio_usb/stdio_usb_descriptors.c.obj
 .rodata._hw_endpoint_alloc.str1.4
                0x000000001000897c       0xb5 CMakeFiles/i2cTest.dir/home/super/pico/pico-sdk/lib/tinyusb/src/portable/raspberrypi/rp2040/dcd_rp2040.c.obj
 *fill*         0x0000000010008a31        0x3 
 .rodata.dcd_rp2040_irq.str1.4
                0x0000000010008a34       0x14 CMakeFiles/i2cTest.dir/home/super/pico/pico-sdk/lib/tinyusb/src/portable/raspberrypi/rp2040/dcd_rp2040.c.obj
 .rodata.dcd_int_enable.str1.4
                0x0000000010008a48        0xc CMakeFiles/i2cTest.dir/home/super/pico/pico-sdk/lib/tinyusb/src/portable/raspberrypi/rp2040/dcd_rp2040.c.obj
 .rodata.__func__.6909
                0x0000000010008a54       0x13 CMakeFiles/i2cTest.dir/home/super/pico/pico-sdk/lib/tinyusb/src/portable/raspberrypi/rp2040/dcd_rp2040.c.obj
 *fill*         0x0000000010008a67        0x1 
 .rodata.__func__.6962
                0x0000000010008a68        0x9 CMakeFiles/i2cTest.dir/home/super/pico/pico-sdk/lib/tinyusb/src/portable/raspberrypi/rp2040/dcd_rp2040.c.obj
 *fill*         0x0000000010008a71        0x3 
 .rodata.__func__.6966
                0x0000000010008a74        0xf CMakeFiles/i2cTest.dir/home/super/pico/pico-sdk/lib/tinyusb/src/portable/raspberrypi/rp2040/dcd_rp2040.c.obj
 *fill*         0x0000000010008a83        0x1 
 .rodata.__func__.6975
                0x0000000010008a84       0x10 CMakeFiles/i2cTest.dir/home/super/pico/pico-sdk/lib/tinyusb/src/portable/raspberrypi/rp2040/dcd_rp2040.c.obj
 .rodata.__func__.6994
                0x0000000010008a94        0xe CMakeFiles/i2cTest.dir/home/super/pico/pico-sdk/lib/tinyusb/src/portable/raspberrypi/rp2040/dcd_rp2040.c.obj
 *fill*         0x0000000010008aa2        0x2 
 .rodata.__func__.7004
                0x0000000010008aa4        0xe CMakeFiles/i2cTest.dir/home/super/pico/pico-sdk/lib/tinyusb/src/portable/raspberrypi/rp2040/dcd_rp2040.c.obj
 *fill*         0x0000000010008ab2        0x2 
 .rodata.sync_ep_buffer.str1.4
                0x0000000010008ab4       0x91 CMakeFiles/i2cTest.dir/home/super/pico/pico-sdk/lib/tinyusb/src/portable/raspberrypi/rp2040/rp2040_usb.c.obj
 *fill*         0x0000000010008b45        0x3 
 .rodata._hw_endpoint_buffer_control_update32.str1.4
                0x0000000010008b48       0x1f CMakeFiles/i2cTest.dir/home/super/pico/pico-sdk/lib/tinyusb/src/portable/raspberrypi/rp2040/rp2040_usb.c.obj
 *fill*         0x0000000010008b67        0x1 
 .rodata.hw_endpoint_xfer_start.str1.4
                0x0000000010008b68       0x38 CMakeFiles/i2cTest.dir/home/super/pico/pico-sdk/lib/tinyusb/src/portable/raspberrypi/rp2040/rp2040_usb.c.obj
 .rodata.hw_endpoint_xfer_continue.str1.4
                0x0000000010008ba0       0x29 CMakeFiles/i2cTest.dir/home/super/pico/pico-sdk/lib/tinyusb/src/portable/raspberrypi/rp2040/rp2040_usb.c.obj
 .rodata.str1.4
                0x0000000010008bc9       0x29 CMakeFiles/i2cTest.dir/home/super/pico/pico-sdk/lib/tinyusb/src/portable/raspberrypi/rp2040/rp2040_usb.c.obj
                                          0x7 (size before relaxing)
 *fill*         0x0000000010008bc9        0x3 
 .rodata.__func__.6674
                0x0000000010008bcc        0xf CMakeFiles/i2cTest.dir/home/super/pico/pico-sdk/lib/tinyusb/src/portable/raspberrypi/rp2040/rp2040_usb.c.obj
 *fill*         0x0000000010008bdb        0x1 
 .rodata.process_set_config.str1.4
                0x0000000010008bdc       0x17 CMakeFiles/i2cTest.dir/home/super/pico/pico-sdk/lib/tinyusb/src/device/usbd.c.obj
 *fill*         0x0000000010008bf3        0x1 
 .rodata.process_get_descriptor
                0x0000000010008bf4       0x40 CMakeFiles/i2cTest.dir/home/super/pico/pico-sdk/lib/tinyusb/src/device/usbd.c.obj
 .rodata.process_control_request
                0x0000000010008c34       0x28 CMakeFiles/i2cTest.dir/home/super/pico/pico-sdk/lib/tinyusb/src/device/usbd.c.obj
 .rodata.tud_task
                0x0000000010008c5c       0x24 CMakeFiles/i2cTest.dir/home/super/pico/pico-sdk/lib/tinyusb/src/device/usbd.c.obj
 .rodata.__func__.6575
                0x0000000010008c80       0x10 CMakeFiles/i2cTest.dir/home/super/pico/pico-sdk/lib/tinyusb/src/device/usbd.c.obj
 .rodata.__func__.7373
                0x0000000010008c90        0x9 CMakeFiles/i2cTest.dir/home/super/pico/pico-sdk/lib/tinyusb/src/device/usbd.c.obj
 *fill*         0x0000000010008c99        0x3 
 .rodata.__func__.7394
                0x0000000010008c9c       0x18 CMakeFiles/i2cTest.dir/home/super/pico/pico-sdk/lib/tinyusb/src/device/usbd.c.obj
 .rodata.__func__.7437
                0x0000000010008cb4       0x13 CMakeFiles/i2cTest.dir/home/super/pico/pico-sdk/lib/tinyusb/src/device/usbd.c.obj
 *fill*         0x0000000010008cc7        0x1 
 .rodata.__func__.7472
                0x0000000010008cc8       0x17 CMakeFiles/i2cTest.dir/home/super/pico/pico-sdk/lib/tinyusb/src/device/usbd.c.obj
 *fill*         0x0000000010008cdf        0x1 
 .rodata.__func__.7526
                0x0000000010008ce0       0x14 CMakeFiles/i2cTest.dir/home/super/pico/pico-sdk/lib/tinyusb/src/device/usbd.c.obj
 .rodata.__func__.7540
                0x0000000010008cf4        0xf CMakeFiles/i2cTest.dir/home/super/pico/pico-sdk/lib/tinyusb/src/device/usbd.c.obj
 *fill*         0x0000000010008d03        0x1 
 .rodata.__func__.7563
                0x0000000010008d04        0xf CMakeFiles/i2cTest.dir/home/super/pico/pico-sdk/lib/tinyusb/src/device/usbd.c.obj
 *fill*         0x0000000010008d13        0x1 
 .rodata._usbd_driver
                0x0000000010008d14       0x18 CMakeFiles/i2cTest.dir/home/super/pico/pico-sdk/lib/tinyusb/src/device/usbd.c.obj
 .rodata.tud_control_xfer.str1.4
                0x0000000010008d2c       0x17 CMakeFiles/i2cTest.dir/home/super/pico/pico-sdk/lib/tinyusb/src/device/usbd_control.c.obj
 .rodata.__func__.7288
                0x0000000010008d2c       0x11 CMakeFiles/i2cTest.dir/home/super/pico/pico-sdk/lib/tinyusb/src/device/usbd_control.c.obj
 *fill*         0x0000000010008d3d        0x3 
 .rodata.__func__.7315
                0x0000000010008d40       0x15 CMakeFiles/i2cTest.dir/home/super/pico/pico-sdk/lib/tinyusb/src/device/usbd_control.c.obj
 .rodata.tud_cdc_n_write_flush.str1.4
                0x0000000010008d55       0x17 CMakeFiles/i2cTest.dir/home/super/pico/pico-sdk/lib/tinyusb/src/class/cdc/cdc_device.c.obj
 *fill*         0x0000000010008d55        0x3 
 .rodata.__func__.7224
                0x0000000010008d58       0x16 CMakeFiles/i2cTest.dir/home/super/pico/pico-sdk/lib/tinyusb/src/class/cdc/cdc_device.c.obj
 *fill*         0x0000000010008d6e        0x2 
 .rodata.__func__.7257
                0x0000000010008d70        0xa CMakeFiles/i2cTest.dir/home/super/pico/pico-sdk/lib/tinyusb/src/class/cdc/cdc_device.c.obj
 *fill*         0x0000000010008d7a        0x2 
 .rodata.__func__.7292
                0x0000000010008d7c        0xd CMakeFiles/i2cTest.dir/home/super/pico/pico-sdk/lib/tinyusb/src/class/cdc/cdc_device.c.obj
 .rodata.tusb_init.str1.4
                0x0000000010008d89       0x17 CMakeFiles/i2cTest.dir/home/super/pico/pico-sdk/lib/tinyusb/src/tusb.c.obj
 *fill*         0x0000000010008d89        0x3 
 .rodata.__func__.7161
                0x0000000010008d8c        0xa CMakeFiles/i2cTest.dir/home/super/pico/pico-sdk/lib/tinyusb/src/tusb.c.obj
 *fill*         0x0000000010008d96        0x2 
 .rodata.__func__.7173
                0x0000000010008d98       0x11 CMakeFiles/i2cTest.dir/home/super/pico/pico-sdk/lib/tinyusb/src/tusb.c.obj
 *fill*         0x0000000010008da9        0x3 
 .rodata.pico_get_unique_board_id_string.str1.4
                0x0000000010008dac       0x4c CMakeFiles/i2cTest.dir/home/super/pico/pico-sdk/src/rp2_common/pico_unique_id/unique_id.c.obj
 .rodata.__func__.4296
                0x0000000010008df8       0x20 CMakeFiles/i2cTest.dir/home/super/pico/pico-sdk/src/rp2_common/pico_unique_id/unique_id.c.obj
 .rodata.str1.4
                0x0000000010008e18      0x156 CMakeFiles/i2cTest.dir/home/super/pico/pico-sdk/src/rp2_common/hardware_flash/flash.c.obj
 *fill*         0x0000000010008f6e        0x2 
 .rodata.__func__.4470
                0x0000000010008f70        0xd CMakeFiles/i2cTest.dir/home/super/pico/pico-sdk/src/rp2_common/hardware_flash/flash.c.obj
 *fill*         0x0000000010008f7d        0x3 
 .rodata.i2c_set_baudrate.str1.4
                0x0000000010008f80       0x5c CMakeFiles/i2cTest.dir/home/super/pico/pico-sdk/src/rp2_common/hardware_i2c/i2c.c.obj
 .rodata.__func__.4798
                0x0000000010008fdc       0x11 CMakeFiles/i2cTest.dir/home/super/pico/pico-sdk/src/rp2_common/hardware_i2c/i2c.c.obj
                0x0000000010008ff0                . = ALIGN (0x4)
 *fill*         0x0000000010008fed        0x3 
 *(SORT_BY_ALIGNMENT(SORT_BY_NAME(.flashdata*)))
                0x0000000010008ff0                . = ALIGN (0x4)

.rel.dyn        0x0000000010008ff0        0x0
 .rel.iplt      0x0000000010008ff0        0x0 /usr/lib/gcc/arm-none-eabi/9.2.1/thumb/v6-m/nofp/crtbegin.o

.ARM.extab
 *(.ARM.extab* .gnu.linkonce.armextab.*)
                0x0000000010008ff0                __exidx_start = .

.ARM.exidx
 *(.ARM.exidx* .gnu.linkonce.armexidx.*)
                0x0000000010008ff0                __exidx_end = .
                0x0000000010008ff0                . = ALIGN (0x4)
                0x0000000010008ff0                __binary_info_start = .

.binary_info    0x0000000010008ff0       0x30
 *(.binary_info.keep.*)
 .binary_info.keep.__bi_ptr41
                0x0000000010008ff0        0x4 CMakeFiles/i2cTest.dir/i2cTest.c.obj
 .binary_info.keep.__bi_ptr22
                0x0000000010008ff4        0x4 CMakeFiles/i2cTest.dir/home/super/pico/pico-sdk/src/rp2_common/pico_standard_link/binary_info.c.obj
 .binary_info.keep.__bi_ptr30
                0x0000000010008ff8        0x4 CMakeFiles/i2cTest.dir/home/super/pico/pico-sdk/src/rp2_common/pico_standard_link/binary_info.c.obj
 .binary_info.keep.__bi_ptr38
                0x0000000010008ffc        0x4 CMakeFiles/i2cTest.dir/home/super/pico/pico-sdk/src/rp2_common/pico_standard_link/binary_info.c.obj
 .binary_info.keep.__bi_ptr44
                0x0000000010009000        0x4 CMakeFiles/i2cTest.dir/home/super/pico/pico-sdk/src/rp2_common/pico_standard_link/binary_info.c.obj
 .binary_info.keep.__bi_ptr50
                0x0000000010009004        0x4 CMakeFiles/i2cTest.dir/home/super/pico/pico-sdk/src/rp2_common/pico_standard_link/binary_info.c.obj
 .binary_info.keep.__bi_ptr56
                0x0000000010009008        0x4 CMakeFiles/i2cTest.dir/home/super/pico/pico-sdk/src/rp2_common/pico_standard_link/binary_info.c.obj
 .binary_info.keep.__bi_ptr75
                0x000000001000900c        0x4 CMakeFiles/i2cTest.dir/home/super/pico/pico-sdk/src/rp2_common/pico_standard_link/binary_info.c.obj
 .binary_info.keep.__bi_ptr81
                0x0000000010009010        0x4 CMakeFiles/i2cTest.dir/home/super/pico/pico-sdk/src/rp2_common/pico_standard_link/binary_info.c.obj
 *(.binary_info.*)
 .binary_info.__bi_ptr28
                0x0000000010009014        0x4 CMakeFiles/i2cTest.dir/home/super/pico/pico-sdk/src/rp2_common/pico_stdio_uart/stdio_uart.c.obj
 .binary_info.__bi_ptr29
                0x0000000010009018        0x4 CMakeFiles/i2cTest.dir/home/super/pico/pico-sdk/src/rp2_common/pico_stdio_uart/stdio_uart.c.obj
 .binary_info.__bi_ptr118
                0x000000001000901c        0x4 CMakeFiles/i2cTest.dir/home/super/pico/pico-sdk/src/rp2_common/pico_stdio_usb/stdio_usb.c.obj
                0x0000000010009020                __binary_info_end = .
                0x0000000010009020                . = ALIGN (0x4)
                0x0000000010009020                __etext = .

.ram_vector_table
                0x0000000020000000       0xc0
 *(.ram_vector_table)
 .ram_vector_table
                0x0000000020000000       0xc0 CMakeFiles/i2cTest.dir/home/super/pico/pico-sdk/src/rp2_common/pico_runtime/runtime.c.obj
                0x0000000020000000                ram_vector_table

.data           0x00000000200000c0      0x47c load address 0x0000000010009020
                0x00000000200000c0                __data_start__ = .
 *(vtable)
 *(.time_critical*)
 .time_critical.mutex_enter_blocking
                0x00000000200000c0       0x48 CMakeFiles/i2cTest.dir/home/super/pico/pico-sdk/src/common/pico_sync/mutex.c.obj
                0x00000000200000c0                mutex_enter_blocking
 .time_critical.mutex_try_enter
                0x0000000020000108       0x48 CMakeFiles/i2cTest.dir/home/super/pico/pico-sdk/src/common/pico_sync/mutex.c.obj
                0x0000000020000108                mutex_try_enter
 .time_critical.mutex_enter_block_until
                0x0000000020000150       0x88 CMakeFiles/i2cTest.dir/home/super/pico/pico-sdk/src/common/pico_sync/mutex.c.obj
                0x0000000020000150                mutex_enter_block_until
 .time_critical.mutex_enter_timeout_ms
                0x00000000200001d8       0x78 CMakeFiles/i2cTest.dir/home/super/pico/pico-sdk/src/common/pico_sync/mutex.c.obj
                0x00000000200001d8                mutex_enter_timeout_ms
 .time_critical.mutex_exit
                0x0000000020000250       0x4c CMakeFiles/i2cTest.dir/home/super/pico/pico-sdk/src/common/pico_sync/mutex.c.obj
                0x0000000020000250                mutex_exit
 .time_critical.flash_init_boot2_copyout
                0x000000002000029c       0x30 CMakeFiles/i2cTest.dir/home/super/pico/pico-sdk/src/rp2_common/hardware_flash/flash.c.obj
 .time_critical.flash_enable_xip_via_boot2
                0x00000000200002cc       0x10 CMakeFiles/i2cTest.dir/home/super/pico/pico-sdk/src/rp2_common/hardware_flash/flash.c.obj
 .time_critical.flash_cs_force
                0x00000000200002dc       0x28 CMakeFiles/i2cTest.dir/home/super/pico/pico-sdk/src/rp2_common/hardware_flash/flash.c.obj
 .time_critical.flash_do_cmd
                0x0000000020000304       0xd8 CMakeFiles/i2cTest.dir/home/super/pico/pico-sdk/src/rp2_common/hardware_flash/flash.c.obj
                0x0000000020000304                flash_do_cmd
 *(.text*)
 .text          0x00000000200003dc        0x4 /usr/lib/gcc/arm-none-eabi/9.2.1/thumb/v6-m/nofp/libgcc.a(_dvmd_tls.o)
                0x00000000200003dc                __aeabi_ldiv0
                0x00000000200003dc                __aeabi_idiv0
 .text.__stub   0x00000000200003e0       0x40 linker stubs
                0x0000000020000420                . = ALIGN (0x4)
 *(.rodata*)
                0x0000000020000420                . = ALIGN (0x4)
 *(.data*)
 .data.striped_spin_lock_num
                0x0000000020000420        0x1 CMakeFiles/i2cTest.dir/home/super/pico/pico-sdk/src/rp2_common/hardware_sync/sync.c.obj
 *fill*         0x0000000020000421        0x3 
 .data          0x0000000020000424       0x48 CMakeFiles/i2cTest.dir/home/super/pico/pico-sdk/src/rp2_common/hardware_irq/irq_handler_chain.S.obj
                0x0000000020000424                irq_handler_chain_slots