Archive member included to satisfy reference by file (symbol)

/usr/lib/gcc/arm-none-eabi/9.2.1/thumb/v6-m/nofp/libgcc.a(_dvmd_tls.o)
                              CMakeFiles/i2cTest.dir/home/super/pico/pico-sdk/src/rp2_common/pico_divider/divider.S.obj (__aeabi_idiv0)
/usr/lib/gcc/arm-none-eabi/9.2.1/../../../arm-none-eabi/lib/thumb/v6-m/nofp/libc.a(lib_a-atexit.o)
                              /usr/lib/gcc/arm-none-eabi/9.2.1/../../../arm-none-eabi/lib/thumb/v6-m/nofp/crt0.o (atexit)
/usr/lib/gcc/arm-none-eabi/9.2.1/../../../arm-none-eabi/lib/thumb/v6-m/nofp/libc.a(lib_a-calloc.o)
                              CMakeFiles/i2cTest.dir/home/super/pico/pico-sdk/src/rp2_common/pico_malloc/pico_malloc.c.obj (calloc)
/usr/lib/gcc/arm-none-eabi/9.2.1/../../../arm-none-eabi/lib/thumb/v6-m/nofp/libc.a(lib_a-callocr.o)
                              /usr/lib/gcc/arm-none-eabi/9.2.1/../../../arm-none-eabi/lib/thumb/v6-m/nofp/libc.a(lib_a-calloc.o) (_calloc_r)
/usr/lib/gcc/arm-none-eabi/9.2.1/../../../arm-none-eabi/lib/thumb/v6-m/nofp/libc.a(lib_a-fini.o)
                              /usr/lib/gcc/arm-none-eabi/9.2.1/../../../arm-none-eabi/lib/thumb/v6-m/nofp/crt0.o (__libc_fini_array)
/usr/lib/gcc/arm-none-eabi/9.2.1/../../../arm-none-eabi/lib/thumb/v6-m/nofp/libc.a(lib_a-impure.o)
                              /usr/lib/gcc/arm-none-eabi/9.2.1/../../../arm-none-eabi/lib/thumb/v6-m/nofp/libc.a(lib_a-calloc.o) (_impure_ptr)
/usr/lib/gcc/arm-none-eabi/9.2.1/../../../arm-none-eabi/lib/thumb/v6-m/nofp/libc.a(lib_a-init.o)
                              /usr/lib/gcc/arm-none-eabi/9.2.1/../../../arm-none-eabi/lib/thumb/v6-m/nofp/crt0.o (__libc_init_array)
/usr/lib/gcc/arm-none-eabi/9.2.1/../../../arm-none-eabi/lib/thumb/v6-m/nofp/libc.a(lib_a-malloc.o)
                              CMakeFiles/i2cTest.dir/home/super/pico/pico-sdk/src/rp2_common/pico_malloc/pico_malloc.c.obj (malloc)
/usr/lib/gcc/arm-none-eabi/9.2.1/../../../arm-none-eabi/lib/thumb/v6-m/nofp/libc.a(lib_a-mallocr.o)
                              /usr/lib/gcc/arm-none-eabi/9.2.1/../../../arm-none-eabi/lib/thumb/v6-m/nofp/libc.a(lib_a-callocr.o) (_malloc_r)
/usr/lib/gcc/arm-none-eabi/9.2.1/../../../arm-none-eabi/lib/thumb/v6-m/nofp/libc.a(lib_a-mlock.o)
                              /usr/lib/gcc/arm-none-eabi/9.2.1/../../../arm-none-eabi/lib/thumb/v6-m/nofp/libc.a(lib_a-mallocr.o) (__malloc_lock)
/usr/lib/gcc/arm-none-eabi/9.2.1/../../../arm-none-eabi/lib/thumb/v6-m/nofp/libc.a(lib_a-realloc.o)
                              CMakeFiles/i2cTest.dir/home/super/pico/pico-sdk/src/rp2_common/pico_malloc/pico_malloc.c.obj (realloc)
/usr/lib/gcc/arm-none-eabi/9.2.1/../../../arm-none-eabi/lib/thumb/v6-m/nofp/libc.a(lib_a-reallocr.o)
                              /usr/lib/gcc/arm-none-eabi/9.2.1/../../../arm-none-eabi/lib/thumb/v6-m/nofp/libc.a(lib_a-realloc.o) (_realloc_r)
/usr/lib/gcc/arm-none-eabi/9.2.1/../../../arm-none-eabi/lib/thumb/v6-m/nofp/libc.a(lib_a-sbrkr.o)
                              /usr/lib/gcc/arm-none-eabi/9.2.1/../../../arm-none-eabi/lib/thumb/v6-m/nofp/libc.a(lib_a-mallocr.o) (_sbrk_r)
/usr/lib/gcc/arm-none-eabi/9.2.1/../../../arm-none-eabi/lib/thumb/v6-m/nofp/libc.a(lib_a-strlen-stub.o)
                              CMakeFiles/i2cTest.dir/home/super/pico/pico-sdk/src/rp2_common/pico_stdio/stdio.c.obj (strlen)
/usr/lib/gcc/arm-none-eabi/9.2.1/../../../arm-none-eabi/lib/thumb/v6-m/nofp/libc.a(lib_a-__atexit.o)
                              /usr/lib/gcc/arm-none-eabi/9.2.1/../../../arm-none-eabi/lib/thumb/v6-m/nofp/libc.a(lib_a-atexit.o) (__register_exitproc)
/usr/lib/gcc/arm-none-eabi/9.2.1/../../../arm-none-eabi/lib/thumb/v6-m/nofp/libc.a(lib_a-freer.o)
                              /usr/lib/gcc/arm-none-eabi/9.2.1/../../../arm-none-eabi/lib/thumb/v6-m/nofp/libc.a(lib_a-malloc.o) (_free_r)
/usr/lib/gcc/arm-none-eabi/9.2.1/../../../arm-none-eabi/lib/thumb/v6-m/nofp/libc.a(lib_a-memmove.o)
                              /usr/lib/gcc/arm-none-eabi/9.2.1/../../../arm-none-eabi/lib/thumb/v6-m/nofp/libc.a(lib_a-reallocr.o) (memmove)
/usr/lib/gcc/arm-none-eabi/9.2.1/../../../arm-none-eabi/lib/thumb/v6-m/nofp/libc.a(lib_a-reent.o)
                              /usr/lib/gcc/arm-none-eabi/9.2.1/../../../arm-none-eabi/lib/thumb/v6-m/nofp/libc.a(lib_a-sbrkr.o) (errno)

Allocating common symbols
Common symbol       size              file

sf_table            0x100             CMakeFiles/i2cTest.dir/home/super/pico/pico-sdk/src/rp2_common/pico_float/float_init_rom.c.obj
errno               0x4               /usr/lib/gcc/arm-none-eabi/9.2.1/../../../arm-none-eabi/lib/thumb/v6-m/nofp/libc.a(lib_a-reent.o)
_usbd_qdef_buf      0xc0              CMakeFiles/i2cTest.dir/home/super/pico/pico-sdk/lib/tinyusb/src/device/usbd.c.obj
sd_table            0x100             CMakeFiles/i2cTest.dir/home/super/pico/pico-sdk/src/rp2_common/pico_double/double_init_rom.c.obj
uart_char_to_line_feed
[...]
Memory Configuration

Name             Origin             Length             Attributes
FLASH            0x0000000010000000 0x0000000000200000 xr
RAM              0x0000000020000000 0x0000000000040000 xrw
SCRATCH_X        0x0000000020040000 0x0000000000001000 xrw
SCRATCH_Y        0x0000000020041000 0x0000000000001000 xrw
*default*        0x0000000000000000 0xffffffffffffffff

Linker script and memory map

LOAD /usr/lib/gcc/arm-none-eabi/9.2.1/thumb/v6-m/nofp/crti.o
LOAD /usr/lib/gcc/arm-none-eabi/9.2.1/thumb/v6-m/nofp/crtbegin.o
LOAD /usr/lib/gcc/arm-none-eabi/9.2.1/../../../arm-none-eabi/lib/thumb/v6-m/nofp/crt0.o

.flash_begin    0x0000000010000000        0x0
                0x0000000010000000                __flash_binary_start = .

.boot2          0x0000000010000000      0x100
                0x0000000010000000                __boot2_start__ = .
 *(.boot2)
 .boot2         0x0000000010000000      0x100 /tmp/ccUYpGcS.o
                0x0000000010000100                __boot2_end__ = .
                0x0000000000000001                ASSERT (((__boot2_end__ - __boot2_start__) == 0x100), ERROR: Pico second stage bootloader must be 256 bytes in size)

.text           0x0000000010000100     0x76c0
                0x0000000010000100                __logical_binary_start = .
 *(.vectors)
 .vectors       0x0000000010000100       0xd4 CMakeFiles/i2cTest.dir/home/super/pico/pico-sdk/src/rp2_common/pico_standard_link/crt0.S.obj
                0x0000000010000100                __vectors
                0x0000000010000100                __VECTOR_TABLE
                0x00000000100001c0                isr_invalid
                0x00000000100001c0                __default_isrs_start
                0x00000000100001c2                isr_nmi
                0x00000000100001c4                isr_hardfault
                0x00000000100001c6                isr_svcall
                0x00000000100001c8                isr_pendsv
                0x00000000100001ca                isr_systick
                0x00000000100001cc                isr_irq30
                0x00000000100001cc                __unhandled_user_irq
                0x00000000100001cc                isr_irq13
                0x00000000100001cc                isr_irq27
                0x00000000100001cc                isr_irq31
                0x00000000100001cc                isr_irq5
                0x00000000100001cc                isr_irq11
                0x00000000100001cc                isr_irq23
                0x00000000100001cc                isr_irq18
                0x00000000100001cc                isr_irq28
                0x00000000100001cc                isr_irq19
                0x00000000100001cc                isr_irq0
                0x00000000100001cc                isr_irq6
                0x00000000100001cc                isr_irq22
                0x00000000100001cc                isr_irq17
                0x00000000100001cc                isr_irq14
                0x00000000100001cc                isr_irq2
                0x00000000100001cc                isr_irq10
                0x00000000100001cc                isr_irq8
                0x00000000100001cc                isr_irq24
                0x00000000100001cc                isr_irq1
                0x00000000100001cc                isr_irq7
                0x00000000100001cc                isr_irq21
                0x00000000100001cc                isr_irq20
                0x00000000100001cc                isr_irq15
                0x00000000100001cc                isr_irq25
                0x00000000100001cc                isr_irq4
                0x00000000100001cc                isr_irq16
                0x00000000100001cc                isr_irq29
                0x00000000100001cc                isr_irq26
                0x00000000100001cc                __default_isrs_end
                0x00000000100001cc                isr_irq3
                0x00000000100001cc                isr_irq12
                0x00000000100001cc                isr_irq9
                0x00000000100001d2                unhandled_user_irq_num_in_r0
 *(.binary_info_header)
 .binary_info_header
                0x00000000100001d4       0x14 CMakeFiles/i2cTest.dir/home/super/pico/pico-sdk/src/rp2_common/pico_standard_link/crt0.S.obj
                0x00000000100001e8                __binary_info_header_end = .
 *(.reset)
 .reset         0x00000000100001e8       0xa8 CMakeFiles/i2cTest.dir/home/super/pico/pico-sdk/src/rp2_common/pico_standard_link/crt0.S.obj
                0x00000000100001e8                _entry_point
                0x0000000010000266                __get_current_exception
 .reset         0x0000000010000290       0x30 CMakeFiles/i2cTest.dir/home/super/pico/pico-sdk/src/rp2_common/pico_standard_link/binary_info.c.obj
 *(.init)
 .init          0x00000000100002c0        0x4 /usr/lib/gcc/arm-none-eabi/9.2.1/thumb/v6-m/nofp/crti.o
                0x00000000100002c0                _init
 *(EXCLUDE_FILE(*libm.a: *libc.a:*lib_a-mem*.o *libgcc.a:) .text*)
 .text          0x00000000100002c4       0x98 /usr/lib/gcc/arm-none-eabi/9.2.1/thumb/v6-m/nofp/crtbegin.o
 .text.startup.main
                0x000000001000035c      0x12c CMakeFiles/i2cTest.dir/i2cTest.c.obj
                0x000000001000035c                main
 .text.gpio_set_function
                0x0000000010000488       0x30 CMakeFiles/i2cTest.dir/home/super/pico/pico-sdk/src/rp2_common/hardware_gpio/gpio.c.obj
                0x0000000010000488                gpio_set_function
 .text.gpio_set_pulls
                0x00000000100004b8       0x30 CMakeFiles/i2cTest.dir/home/super/pico/pico-sdk/src/rp2_common/hardware_gpio/gpio.c.obj
                0x00000000100004b8                gpio_set_pulls
 .text.hw_claim_or_assert
                0x00000000100004e8       0x48 CMakeFiles/i2cTest.dir/home/super/pico/pico-sdk/src/rp2_common/hardware_claim/claim.c.obj
                0x00000000100004e8                hw_claim_or_assert
 .text.hw_claim_unused_from_range
                0x0000000010000530       0x9c CMakeFiles/i2cTest.dir/home/super/pico/pico-sdk/src/rp2_common/hardware_claim/claim.c.obj
                0x0000000010000530                hw_claim_unused_from_range
 .text.running_on_fpga
                0x00000000100005cc       0x10 CMakeFiles/i2cTest.dir/home/super/pico/pico-sdk/src/rp2_common/pico_platform/platform.c.obj
                0x00000000100005cc                running_on_fpga
 .text.spin_locks_reset
                0x00000000100005dc       0x1c CMakeFiles/i2cTest.dir/home/super/pico/pico-sdk/src/rp2_common/hardware_sync/sync.c.obj
                0x00000000100005dc                spin_locks_reset
 .text.next_striped_spin_lock_num
                0x00000000100005f8       0x18 CMakeFiles/i2cTest.dir/home/super/pico/pico-sdk/src/rp2_common/hardware_sync/sync.c.obj
                0x00000000100005f8                next_striped_spin_lock_num
 .text.spin_lock_claim_unused
                0x0000000010000610       0x20 CMakeFiles/i2cTest.dir/home/super/pico/pico-sdk/src/rp2_common/hardware_sync/sync.c.obj
                0x0000000010000610                spin_lock_claim_unused
 .text.irq_set_enabled
                0x0000000010000630       0x24 CMakeFiles/i2cTest.dir/home/super/pico/pico-sdk/src/rp2_common/hardware_irq/irq.c.obj
                0x0000000010000630                irq_set_enabled
 .text.irq_set_pending
                0x0000000010000654       0x10 CMakeFiles/i2cTest.dir/home/super/pico/pico-sdk/src/rp2_common/hardware_irq/irq.c.obj
                0x0000000010000654                irq_set_pending
 .text.irq_has_shared_handler
                0x0000000010000664       0x2c CMakeFiles/i2cTest.dir/home/super/pico/pico-sdk/src/rp2_common/hardware_irq/irq.c.obj
                0x0000000010000664                irq_has_shared_handler
 .text.irq_get_vtable_handler
                0x0000000010000690       0x10 CMakeFiles/i2cTest.dir/home/super/pico/pico-sdk/src/rp2_common/hardware_irq/irq.c.obj
                0x0000000010000690                irq_get_vtable_handler
 .text.irq_set_exclusive_handler
                0x00000000100006a0       0x54 CMakeFiles/i2cTest.dir/home/super/pico/pico-sdk/src/rp2_common/hardware_irq/irq.c.obj
                0x00000000100006a0                irq_set_exclusive_handler
 .text.irq_add_shared_handler
                0x00000000100006f4      0x1c0 CMakeFiles/i2cTest.dir/home/super/pico/pico-sdk/src/rp2_common/hardware_irq/irq.c.obj
                0x00000000100006f4                irq_add_shared_handler
 .text.irq_remove_handler
                0x00000000100008b4      0x1b4 CMakeFiles/i2cTest.dir/home/super/pico/pico-sdk/src/rp2_common/hardware_irq/irq.c.obj
                0x00000000100008b4                irq_remove_handler
 .text.irq_add_tail_to_free_list
                0x0000000010000a68       0xb8 CMakeFiles/i2cTest.dir/home/super/pico/pico-sdk/src/rp2_common/hardware_irq/irq.c.obj
                0x0000000010000a68                irq_add_tail_to_free_list
 .text.irq_init_priorities
                0x0000000010000b20       0x24 CMakeFiles/i2cTest.dir/home/super/pico/pico-sdk/src/rp2_common/hardware_irq/irq.c.obj
                0x0000000010000b20                irq_init_priorities
 .text.user_irq_claim_unused
                0x0000000010000b44       0x30 CMakeFiles/i2cTest.dir/home/super/pico/pico-sdk/src/rp2_common/hardware_irq/irq.c.obj
                0x0000000010000b44                user_irq_claim_unused
 .text.lock_init
                0x0000000010000b74       0x10 CMakeFiles/i2cTest.dir/home/super/pico/pico-sdk/src/common/pico_sync/lock_core.c.obj
                0x0000000010000b74                lock_init
 .text.timer_pool_entry_comparator
                0x0000000010000b84       0x34 CMakeFiles/i2cTest.dir/home/super/pico/pico-sdk/src/common/pico_time/time.c.obj
                0x0000000010000b84                timer_pool_entry_comparator
 .text.sleep_until_callback
                0x0000000010000bb8       0x30 CMakeFiles/i2cTest.dir/home/super/pico/pico-sdk/src/common/pico_time/time.c.obj
 .text.alarm_pool_add_alarm_at.constprop.0
                0x0000000010000be8      0x128 CMakeFiles/i2cTest.dir/home/super/pico/pico-sdk/src/common/pico_time/time.c.obj
 .text.add_alarm_under_lock
                0x0000000010000d10      0x108 CMakeFiles/i2cTest.dir/home/super/pico/pico-sdk/src/common/pico_time/time.c.obj
 .text.alarm_pool_alarm_callback
                0x0000000010000e18      0x1c8 CMakeFiles/i2cTest.dir/home/super/pico/pico-sdk/src/common/pico_time/time.c.obj
 .text.alarm_pool_init_default
                0x0000000010000fe0       0x64 CMakeFiles/i2cTest.dir/home/super/pico/pico-sdk/src/common/pico_time/time.c.obj
                0x0000000010000fe0                alarm_pool_init_default
 .text.alarm_pool_get_default
                0x0000000010001044        0x8 CMakeFiles/i2cTest.dir/home/super/pico/pico-sdk/src/common/pico_time/time.c.obj
                0x0000000010001044                alarm_pool_get_default
 .text.alarm_pool_add_alarm_at
                0x000000001000104c      0x1ac CMakeFiles/i2cTest.dir/home/super/pico/pico-sdk/src/common/pico_time/time.c.obj
                0x000000001000104c                alarm_pool_add_alarm_at
 .text.sleep_until
                0x00000000100011f8       0xac CMakeFiles/i2cTest.dir/home/super/pico/pico-sdk/src/common/pico_time/time.c.obj
                0x00000000100011f8                sleep_until
 .text.sleep_ms
                0x00000000100012a4       0x38 CMakeFiles/i2cTest.dir/home/super/pico/pico-sdk/src/common/pico_time/time.c.obj
                0x00000000100012a4                sleep_ms
 .text.best_effort_wfe_or_timeout
                0x00000000100012dc       0xd4 CMakeFiles/i2cTest.dir/home/super/pico/pico-sdk/src/common/pico_time/time.c.obj
                0x00000000100012dc                best_effort_wfe_or_timeout
 .text.hardware_alarm_irq_handler
                0x00000000100013b0       0xb8 CMakeFiles/i2cTest.dir/home/super/pico/pico-sdk/src/rp2_common/hardware_timer/timer.c.obj
 .text.hardware_alarm_claim
                0x0000000010001468       0x18 CMakeFiles/i2cTest.dir/home/super/pico/pico-sdk/src/rp2_common/hardware_timer/timer.c.obj
                0x0000000010001468                hardware_alarm_claim
 .text.time_us_64
                0x0000000010001480       0x14 CMakeFiles/i2cTest.dir/home/super/pico/pico-sdk/src/rp2_common/hardware_timer/timer.c.obj
                0x0000000010001480                time_us_64
 .text.busy_wait_until
                0x0000000010001494       0x20 CMakeFiles/i2cTest.dir/home/super/pico/pico-sdk/src/rp2_common/hardware_timer/timer.c.obj
                0x0000000010001494                busy_wait_until
 .text.hardware_alarm_set_callback
                0x00000000100014b4       0x8c CMakeFiles/i2cTest.dir/home/super/pico/pico-sdk/src/rp2_common/hardware_timer/timer.c.obj
                0x00000000100014b4                hardware_alarm_set_callback
 .text.hardware_alarm_set_target
                0x0000000010001540       0xe4 CMakeFiles/i2cTest.dir/home/super/pico/pico-sdk/src/rp2_common/hardware_timer/timer.c.obj
                0x0000000010001540                hardware_alarm_set_target
 .text.hardware_alarm_cancel
                0x0000000010001624       0x40 CMakeFiles/i2cTest.dir/home/super/pico/pico-sdk/src/rp2_common/hardware_timer/timer.c.obj
                0x0000000010001624                hardware_alarm_cancel
 .text.ph_merge_nodes
                0x0000000010001664       0x68 CMakeFiles/i2cTest.dir/home/super/pico/pico-sdk/src/common/pico_util/pheap.c.obj
 .text.ph_post_alloc_init
                0x00000000100016cc       0x3c CMakeFiles/i2cTest.dir/home/super/pico/pico-sdk/src/common/pico_util/pheap.c.obj
                0x00000000100016cc                ph_post_alloc_init
 .text.ph_merge_two_pass
                0x0000000010001708       0x90 CMakeFiles/i2cTest.dir/home/super/pico/pico-sdk/src/common/pico_util/pheap.c.obj
                0x0000000010001708                ph_merge_two_pass
 .text.ph_remove_any_head
                0x0000000010001798       0xf8 CMakeFiles/i2cTest.dir/home/super/pico/pico-sdk/src/common/pico_util/pheap.c.obj
 .text.ph_remove_head
                0x0000000010001890      0x13c CMakeFiles/i2cTest.dir/home/super/pico/pico-sdk/src/common/pico_util/pheap.c.obj
                0x0000000010001890                ph_remove_head
 .text.ph_remove_and_free_node
                0x00000000100019cc       0x7c CMakeFiles/i2cTest.dir/home/super/pico/pico-sdk/src/common/pico_util/pheap.c.obj
                0x00000000100019cc                ph_remove_and_free_node
 .text.mutex_init
                0x0000000010001a48       0x1c CMakeFiles/i2cTest.dir/home/super/pico/pico-sdk/src/common/pico_sync/mutex.c.obj
                0x0000000010001a48                mutex_init
 .text.recursive_mutex_init
                0x0000000010001a64       0x1c CMakeFiles/i2cTest.dir/home/super/pico/pico-sdk/src/common/pico_sync/mutex.c.obj
                0x0000000010001a64                recursive_mutex_init
 .text.critical_section_init
                0x0000000010001a80       0x1c CMakeFiles/i2cTest.dir/home/super/pico/pico-sdk/src/common/pico_sync/critical_section.c.obj
                0x0000000010001a80                critical_section_init
 .text.uart_init
                0x0000000010001a9c       0xe4 CMakeFiles/i2cTest.dir/home/super/pico/pico-sdk/src/rp2_common/hardware_uart/uart.c.obj
                0x0000000010001a9c                uart_init
 .text.runtime_init
                0x0000000010001b80       0xf0 CMakeFiles/i2cTest.dir/home/super/pico/pico-sdk/src/rp2_common/pico_runtime/runtime.c.obj
                0x0000000010001b80                runtime_init
 .text.exit     0x0000000010001c70        0x4 CMakeFiles/i2cTest.dir/home/super/pico/pico-sdk/src/rp2_common/pico_runtime/runtime.c.obj
                0x0000000010001c70                exit
 .text.panic    0x0000000010001c74       0x30 CMakeFiles/i2cTest.dir/home/super/pico/pico-sdk/src/rp2_common/pico_runtime/runtime.c.obj
                0x0000000010001c74                panic
 .text.hard_assertion_failure
                0x0000000010001ca4        0xc CMakeFiles/i2cTest.dir/home/super/pico/pico-sdk/src/rp2_common/pico_runtime/runtime.c.obj
                0x0000000010001ca4                hard_assertion_failure
 .text.clocks_init
                0x0000000010001cb0      0x2bc CMakeFiles/i2cTest.dir/home/super/pico/pico-sdk/src/rp2_common/hardware_clocks/clocks.c.obj
                0x0000000010001cb0                clocks_init
 .text.clock_get_hz
                0x0000000010001f6c        0xc CMakeFiles/i2cTest.dir/home/super/pico/pico-sdk/src/rp2_common/hardware_clocks/clocks.c.obj
                0x0000000010001f6c                clock_get_hz
 .text.pll_init
                0x0000000010001f78       0xa8 CMakeFiles/i2cTest.dir/home/super/pico/pico-sdk/src/rp2_common/hardware_pll/pll.c.obj
                0x0000000010001f78                pll_init
 .text.watchdog_start_tick
                0x0000000010002020       0x10 CMakeFiles/i2cTest.dir/home/super/pico/pico-sdk/src/rp2_common/hardware_watchdog/watchdog.c.obj
                0x0000000010002020                watchdog_start_tick
 .text.watchdog_reboot
                0x0000000010002030       0x98 CMakeFiles/i2cTest.dir/home/super/pico/pico-sdk/src/rp2_common/hardware_watchdog/watchdog.c.obj
                0x0000000010002030                watchdog_reboot
 .text.xosc_init
                0x00000000100020c8       0x28 CMakeFiles/i2cTest.dir/home/super/pico/pico-sdk/src/rp2_common/hardware_xosc/xosc.c.obj
                0x00000000100020c8                xosc_init
 .text._out_null
                0x00000000100020f0        0x4 CMakeFiles/i2cTest.dir/home/super/pico/pico-sdk/src/rp2_common/pico_printf/printf.c.obj
 .text._out_rev
                0x00000000100020f4       0xd0 CMakeFiles/i2cTest.dir/home/super/pico/pico-sdk/src/rp2_common/pico_printf/printf.c.obj
 .text._ntoa_format
                0x00000000100021c4      0x1d0 CMakeFiles/i2cTest.dir/home/super/pico/pico-sdk/src/rp2_common/pico_printf/printf.c.obj
 .text._out_char
                0x0000000010002394       0x10 CMakeFiles/i2cTest.dir/home/super/pico/pico-sdk/src/rp2_common/pico_printf/printf.c.obj
 .text._out_fct
                0x00000000100023a4       0x10 CMakeFiles/i2cTest.dir/home/super/pico/pico-sdk/src/rp2_common/pico_printf/printf.c.obj
 .text._etoa    0x00000000100023b4      0x478 CMakeFiles/i2cTest.dir/home/super/pico/pico-sdk/src/rp2_common/pico_printf/printf.c.obj
 .text._ftoa    0x000000001000282c      0x3e0 CMakeFiles/i2cTest.dir/home/super/pico/pico-sdk/src/rp2_common/pico_printf/printf.c.obj
 .text._vsnprintf
                0x0000000010002c0c      0xb08 CMakeFiles/i2cTest.dir/home/super/pico/pico-sdk/src/rp2_common/pico_printf/printf.c.obj
 .text.vfctprintf
                0x0000000010003714       0x20 CMakeFiles/i2cTest.dir/home/super/pico/pico-sdk/src/rp2_common/pico_printf/printf.c.obj
                0x0000000010003714                vfctprintf
 .text.weak_raw_vprintf
                0x0000000010003734       0x30 CMakeFiles/i2cTest.dir/home/super/pico/pico-sdk/src/rp2_common/pico_printf/printf.c.obj
                0x0000000010003734                weak_raw_vprintf
 .text          0x0000000010003764       0x10 CMakeFiles/i2cTest.dir/home/super/pico/pico-sdk/src/rp2_common/pico_bit_ops/bit_ops_aeabi.S.obj
 .text.rom_func_lookup
                0x0000000010003774       0x10 CMakeFiles/i2cTest.dir/home/super/pico/pico-sdk/src/rp2_common/pico_bootrom/bootrom.c.obj
                0x0000000010003774                rom_func_lookup
 .text.rom_data_lookup
                0x0000000010003784       0x10 CMakeFiles/i2cTest.dir/home/super/pico/pico-sdk/src/rp2_common/pico_bootrom/bootrom.c.obj
                0x0000000010003784                rom_data_lookup
 .text.rom_funcs_lookup
                0x0000000010003794       0x3c CMakeFiles/i2cTest.dir/home/super/pico/pico-sdk/src/rp2_common/pico_bootrom/bootrom.c.obj
                0x0000000010003794                rom_funcs_lookup
 .text.__wrap___aeabi_idiv
                0x00000000100037d0       0x50 CMakeFiles/i2cTest.dir/home/super/pico/pico-sdk/src/rp2_common/pico_divider/divider.S.obj
                0x00000000100037d0                __wrap___aeabi_idivmod
                0x00000000100037d0                divmod_s32s32
                0x00000000100037d0                div_s32s32
                0x00000000100037d0                __wrap___aeabi_idiv
                0x00000000100037d8                divmod_s32s32_unsafe
                0x0000000010003804                divmod_s32s32_savestate
 .text.__wrap___aeabi_uidiv
                0x0000000010003820       0x4c CMakeFiles/i2cTest.dir/home/super/pico/pico-sdk/src/rp2_common/pico_divider/divider.S.obj
                0x0000000010003820                __wrap___aeabi_uidiv
                0x0000000010003820                __wrap___aeabi_uidivmod
                0x0000000010003820                div_u32u32
                0x0000000010003820                divmod_u32u32
                0x0000000010003828                divmod_u32u32_unsafe
                0x0000000010003850                divmod_u32u32_savestate
 .text.__wrap___aeabi_ldiv
                0x000000001000386c      0x434 CMakeFiles/i2cTest.dir/home/super/pico/pico-sdk/src/rp2_common/pico_divider/divider.S.obj
                0x000000001000386c                div_s64s64
                0x000000001000386c                divmod_s64s64
                0x000000001000386c                __wrap___aeabi_ldivmod
                0x00000000100038a4                div_u64u64
                0x00000000100038a4                divmod_u64u64
                0x00000000100038a4                __wrap___aeabi_uldivmod
                0x00000000100038b4                divmod_u64u64_savestate
                0x00000000100038dc                divmod_s64s64_unsafe
                0x0000000010003964                divmod_u64u64_unsafe
 .text.__wrap___aeabi_darithmetic
                0x0000000010003ca0       0x80 CMakeFiles/i2cTest.dir/home/super/pico/pico-sdk/src/rp2_common/pico_double/double_aeabi.S.obj
                0x0000000010003ca0                __wrap___aeabi_drsub
                0x0000000010003ca6                __wrap___aeabi_dsub
                0x0000000010003cb8                __wrap___aeabi_dadd
                0x0000000010003cca                __wrap___aeabi_ddiv
                0x0000000010003d06                __wrap___aeabi_dmul
 .text.__wrap___aeabi_cdcmple
                0x0000000010003d20       0x6c CMakeFiles/i2cTest.dir/home/super/pico/pico-sdk/src/rp2_common/pico_double/double_aeabi.S.obj
                0x0000000010003d20                __wrap___aeabi_cdrcmple
                0x0000000010003d30                __wrap___aeabi_cdcmple
                0x0000000010003d30                __wrap___aeabi_cdcmpeq
 .text.__wrap___aeabi_dcmplt
                0x0000000010003d8c        0xc CMakeFiles/i2cTest.dir/home/super/pico/pico-sdk/src/rp2_common/pico_double/double_aeabi.S.obj
                0x0000000010003d8c                __wrap___aeabi_dcmplt
 .text.__wrap___aeabi_dcmple
                0x0000000010003d98       0x10 CMakeFiles/i2cTest.dir/home/super/pico/pico-sdk/src/rp2_common/pico_double/double_aeabi.S.obj
                0x0000000010003d98                __wrap___aeabi_dcmple
 .text.__wrap___aeabi_dcmpge
                0x0000000010003da8       0x10 CMakeFiles/i2cTest.dir/home/super/pico/pico-sdk/src/rp2_common/pico_double/double_aeabi.S.obj
                0x0000000010003da8                __wrap___aeabi_dcmpge
 .text.__wrap___aeabi_dcmpgt
                0x0000000010003db8        0xa CMakeFiles/i2cTest.dir/home/super/pico/pico-sdk/src/rp2_common/pico_double/double_aeabi.S.obj
                0x0000000010003db8                __wrap___aeabi_dcmpgt
 .text.__wrap___aeabi_dcmpun
                0x0000000010003dc2       0x1c CMakeFiles/i2cTest.dir/home/super/pico/pico-sdk/src/rp2_common/pico_double/double_aeabi.S.obj
                0x0000000010003dc2                __wrap___aeabi_dcmpun
 *fill*         0x0000000010003dde        0x2 
 .text.__wrap___aeabi_i2d
                0x0000000010003de0       0x38 CMakeFiles/i2cTest.dir/home/super/pico/pico-sdk/src/rp2_common/pico_double/double_aeabi.S.obj
                0x0000000010003de0                __wrap___aeabi_ui2d
                0x0000000010003de8                __wrap___aeabi_i2d
 .text.__wrap___aeabi_d2iz
                0x0000000010003e18       0x48 CMakeFiles/i2cTest.dir/home/super/pico/pico-sdk/src/rp2_common/pico_double/double_aeabi.S.obj
                0x0000000010003e18                __wrap___aeabi_d2iz
                0x0000000010003e18                double2int_z
 .text.__wrap___aeabi_d2uiz
                0x0000000010003e60       0x18 CMakeFiles/i2cTest.dir/home/super/pico/pico-sdk/src/rp2_common/pico_double/double_aeabi.S.obj
                0x0000000010003e60                double2uint
                0x0000000010003e60                __wrap___aeabi_d2uiz
 .text.__aeabi_double_init
                0x0000000010003e78       0xc0 CMakeFiles/i2cTest.dir/home/super/pico/pico-sdk/src/rp2_common/pico_double/double_init_rom.c.obj
                0x0000000010003e78                __aeabi_double_init
 .text.double_table_shim_on_use_helper
                0x0000000010003f38       0x2c CMakeFiles/i2cTest.dir/home/super/pico/pico-sdk/src/rp2_common/pico_double/double_v1_rom_shim.S.obj
                0x0000000010003f38                double_table_shim_on_use_helper
 .text.__wrap___aeabi_dsub
                0x0000000010003f64       0x10 CMakeFiles/i2cTest.dir/home/super/pico/pico-sdk/src/rp2_common/pico_double/double_v1_rom_shim.S.obj
                0x0000000010003f64                drsub_shim
                0x0000000010003f6a                dsub_shim
 .text.dadd_shim
                0x0000000010003f74      0x15c CMakeFiles/i2cTest.dir/home/super/pico/pico-sdk/src/rp2_common/pico_double/double_v1_rom_shim.S.obj
                0x0000000010003f74                dadd_shim
 .text.dmul_shim
                0x00000000100040d0      0x15c CMakeFiles/i2cTest.dir/home/super/pico/pico-sdk/src/rp2_common/pico_double/double_v1_rom_shim.S.obj
                0x00000000100040d0                dmul_shim
 .text.ddiv_shim
                0x000000001000422c      0x1b0 CMakeFiles/i2cTest.dir/home/super/pico/pico-sdk/src/rp2_common/pico_double/double_v1_rom_shim.S.obj
                0x000000001000422c                ddiv_shim
 .text.double2uint_shim
                0x00000000100043dc        0xe CMakeFiles/i2cTest.dir/home/super/pico/pico-sdk/src/rp2_common/pico_double/double_v1_rom_shim.S.obj
                0x00000000100043dc                double2uint_shim
                0x00000000100043de                double2ufix_shim
 *fill*         0x00000000100043ea        0x2 
 .text.double2uint64_shim
                0x00000000100043ec       0x70 CMakeFiles/i2cTest.dir/home/super/pico/pico-sdk/src/rp2_common/pico_double/double_v1_rom_shim.S.obj
                0x00000000100043ec                double2uint64_shim
                0x00000000100043ee                double2ufix64_shim
                0x000000001000440e                d2fix_a
 .text.dunpacks
                0x000000001000445c       0x3c CMakeFiles/i2cTest.dir/home/super/pico/pico-sdk/src/rp2_common/pico_double/double_v1_rom_shim.S.obj
                0x000000001000445c                dunpacks
 .text.__aeabi_lmul
                0x0000000010004498       0x32 CMakeFiles/i2cTest.dir/home/super/pico/pico-sdk/src/rp2_common/pico_int64_ops/pico_int64_ops_aeabi.S.obj
                0x0000000010004498                __wrap___aeabi_lmul
 *fill*         0x00000000100044ca        0x2 
 .text.__aeabi_float_init
                0x00000000100044cc       0x64 CMakeFiles/i2cTest.dir/home/super/pico/pico-sdk/src/rp2_common/pico_float/float_init_rom.c.obj
                0x00000000100044cc                __aeabi_float_init
 .text.float_table_shim_on_use_helper
                0x0000000010004530       0x2c CMakeFiles/i2cTest.dir/home/super/pico/pico-sdk/src/rp2_common/pico_float/float_v1_rom_shim.S.obj
                0x0000000010004530                float_table_shim_on_use_helper
 .text          0x000000001000455c       0x10 CMakeFiles/i2cTest.dir/home/super/pico/pico-sdk/src/rp2_common/pico_mem_ops/mem_ops_aeabi.S.obj
                0x000000001000455c                __aeabi_mem_init
 .text.memset   0x000000001000456c        0xc CMakeFiles/i2cTest.dir/home/super/pico/pico-sdk/src/rp2_common/pico_mem_ops/mem_ops_aeabi.S.obj
                0x000000001000456c                __wrap_memset
 .text.memcpy   0x0000000010004578        0xc CMakeFiles/i2cTest.dir/home/super/pico/pico-sdk/src/rp2_common/pico_mem_ops/mem_ops_aeabi.S.obj
                0x0000000010004578                __wrap___aeabi_memcpy
                0x0000000010004578                __wrap_memcpy
 .text.stdio_out_chars_no_crlf
                0x0000000010004584       0x10 CMakeFiles/i2cTest.dir/home/super/pico/pico-sdk/src/rp2_common/pico_stdio/stdio.c.obj
 .text.stdio_out_chars_crlf
                0x0000000010004594       0x94 CMakeFiles/i2cTest.dir/home/super/pico/pico-sdk/src/rp2_common/pico_stdio/stdio.c.obj
 .text.stdio_buffered_printer
                0x0000000010004628       0x64 CMakeFiles/i2cTest.dir/home/super/pico/pico-sdk/src/rp2_common/pico_stdio/stdio.c.obj
 .text.stdio_put_string
                0x000000001000468c      0x100 CMakeFiles/i2cTest.dir/home/super/pico/pico-sdk/src/rp2_common/pico_stdio/stdio.c.obj
 .text.__wrap_putchar
                0x000000001000478c       0xa4 CMakeFiles/i2cTest.dir/home/super/pico/pico-sdk/src/rp2_common/pico_stdio/stdio.c.obj
                0x000000001000478c                __wrap_putchar
 .text.__wrap_puts
                0x0000000010004830       0x3c CMakeFiles/i2cTest.dir/home/super/pico/pico-sdk/src/rp2_common/pico_stdio/stdio.c.obj
                0x0000000010004830                __wrap_puts
 .text.stdio_set_driver_enabled
                0x000000001000486c       0x30 CMakeFiles/i2cTest.dir/home/super/pico/pico-sdk/src/rp2_common/pico_stdio/stdio.c.obj
                0x000000001000486c                stdio_set_driver_enabled
 .text.__wrap_vprintf
                0x000000001000489c       0xd8 CMakeFiles/i2cTest.dir/home/super/pico/pico-sdk/src/rp2_common/pico_stdio/stdio.c.obj
                0x000000001000489c                __wrap_vprintf
 .text.__wrap_printf
                0x0000000010004974       0x18 CMakeFiles/i2cTest.dir/home/super/pico/pico-sdk/src/rp2_common/pico_stdio/stdio.c.obj
                0x0000000010004974                __wrap_printf
 .text.stdio_init_all
                0x000000001000498c        0xc CMakeFiles/i2cTest.dir/home/super/pico/pico-sdk/src/rp2_common/pico_stdio/stdio.c.obj
                0x000000001000498c                stdio_init_all
 .text.stdio_uart_out_chars
                0x0000000010004998       0x4c CMakeFiles/i2cTest.dir/home/super/pico/pico-sdk/src/rp2_common/pico_stdio_uart/stdio_uart.c.obj
 .text.stdio_uart_in_chars
                0x00000000100049e4       0x38 CMakeFiles/i2cTest.dir/home/super/pico/pico-sdk/src/rp2_common/pico_stdio_uart/stdio_uart.c.obj
                0x00000000100049e4                stdio_uart_in_chars
 .text.stdio_uart_init
                0x0000000010004a1c       0x48 CMakeFiles/i2cTest.dir/home/super/pico/pico-sdk/src/rp2_common/pico_stdio_uart/stdio_uart.c.obj
                0x0000000010004a1c                stdio_uart_init
 .text.resetd_init
                0x0000000010004a64        0x4 CMakeFiles/i2cTest.dir/home/super/pico/pico-sdk/src/rp2_common/pico_stdio_usb/reset_interface.c.obj
 .text.resetd_reset
                0x0000000010004a68        0xc CMakeFiles/i2cTest.dir/home/super/pico/pico-sdk/src/rp2_common/pico_stdio_usb/reset_interface.c.obj
 .text.resetd_open
                0x0000000010004a74       0x28 CMakeFiles/i2cTest.dir/home/super/pico/pico-sdk/src/rp2_common/pico_stdio_usb/reset_interface.c.obj
 .text.resetd_xfer_cb
                0x0000000010004a9c        0x4 CMakeFiles/i2cTest.dir/home/super/pico/pico-sdk/src/rp2_common/pico_stdio_usb/reset_interface.c.obj
 .text.resetd_control_xfer_cb
                0x0000000010004aa0       0x64 CMakeFiles/i2cTest.dir/home/super/pico/pico-sdk/src/rp2_common/pico_stdio_usb/reset_interface.c.obj
 .text.usbd_app_driver_get_cb
                0x0000000010004b04        0xc CMakeFiles/i2cTest.dir/home/super/pico/pico-sdk/src/rp2_common/pico_stdio_usb/reset_interface.c.obj
                0x0000000010004b04                usbd_app_driver_get_cb
 .text.tud_cdc_line_coding_cb
                0x0000000010004b10       0x34 CMakeFiles/i2cTest.dir/home/super/pico/pico-sdk/src/rp2_common/pico_stdio_usb/reset_interface.c.obj
                0x0000000010004b10                tud_cdc_line_coding_cb
 .text.stdio_usb_in_chars
                0x0000000010004b44       0x68 CMakeFiles/i2cTest.dir/home/super/pico/pico-sdk/src/rp2_common/pico_stdio_usb/stdio_usb.c.obj
                0x0000000010004b44                stdio_usb_in_chars
 .text.stdio_usb_out_chars
                0x0000000010004bac       0xec CMakeFiles/i2cTest.dir/home/super/pico/pico-sdk/src/rp2_common/pico_stdio_usb/stdio_usb.c.obj
 .text.timer_task
                0x0000000010004c98       0x18 CMakeFiles/i2cTest.dir/home/super/pico/pico-sdk/src/rp2_common/pico_stdio_usb/stdio_usb.c.obj
 .text.usb_irq  0x0000000010004cb0       0x10 CMakeFiles/i2cTest.dir/home/super/pico/pico-sdk/src/rp2_common/pico_stdio_usb/stdio_usb.c.obj
 .text.low_priority_worker_irq
                0x0000000010004cc0       0x24 CMakeFiles/i2cTest.dir/home/super/pico/pico-sdk/src/rp2_common/pico_stdio_usb/stdio_usb.c.obj
 .text.stdio_usb_init
                0x0000000010004ce4       0xb0 CMakeFiles/i2cTest.dir/home/super/pico/pico-sdk/src/rp2_common/pico_stdio_usb/stdio_usb.c.obj
                0x0000000010004ce4                stdio_usb_init
 .text.tud_descriptor_device_cb
                0x0000000010004d94        0x8 CMakeFiles/i2cTest.dir/home/super/pico/pico-sdk/src/rp2_common/pico_stdio_usb/stdio_usb_descriptors.c.obj
                0x0000000010004d94                tud_descriptor_device_cb
 .text.tud_descriptor_configuration_cb
                0x0000000010004d9c        0x8 CMakeFiles/i2cTest.dir/home/super/pico/pico-sdk/src/rp2_common/pico_stdio_usb/stdio_usb_descriptors.c.obj
                0x0000000010004d9c                tud_descriptor_configuration_cb
 .text.tud_descriptor_string_cb
                0x0000000010004da4       0x70 CMakeFiles/i2cTest.dir/home/super/pico/pico-sdk/src/rp2_common/pico_stdio_usb/stdio_usb_descriptors.c.obj
                0x0000000010004da4                tud_descriptor_string_cb
 .text.dcd_rp2040_irq
                0x0000000010004e14      0x21c CMakeFiles/i2cTest.dir/home/super/pico/pico-sdk/lib/tinyusb/src/portable/raspberrypi/rp2040/dcd_rp2040.c.obj
 .text.dcd_int_enable
                0x0000000010005030        0xc CMakeFiles/i2cTest.dir/home/super/pico/pico-sdk/lib/tinyusb/src/portable/raspberrypi/rp2040/dcd_rp2040.c.obj
                0x0000000010005030                dcd_int_enable
 .text.dcd_set_address
                0x000000001000503c       0x14 CMakeFiles/i2cTest.dir/home/super/pico/pico-sdk/lib/tinyusb/src/portable/raspberrypi/rp2040/dcd_rp2040.c.obj
                0x000000001000503c                dcd_set_address
 .text.dcd_connect
                0x0000000010005050       0x10 CMakeFiles/i2cTest.dir/home/super/pico/pico-sdk/lib/tinyusb/src/portable/raspberrypi/rp2040/dcd_rp2040.c.obj
                0x0000000010005050                dcd_connect
 .text.dcd_init
                0x0000000010005060      0x148 CMakeFiles/i2cTest.dir/home/super/pico/pico-sdk/lib/tinyusb/src/portable/raspberrypi/rp2040/dcd_rp2040.c.obj
                0x0000000010005060                dcd_init
 .text.dcd_edpt0_status_complete
                0x00000000100051a8       0x1c CMakeFiles/i2cTest.dir/home/super/pico/pico-sdk/lib/tinyusb/src/portable/raspberrypi/rp2040/dcd_rp2040.c.obj
                0x00000000100051a8                dcd_edpt0_status_complete
 .text.dcd_edpt_open
                0x00000000100051c4       0xf0 CMakeFiles/i2cTest.dir/home/super/pico/pico-sdk/lib/tinyusb/src/portable/raspberrypi/rp2040/dcd_rp2040.c.obj
                0x00000000100051c4                dcd_edpt_open
 .text.dcd_edpt_close_all
                0x00000000100052b4       0xbc CMakeFiles/i2cTest.dir/home/super/pico/pico-sdk/lib/tinyusb/src/portable/raspberrypi/rp2040/dcd_rp2040.c.obj
                0x00000000100052b4                dcd_edpt_close_all
 .text.dcd_edpt_xfer
                0x0000000010005370       0x24 CMakeFiles/i2cTest.dir/home/super/pico/pico-sdk/lib/tinyusb/src/portable/raspberrypi/rp2040/dcd_rp2040.c.obj
                0x0000000010005370                dcd_edpt_xfer
 .text.dcd_edpt_stall
                0x0000000010005394       0x38 CMakeFiles/i2cTest.dir/home/super/pico/pico-sdk/lib/tinyusb/src/portable/raspberrypi/rp2040/dcd_rp2040.c.obj
                0x0000000010005394                dcd_edpt_stall
 .text.dcd_edpt_clear_stall
                0x00000000100053cc       0x30 CMakeFiles/i2cTest.dir/home/super/pico/pico-sdk/lib/tinyusb/src/portable/raspberrypi/rp2040/dcd_rp2040.c.obj
                0x00000000100053cc                dcd_edpt_clear_stall
 .text._hw_endpoint_buffer_control_update32.part.0
                0x00000000100053fc       0x20 CMakeFiles/i2cTest.dir/home/super/pico/pico-sdk/lib/tinyusb/src/portable/raspberrypi/rp2040/rp2040_usb.c.obj
 .text.rp2040_usb_init
                0x000000001000541c       0x4c CMakeFiles/i2cTest.dir/home/super/pico/pico-sdk/lib/tinyusb/src/portable/raspberrypi/rp2040/rp2040_usb.c.obj
                0x000000001000541c                rp2040_usb_init
 .text.hw_endpoint_reset_transfer
                0x0000000010005468        0xc CMakeFiles/i2cTest.dir/home/super/pico/pico-sdk/lib/tinyusb/src/portable/raspberrypi/rp2040/rp2040_usb.c.obj
                0x0000000010005468                hw_endpoint_reset_transfer
 .text._hw_endpoint_buffer_control_update32
                0x0000000010005474       0x40 CMakeFiles/i2cTest.dir/home/super/pico/pico-sdk/lib/tinyusb/src/portable/raspberrypi/rp2040/rp2040_usb.c.obj
                0x0000000010005474                _hw_endpoint_buffer_control_update32
 .text.hw_endpoint_xfer_start
                0x00000000100054b4      0x138 CMakeFiles/i2cTest.dir/home/super/pico/pico-sdk/lib/tinyusb/src/portable/raspberrypi/rp2040/rp2040_usb.c.obj
                0x00000000100054b4                hw_endpoint_xfer_start
 .text.hw_endpoint_xfer_continue
                0x00000000100055ec      0x1e4 CMakeFiles/i2cTest.dir/home/super/pico/pico-sdk/lib/tinyusb/src/portable/raspberrypi/rp2040/rp2040_usb.c.obj
                0x00000000100055ec                hw_endpoint_xfer_continue
 .text.tud_mounted
                0x00000000100057d0       0x10 CMakeFiles/i2cTest.dir/home/super/pico/pico-sdk/lib/tinyusb/src/device/usbd.c.obj
                0x00000000100057d0                tud_mounted
 .text.tud_suspended
                0x00000000100057e0       0x10 CMakeFiles/i2cTest.dir/home/super/pico/pico-sdk/lib/tinyusb/src/device/usbd.c.obj
                0x00000000100057e0                tud_suspended
 .text.tud_inited
                0x00000000100057f0        0xc CMakeFiles/i2cTest.dir/home/super/pico/pico-sdk/lib/tinyusb/src/device/usbd.c.obj
                0x00000000100057f0                tud_inited
 .text.tud_init
                0x00000000100057fc       0xd8 CMakeFiles/i2cTest.dir/home/super/pico/pico-sdk/lib/tinyusb/src/device/usbd.c.obj
                0x00000000100057fc                tud_init
 .text.tud_task
                0x00000000100058d4      0x8ec CMakeFiles/i2cTest.dir/home/super/pico/pico-sdk/lib/tinyusb/src/device/usbd.c.obj
                0x00000000100058d4                tud_task
 .text.dcd_event_bus_signal
                0x00000000100061c0      0x120 CMakeFiles/i2cTest.dir/home/super/pico/pico-sdk/lib/tinyusb/src/device/usbd.c.obj
                0x00000000100061c0                dcd_event_bus_signal
 .text.dcd_event_bus_reset
                0x00000000100062e0       0x54 CMakeFiles/i2cTest.dir/home/super/pico/pico-sdk/lib/tinyusb/src/device/usbd.c.obj
                0x00000000100062e0                dcd_event_bus_reset
 .text.dcd_event_setup_received
                0x0000000010006334       0x50 CMakeFiles/i2cTest.dir/home/super/pico/pico-sdk/lib/tinyusb/src/device/usbd.c.obj
                0x0000000010006334                dcd_event_setup_received
 .text.dcd_event_xfer_complete
                0x0000000010006384       0x68 CMakeFiles/i2cTest.dir/home/super/pico/pico-sdk/lib/tinyusb/src/device/usbd.c.obj
                0x0000000010006384                dcd_event_xfer_complete
 .text.usbd_open_edpt_pair
                0x00000000100063ec       0x80 CMakeFiles/i2cTest.dir/home/super/pico/pico-sdk/lib/tinyusb/src/device/usbd.c.obj
                0x00000000100063ec                usbd_open_edpt_pair
 .text.usbd_edpt_open
                0x000000001000646c       0x30 CMakeFiles/i2cTest.dir/home/super/pico/pico-sdk/lib/tinyusb/src/device/usbd.c.obj
                0x000000001000646c                usbd_edpt_open
 .text.usbd_edpt_claim
                0x000000001000649c       0x64 CMakeFiles/i2cTest.dir/home/super/pico/pico-sdk/lib/tinyusb/src/device/usbd.c.obj
                0x000000001000649c                usbd_edpt_claim
 .text.usbd_edpt_release
                0x0000000010006500       0x4c CMakeFiles/i2cTest.dir/home/super/pico/pico-sdk/lib/tinyusb/src/device/usbd.c.obj
                0x0000000010006500                usbd_edpt_release
 .text.usbd_edpt_xfer
                0x000000001000654c       0x48 CMakeFiles/i2cTest.dir/home/super/pico/pico-sdk/lib/tinyusb/src/device/usbd.c.obj
                0x000000001000654c                usbd_edpt_xfer
 .text.tud_control_status
                0x0000000010006594       0x30 CMakeFiles/i2cTest.dir/home/super/pico/pico-sdk/lib/tinyusb/src/device/usbd_control.c.obj
                0x0000000010006594                tud_control_status
 .text.tud_control_xfer
                0x00000000100065c4       0xb8 CMakeFiles/i2cTest.dir/home/super/pico/pico-sdk/lib/tinyusb/src/device/usbd_control.c.obj
                0x00000000100065c4                tud_control_xfer
 .text.usbd_control_reset
                0x000000001000667c       0x14 CMakeFiles/i2cTest.dir/home/super/pico/pico-sdk/lib/tinyusb/src/device/usbd_control.c.obj
                0x000000001000667c                usbd_control_reset
 .text.usbd_control_set_complete_callback
                0x0000000010006690        0xc CMakeFiles/i2cTest.dir/home/super/pico/pico-sdk/lib/tinyusb/src/device/usbd_control.c.obj
                0x0000000010006690                usbd_control_set_complete_callback
 .text.usbd_control_set_request
                0x000000001000669c       0x1c CMakeFiles/i2cTest.dir/home/super/pico/pico-sdk/lib/tinyusb/src/device/usbd_control.c.obj
                0x000000001000669c                usbd_control_set_request
 .text.usbd_control_xfer_cb
                0x00000000100066b8       0xf8 CMakeFiles/i2cTest.dir/home/super/pico/pico-sdk/lib/tinyusb/src/device/usbd_control.c.obj
                0x00000000100066b8                usbd_control_xfer_cb
 .text.tud_cdc_n_connected
                0x00000000100067b0       0x30 CMakeFiles/i2cTest.dir/home/super/pico/pico-sdk/lib/tinyusb/src/class/cdc/cdc_device.c.obj
                0x00000000100067b0                tud_cdc_n_connected
 .text.tud_cdc_n_available
                0x00000000100067e0       0x18 CMakeFiles/i2cTest.dir/home/super/pico/pico-sdk/lib/tinyusb/src/class/cdc/cdc_device.c.obj
                0x00000000100067e0                tud_cdc_n_available
 .text.tud_cdc_n_read
                0x00000000100067f8       0x70 CMakeFiles/i2cTest.dir/home/super/pico/pico-sdk/lib/tinyusb/src/class/cdc/cdc_device.c.obj
                0x00000000100067f8                tud_cdc_n_read
 .text.tud_cdc_n_write_flush
                0x0000000010006868       0x78 CMakeFiles/i2cTest.dir/home/super/pico/pico-sdk/lib/tinyusb/src/class/cdc/cdc_device.c.obj
                0x0000000010006868                tud_cdc_n_write_flush
 .text.tud_cdc_n_write
                0x00000000100068e0       0x34 CMakeFiles/i2cTest.dir/home/super/pico/pico-sdk/lib/tinyusb/src/class/cdc/cdc_device.c.obj
                0x00000000100068e0                tud_cdc_n_write
 .text.tud_cdc_n_write_available
                0x0000000010006914       0x18 CMakeFiles/i2cTest.dir/home/super/pico/pico-sdk/lib/tinyusb/src/class/cdc/cdc_device.c.obj
                0x0000000010006914                tud_cdc_n_write_available
 .text.cdcd_init
                0x000000001000692c       0x7c CMakeFiles/i2cTest.dir/home/super/pico/pico-sdk/lib/tinyusb/src/class/cdc/cdc_device.c.obj
                0x000000001000692c                cdcd_init
 .text.cdcd_reset
                0x00000000100069a8       0x2c CMakeFiles/i2cTest.dir/home/super/pico/pico-sdk/lib/tinyusb/src/class/cdc/cdc_device.c.obj
                0x00000000100069a8                cdcd_reset
 .text.cdcd_open
                0x00000000100069d4       0xe4 CMakeFiles/i2cTest.dir/home/super/pico/pico-sdk/lib/tinyusb/src/class/cdc/cdc_device.c.obj
                0x00000000100069d4                cdcd_open
 .text.cdcd_control_xfer_cb
                0x0000000010006ab8       0xe4 CMakeFiles/i2cTest.dir/home/super/pico/pico-sdk/lib/tinyusb/src/class/cdc/cdc_device.c.obj
                0x0000000010006ab8                cdcd_control_xfer_cb
 .text.cdcd_xfer_cb
                0x0000000010006b9c      0x198 CMakeFiles/i2cTest.dir/home/super/pico/pico-sdk/lib/tinyusb/src/class/cdc/cdc_device.c.obj
                0x0000000010006b9c                cdcd_xfer_cb
 .text.tusb_init
                0x0000000010006d34        0xc CMakeFiles/i2cTest.dir/home/super/pico/pico-sdk/lib/tinyusb/src/tusb.c.obj
                0x0000000010006d34                tusb_init
 .text.tusb_inited
                0x0000000010006d40        0x8 CMakeFiles/i2cTest.dir/home/super/pico/pico-sdk/lib/tinyusb/src/tusb.c.obj
                0x0000000010006d40                tusb_inited
 .text.tu_edpt_validate
                0x0000000010006d48       0x78 CMakeFiles/i2cTest.dir/home/super/pico/pico-sdk/lib/tinyusb/src/tusb.c.obj
                0x0000000010006d48                tu_edpt_validate
 .text.tu_edpt_bind_driver
                0x0000000010006dc0       0x2c CMakeFiles/i2cTest.dir/home/super/pico/pico-sdk/lib/tinyusb/src/tusb.c.obj
                0x0000000010006dc0                tu_edpt_bind_driver
 .text.tu_fifo_config
                0x0000000010006dec       0x78 CMakeFiles/i2cTest.dir/home/super/pico/pico-sdk/lib/tinyusb/src/common/tusb_fifo.c.obj
                0x0000000010006dec                tu_fifo_config
 .text.tu_fifo_count
                0x0000000010006e64       0x20 CMakeFiles/i2cTest.dir/home/super/pico/pico-sdk/lib/tinyusb/src/common/tusb_fifo.c.obj
                0x0000000010006e64                tu_fifo_count
 .text.tu_fifo_empty
                0x0000000010006e84       0x10 CMakeFiles/i2cTest.dir/home/super/pico/pico-sdk/lib/tinyusb/src/common/tusb_fifo.c.obj
                0x0000000010006e84                tu_fifo_empty
 .text.tu_fifo_remaining
                0x0000000010006e94       0x1c CMakeFiles/i2cTest.dir/home/super/pico/pico-sdk/lib/tinyusb/src/common/tusb_fifo.c.obj
                0x0000000010006e94                tu_fifo_remaining
 .text.tu_fifo_read
                0x0000000010006eb0       0x9c CMakeFiles/i2cTest.dir/home/super/pico/pico-sdk/lib/tinyusb/src/common/tusb_fifo.c.obj
                0x0000000010006eb0                tu_fifo_read
 .text.tu_fifo_read_n
                0x0000000010006f4c      0x100 CMakeFiles/i2cTest.dir/home/super/pico/pico-sdk/lib/tinyusb/src/common/tusb_fifo.c.obj
                0x0000000010006f4c                tu_fifo_read_n
 .text.tu_fifo_write
                0x000000001000704c       0x7c CMakeFiles/i2cTest.dir/home/super/pico/pico-sdk/lib/tinyusb/src/common/tusb_fifo.c.obj
                0x000000001000704c                tu_fifo_write
 .text.tu_fifo_write_n
                0x00000000100070c8       0xf8 CMakeFiles/i2cTest.dir/home/super/pico/pico-sdk/lib/tinyusb/src/common/tusb_fifo.c.obj
                0x00000000100070c8                tu_fifo_write_n
 .text.tu_fifo_clear
                0x00000000100071c0       0x4c CMakeFiles/i2cTest.dir/home/super/pico/pico-sdk/lib/tinyusb/src/common/tusb_fifo.c.obj
                0x00000000100071c0                tu_fifo_clear
 .text.tu_fifo_set_overwritable
                0x000000001000720c       0x3c CMakeFiles/i2cTest.dir/home/super/pico/pico-sdk/lib/tinyusb/src/common/tusb_fifo.c.obj
                0x000000001000720c                tu_fifo_set_overwritable
 .text.startup._retrieve_unique_id_on_boot
                0x0000000010007248       0x10 CMakeFiles/i2cTest.dir/home/super/pico/pico-sdk/src/rp2_common/pico_unique_id/unique_id.c.obj
 .text.pico_get_unique_board_id_string
                0x0000000010007258      0x1bc CMakeFiles/i2cTest.dir/home/super/pico/pico-sdk/src/rp2_common/pico_unique_id/unique_id.c.obj
                0x0000000010007258                pico_get_unique_board_id_string
 .text.flash_get_unique_id
                0x0000000010007414       0x40 CMakeFiles/i2cTest.dir/home/super/pico/pico-sdk/src/rp2_common/hardware_flash/flash.c.obj
                0x0000000010007414                flash_get_unique_id
 .text.i2c_set_baudrate
                0x0000000010007454       0xc4 CMakeFiles/i2cTest.dir/home/super/pico/pico-sdk/src/rp2_common/hardware_i2c/i2c.c.obj
                0x0000000010007454                i2c_set_baudrate
 .text.i2c_init
                0x0000000010007518       0x54 CMakeFiles/i2cTest.dir/home/super/pico/pico-sdk/src/rp2_common/hardware_i2c/i2c.c.obj
                0x0000000010007518                i2c_init
 .text.i2c_write_blocking
                0x000000001000756c       0xd8 CMakeFiles/i2cTest.dir/home/super/pico/pico-sdk/src/rp2_common/hardware_i2c/i2c.c.obj
                0x000000001000756c                i2c_write_blocking
 .text.i2c_read_blocking
                0x0000000010007644       0x9c CMakeFiles/i2cTest.dir/home/super/pico/pico-sdk/src/rp2_common/hardware_i2c/i2c.c.obj
                0x0000000010007644                i2c_read_blocking
 .text          0x00000000100076e0       0x68 /usr/lib/gcc/arm-none-eabi/9.2.1/../../../arm-none-eabi/lib/thumb/v6-m/nofp/libc.a(lib_a-strlen-stub.o)
                0x00000000100076e0                strlen
 *(.fini)
 .fini          0x0000000010007748        0x4 /usr/lib/gcc/arm-none-eabi/9.2.1/thumb/v6-m/nofp/crti.o
                0x0000000010007748                _fini
 *fill*         0x000000001000774c        0x4 
 .fini.__stub   0x0000000010007750       0x70 linker stubs
 *crtbegin.o(.ctors)
 *crtbegin?.o(.ctors)
 *(EXCLUDE_FILE(*crtend.o *crtend?.o) .ctors)
 *(SORT_BY_NAME(.ctors.*))
 *(.ctors)
 *crtbegin.o(.dtors)
 *crtbegin?.o(.dtors)
 *(EXCLUDE_FILE(*crtend.o *crtend?.o) .dtors)
 *(SORT_BY_NAME(.dtors.*))
 *(.dtors)
 *(.eh_frame*)
 .eh_frame      0x00000000100077c0        0x0 /usr/lib/gcc/arm-none-eabi/9.2.1/thumb/v6-m/nofp/crtbegin.o
                0x00000000100077c0                . = ALIGN (0x4)

.glue_7         0x00000000100077c0        0x0
 .glue_7        0x00000000100077c0        0x0 linker stubs

.glue_7t        0x00000000100077c0        0x0
 .glue_7t       0x00000000100077c0        0x0 linker stubs

.vfp11_veneer   0x00000000100077c0        0x0
 .vfp11_veneer  0x00000000100077c0        0x0 linker stubs

.v4_bx          0x00000000100077c0        0x0
 .v4_bx         0x00000000100077c0        0x0 linker stubs

.iplt           0x00000000100077c0        0x0
 .iplt          0x00000000100077c0        0x0 /usr/lib/gcc/arm-none-eabi/9.2.1/thumb/v6-m/nofp/crtbegin.o

.rodata         0x00000000100077c0      0x5e4
 *(EXCLUDE_FILE(*libm.a: *libc.a:*lib_a-mem*.o *libgcc.a:) .rodata*)
 .rodata.detectIMU.str1.4
                0x00000000100077c0       0x39 CMakeFiles/i2cTest.dir/i2cTest.c.obj
 *fill*         0x00000000100077f9        0x3 
 .rodata.main.str1.4
                0x00000000100077fc       0x41 CMakeFiles/i2cTest.dir/i2cTest.c.obj
 *fill*         0x000000001000783d        0x3 
 .rodata.__bi_43.6719
                0x0000000010007840        0x8 CMakeFiles/i2cTest.dir/i2cTest.c.obj
 .rodata.spin_lock_claim_unused.str1.4
                0x0000000010007848       0x1b CMakeFiles/i2cTest.dir/home/super/pico/pico-sdk/src/rp2_common/hardware_sync/sync.c.obj
 *fill*         0x0000000010007863        0x1 
 .rodata.user_irq_claim_unused.str1.4
                0x0000000010007864       0x1b CMakeFiles/i2cTest.dir/home/super/pico/pico-sdk/src/rp2_common/hardware_irq/irq.c.obj
 *fill*         0x000000001000787f        0x1 
 .rodata.hardware_alarm_claim.str1.4
                0x0000000010007880       0x22 CMakeFiles/i2cTest.dir/home/super/pico/pico-sdk/src/rp2_common/hardware_timer/timer.c.obj
 *fill*         0x00000000100078a2        0x2 
 .rodata.panic.str1.4
                0x00000000100078a4       0x10 CMakeFiles/i2cTest.dir/home/super/pico/pico-sdk/src/rp2_common/pico_runtime/runtime.c.obj
                                         0x12 (size before relaxing)
 .rodata.hard_assertion_failure.str1.4
                0x00000000100078b4        0xc CMakeFiles/i2cTest.dir/home/super/pico/pico-sdk/src/rp2_common/pico_runtime/runtime.c.obj
 .rodata._ftoa.str1.4
                0x00000000100078c0       0x15 CMakeFiles/i2cTest.dir/home/super/pico/pico-sdk/src/rp2_common/pico_printf/printf.c.obj
 *fill*         0x00000000100078d5        0x3 
 .rodata._vsnprintf
                0x00000000100078d8      0x1e0 CMakeFiles/i2cTest.dir/home/super/pico/pico-sdk/src/rp2_common/pico_printf/printf.c.obj
 .rodata.pow10.5444
                0x0000000010007ab8       0x50 CMakeFiles/i2cTest.dir/home/super/pico/pico-sdk/src/rp2_common/pico_printf/printf.c.obj
 .rodata.str1.4
                0x0000000010007b08       0x40 CMakeFiles/i2cTest.dir/home/super/pico/pico-sdk/src/rp2_common/pico_standard_link/binary_info.c.obj
 .rodata.__bi_44
                0x0000000010007b48        0xc CMakeFiles/i2cTest.dir/home/super/pico/pico-sdk/src/rp2_common/pico_standard_link/binary_info.c.obj
 .rodata.__bi_56
                0x0000000010007b54        0xc CMakeFiles/i2cTest.dir/home/super/pico/pico-sdk/src/rp2_common/pico_standard_link/binary_info.c.obj
 .rodata.__bi_75
                0x0000000010007b60        0xc CMakeFiles/i2cTest.dir/home/super/pico/pico-sdk/src/rp2_common/pico_standard_link/binary_info.c.obj
 .rodata.__bi_81
                0x0000000010007b6c        0xc CMakeFiles/i2cTest.dir/home/super/pico/pico-sdk/src/rp2_common/pico_standard_link/binary_info.c.obj
 .rodata.crlf_str.6065
                0x0000000010007b78        0x2 CMakeFiles/i2cTest.dir/home/super/pico/pico-sdk/src/rp2_common/pico_stdio/stdio.c.obj
 *fill*         0x0000000010007b7a        0x2 
 .rodata.str1.4
                0x0000000010007b7c       0x2c CMakeFiles/i2cTest.dir/home/super/pico/pico-sdk/src/rp2_common/pico_stdio_uart/stdio_uart.c.obj
 .rodata.__bi_28.4859
                0x0000000010007ba8        0xc CMakeFiles/i2cTest.dir/home/super/pico/pico-sdk/src/rp2_common/pico_stdio_uart/stdio_uart.c.obj
 .rodata.__bi_29.4863
                0x0000000010007bb4        0x8 CMakeFiles/i2cTest.dir/home/super/pico/pico-sdk/src/rp2_common/pico_stdio_uart/stdio_uart.c.obj
 .rodata._resetd_driver
                0x0000000010007bbc       0x18 CMakeFiles/i2cTest.dir/home/super/pico/pico-sdk/src/rp2_common/pico_stdio_usb/reset_interface.c.obj
 .rodata.str1.4
                0x0000000010007bd4       0x13 CMakeFiles/i2cTest.dir/home/super/pico/pico-sdk/src/rp2_common/pico_stdio_usb/stdio_usb.c.obj
 *fill*         0x0000000010007be7        0x1 
 .rodata.__bi_118.7207
                0x0000000010007be8        0xc CMakeFiles/i2cTest.dir/home/super/pico/pico-sdk/src/rp2_common/pico_stdio_usb/stdio_usb.c.obj
 .rodata.str1.4
                0x0000000010007bf4       0x2a CMakeFiles/i2cTest.dir/home/super/pico/pico-sdk/src/rp2_common/pico_stdio_usb/stdio_usb_descriptors.c.obj
 *fill*         0x0000000010007c1e        0x2 
 .rodata.usbd_desc_cfg
                0x0000000010007c20       0x54 CMakeFiles/i2cTest.dir/home/super/pico/pico-sdk/src/rp2_common/pico_stdio_usb/stdio_usb_descriptors.c.obj
 .rodata.usbd_desc_device
                0x0000000010007c74       0x12 CMakeFiles/i2cTest.dir/home/super/pico/pico-sdk/src/rp2_common/pico_stdio_usb/stdio_usb_descriptors.c.obj
 *fill*         0x0000000010007c86        0x2 
 .rodata.usbd_desc_str
                0x0000000010007c88       0x18 CMakeFiles/i2cTest.dir/home/super/pico/pico-sdk/src/rp2_common/pico_stdio_usb/stdio_usb_descriptors.c.obj
 .rodata.dcd_rp2040_irq.str1.4
                0x0000000010007ca0       0x14 CMakeFiles/i2cTest.dir/home/super/pico/pico-sdk/lib/tinyusb/src/portable/raspberrypi/rp2040/dcd_rp2040.c.obj
 .rodata._hw_endpoint_buffer_control_update32.part.0.str1.4
                0x0000000010007cb4       0x1f CMakeFiles/i2cTest.dir/home/super/pico/pico-sdk/lib/tinyusb/src/portable/raspberrypi/rp2040/rp2040_usb.c.obj
 *fill*         0x0000000010007cd3        0x1 
 .rodata.hw_endpoint_xfer_continue.str1.4
                0x0000000010007cd4       0x29 CMakeFiles/i2cTest.dir/home/super/pico/pico-sdk/lib/tinyusb/src/portable/raspberrypi/rp2040/rp2040_usb.c.obj
 .rodata.str1.4
                0x0000000010007cfd       0x29 CMakeFiles/i2cTest.dir/home/super/pico/pico-sdk/lib/tinyusb/src/portable/raspberrypi/rp2040/rp2040_usb.c.obj
                                          0x7 (size before relaxing)
 *fill*         0x0000000010007cfd        0x3 
 .rodata.tud_task
                0x0000000010007d00       0x8c CMakeFiles/i2cTest.dir/home/super/pico/pico-sdk/lib/tinyusb/src/device/usbd.c.obj
 .rodata._usbd_driver
                0x0000000010007d8c       0x18 CMakeFiles/i2cTest.dir/home/super/pico/pico-sdk/lib/tinyusb/src/device/usbd.c.obj
                0x0000000010007da4                . = ALIGN (0x4)
 *(SORT_BY_ALIGNMENT(SORT_BY_NAME(.flashdata*)))
                0x0000000010007da4                . = ALIGN (0x4)

.rel.dyn        0x0000000010007da4        0x0
 .rel.iplt      0x0000000010007da4        0x0 /usr/lib/gcc/arm-none-eabi/9.2.1/thumb/v6-m/nofp/crtbegin.o

.ARM.extab
 *(.ARM.extab* .gnu.linkonce.armextab.*)
                0x0000000010007da4                __exidx_start = .

.ARM.exidx
 *(.ARM.exidx* .gnu.linkonce.armexidx.*)
                0x0000000010007da4                __exidx_end = .
                0x0000000010007da4                . = ALIGN (0x4)
                0x0000000010007da4                __binary_info_start = .

.binary_info    0x0000000010007da4       0x30
 *(.binary_info.keep.*)
 .binary_info.keep.__bi_ptr43
                0x0000000010007da4        0x4 CMakeFiles/i2cTest.dir/i2cTest.c.obj
 .binary_info.keep.__bi_ptr22
                0x0000000010007da8        0x4 CMakeFiles/i2cTest.dir/home/super/pico/pico-sdk/src/rp2_common/pico_standard_link/binary_info.c.obj
 .binary_info.keep.__bi_ptr30
                0x0000000010007dac        0x4 CMakeFiles/i2cTest.dir/home/super/pico/pico-sdk/src/rp2_common/pico_standard_link/binary_info.c.obj
 .binary_info.keep.__bi_ptr38
                0x0000000010007db0        0x4 CMakeFiles/i2cTest.dir/home/super/pico/pico-sdk/src/rp2_common/pico_standard_link/binary_info.c.obj
 .binary_info.keep.__bi_ptr44
                0x0000000010007db4        0x4 CMakeFiles/i2cTest.dir/home/super/pico/pico-sdk/src/rp2_common/pico_standard_link/binary_info.c.obj
 .binary_info.keep.__bi_ptr50
                0x0000000010007db8        0x4 CMakeFiles/i2cTest.dir/home/super/pico/pico-sdk/src/rp2_common/pico_standard_link/binary_info.c.obj
 .binary_info.keep.__bi_ptr56
                0x0000000010007dbc        0x4 CMakeFiles/i2cTest.dir/home/super/pico/pico-sdk/src/rp2_common/pico_standard_link/binary_info.c.obj
 .binary_info.keep.__bi_ptr75
                0x0000000010007dc0        0x4 CMakeFiles/i2cTest.dir/home/super/pico/pico-sdk/src/rp2_common/pico_standard_link/binary_info.c.obj
 .binary_info.keep.__bi_ptr81
                0x0000000010007dc4        0x4 CMakeFiles/i2cTest.dir/home/super/pico/pico-sdk/src/rp2_common/pico_standard_link/binary_info.c.obj
 *(.binary_info.*)
 .binary_info.__bi_ptr28
                0x0000000010007dc8        0x4 CMakeFiles/i2cTest.dir/home/super/pico/pico-sdk/src/rp2_common/pico_stdio_uart/stdio_uart.c.obj
 .binary_info.__bi_ptr29
                0x0000000010007dcc        0x4 CMakeFiles/i2cTest.dir/home/super/pico/pico-sdk/src/rp2_common/pico_stdio_uart/stdio_uart.c.obj
 .binary_info.__bi_ptr118
                0x0000000010007dd0        0x4 CMakeFiles/i2cTest.dir/home/super/pico/pico-sdk/src/rp2_common/pico_stdio_usb/stdio_usb.c.obj
                0x0000000010007dd4                __binary_info_end = .
                0x0000000010007dd4                . = ALIGN (0x4)
                0x0000000010007dd4                __etext = .

.ram_vector_table
                0x0000000020000000       0xc0
 *(.ram_vector_table)
 .ram_vector_table
                0x0000000020000000       0xc0 CMakeFiles/i2cTest.dir/home/super/pico/pico-sdk/src/rp2_common/pico_runtime/runtime.c.obj
                0x0000000020000000                ram_vector_table

.data           0x00000000200000c0      0x3dc load address 0x0000000010007dd4
                0x00000000200000c0                __data_start__ = .
 *(vtable)
 *(.time_critical*)
 .time_critical.mutex_enter_blocking
                0x00000000200000c0       0x48 CMakeFiles/i2cTest.dir/home/super/pico/pico-sdk/src/common/pico_sync/mutex.c.obj
                0x00000000200000c0                mutex_enter_blocking
 .time_critical.mutex_try_enter
                0x0000000020000108       0x48 CMakeFiles/i2cTest.dir/home/super/pico/pico-sdk/src/common/pico_sync/mutex.c.obj
                0x0000000020000108                mutex_try_enter
 .time_critical.mutex_enter_timeout_ms
                0x0000000020000150       0x98 CMakeFiles/i2cTest.dir/home/super/pico/pico-sdk/src/common/pico_sync/mutex.c.obj
                0x0000000020000150                mutex_enter_timeout_ms
 .time_critical.mutex_exit
                0x00000000200001e8       0x28 CMakeFiles/i2cTest.dir/home/super/pico/pico-sdk/src/common/pico_sync/mutex.c.obj
                0x00000000200001e8                mutex_exit
 .time_critical.flash_init_boot2_copyout
                0x0000000020000210       0x30 CMakeFiles/i2cTest.dir/home/super/pico/pico-sdk/src/rp2_common/hardware_flash/flash.c.obj
 .time_critical.flash_enable_xip_via_boot2
                0x0000000020000240       0x10 CMakeFiles/i2cTest.dir/home/super/pico/pico-sdk/src/rp2_common/hardware_flash/flash.c.obj
 .time_critical.flash_cs_force
                0x0000000020000250       0x38 CMakeFiles/i2cTest.dir/home/super/pico/pico-sdk/src/rp2_common/hardware_flash/flash.c.obj
 .time_critical.flash_do_cmd
                0x0000000020000288       0xc4 CMakeFiles/i2cTest.dir/home/super/pico/pico-sdk/src/rp2_common/hardware_flash/flash.c.obj
                0x0000000020000288                flash_do_cmd
 *(.text*)
 .text          0x000000002000034c        0x4 /usr/lib/gcc/arm-none-eabi/9.2.1/thumb/v6-m/nofp/libgcc.a(_dvmd_tls.o)
                0x000000002000034c                __aeabi_ldiv0
                0x000000002000034c                __aeabi_idiv0
 .text.__stub   0x0000000020000350       0x30 linker stubs
                0x0000000020000380                . = ALIGN (0x4)
 *(.rodata*)
                0x0000000020000380                . = ALIGN (0x4)
 *(.data*)
 .data.BerryIMUversion
                0x0000000020000380        0x4 CMakeFiles/i2cTest.dir/i2cTest.c.obj
                0x0000000020000380                BerryIMUversion
 .data.striped_spin_lock_num
                0x0000000020000384        0x1 CMakeFiles/i2cTest.dir/home/super/pico/pico-sdk/src/rp2_common/hardware_sync/sync.c.obj
 *fill*         0x0000000020000385        0x3 
 .data          0x0000000020000388       0x48 CMakeFiles/i2cTest.dir/home/super/pico/pico-sdk/src/rp2_common/hardware_irq/irq_handler_chain.S.obj
                0x0000000020000388                irq_handler_chain_slots
                0x00000000200003b8                irq_handler_chain_first_slot
                0x00000000200003c2                irq_handler_chain_remove_tail
 .data.default_alarm_pool
                0x00000000200003d0       0x18 CMakeFiles/i2cTest.dir/home/super/pico/pico-sdk/src/common/pico_time/time.c.obj
 .data.default_alarm_pool_heap
                0x00000000200003e8       0x10 CMakeFiles/i2cTest.dir/home/super/pico/pico-sdk/src/common/pico_time/time.c.obj
 *fill*         0x00000000200003f8        0x8 
 .data.aeabi_bits_funcs
                0x0000000020000400       0x10 CMakeFiles/i2cTest.dir/home/super/pico/pico-sdk/src/rp2_common/pico_bit_ops/bit_ops_aeabi.S.obj
                0x0000000020000400                aeabi_bits_funcs
                0x0000000020000410                aeabi_bits_funcs_end
 .data.aeabi_mem_funcs
                0x0000000020000410       0x10 CMakeFiles/i2cTest.dir/home/super/pico/pico-sdk/src/rp2_common/pico_mem_ops/mem_ops_aeabi.S.obj
                0x0000000020000410                aeabi_mem_funcs
                0x0000000020000420                aeabi_mem_funcs_end
 .data.stdio_uart
                0x0000000020000420       0x14 CMakeFiles/i2cTest.dir/home/super/pico/pico-sdk/src/rp2_common/pico_stdio_uart/stdio_uart.c.obj
                0x0000000020000420                stdio_uart
 .data.stdio_usb
                0x0000000020000434       0x14 CMakeFiles/i2cTest.dir/home/super/pico/pico-sdk/src/rp2_common/pico_stdio_usb/stdio_usb.c.obj
                0x0000000020000434                stdio_usb
 .data.ep_dir_string
                0x0000000020000448        0x8 CMakeFiles/i2cTest.dir/home/super/pico/pico-sdk/lib/tinyusb/src/portable/raspberrypi/rp2040/rp2040_usb.c.obj
                0x0000000020000448                ep_dir_string
 .data._usbd_qdef
                0x0000000020000450       0x24 CMakeFiles/i2cTest.dir/home/super/pico/pico-sdk/lib/tinyusb/src/device/usbd.c.obj
                0x0000000020000450                _usbd_qdef
 .data.i2c0_inst
                0x0000000020000474        0x8 CMakeFiles/i2cTest.dir/home/super/pico/pico-sdk/src/rp2_common/hardware_i2c/i2c.c.obj
                0x0000000020000474                i2c0_inst
                0x000000002000047c                . = ALIGN (0x4)
 *(.after_data.*)
                0x000000002000047c                . = ALIGN (0x4)
                0x000000002000047c                PROVIDE (__mutex_array_start = .)
 *(SORT_BY_NAME(.mutex_array.*))
 *(.mutex_array)
 .mutex_array   0x000000002000047c        0x8 CMakeFiles/i2cTest.dir/home/super/pico/pico-sdk/src/rp2_common/pico_stdio/stdio.c.obj
                0x0000000020000484                PROVIDE (__mutex_array_end = .)
                0x0000000020000484                . = ALIGN (0x4)
                0x0000000020000484                PROVIDE (__preinit_array_start = .)
 *(SORT_BY_NAME(.preinit_array.*))
 .preinit_array.00001
                0x0000000020000484        0x4 CMakeFiles/i2cTest.dir/home/super/pico/pico-sdk/src/rp2_common/pico_mem_ops/mem_ops_aeabi.S.obj
 .preinit_array.00010
                0x0000000020000488        0x4 CMakeFiles/i2cTest.dir/home/super/pico/pico-sdk/src/rp2_common/pico_bit_ops/bit_ops_aeabi.S.obj
 .preinit_array.00020
                0x000000002000048c        0x4 CMakeFiles/i2cTest.dir/home/super/pico/pico-sdk/src/rp2_common/pico_double/double_aeabi.S.obj
 .preinit_array.00020
                0x0000000020000490        0x4 CMakeFiles/i2cTest.dir/home/super/pico/pico-sdk/src/rp2_common/pico_float/float_aeabi.S.obj
 *(.preinit_array)
                0x0000000020000494                PROVIDE (__preinit_array_end = .)
                0x0000000020000494                . = ALIGN (0x4)
                0x0000000020000494                PROVIDE (__init_array_start = .)
 *(SORT_BY_NAME(.init_array.*))
 *(.init_array)
 .init_array    0x0000000020000494        0x4 /usr/lib/gcc/arm-none-eabi/9.2.1/thumb/v6-m/nofp/crtbegin.o
 .init_array    0x0000000020000498        0x4 CMakeFiles/i2cTest.dir/home/super/pico/pico-sdk/src/rp2_common/pico_unique_id/unique_id.c.obj
                0x000000002000049c                PROVIDE (__init_array_end = .)
                0x000000002000049c                . = ALIGN (0x4)
                0x000000002000049c                PROVIDE (__fini_array_start = .)
 *(SORT_BY_NAME(.fini_array.*))
 *(.fini_array)
                0x000000002000049c                PROVIDE (__fini_array_end = .)
 *(.jcr)
                0x000000002000049c                . = ALIGN (0x4)
                0x000000002000049c                __data_end__ = .

.tm_clone_table
                0x000000002000049c        0x0 load address 0x00000000100081b0
 .tm_clone_table
                0x000000002000049c        0x0 /usr/lib/gcc/arm-none-eabi/9.2.1/thumb/v6-m/nofp/crtbegin.o
 .tm_clone_table
                0x000000002000049c        0x0 /usr/lib/gcc/arm-none-eabi/9.2.1/thumb/v6-m/nofp/crtend.o

.igot.plt       0x000000002000049c        0x0 load address 0x00000000100081b0
 .igot.plt      0x000000002000049c        0x0 /usr/lib/gcc/arm-none-eabi/9.2.1/thumb/v6-m/nofp/crtbegin.o

.uninitialized_data
                0x000000002000049c        0x0 load address 0x00000000100081b0
                0x000000002000049c                . = ALIGN (0x4)
 *(.uninitialized_data*)

.scratch_x      0x0000000020040000        0x0 load address 0x00000000100081b0
                0x0000000020040000                __scratch_x_start__ = .
 *(.scratch_x.*)
                0x0000000020040000                . = ALIGN (0x4)
                0x0000000020040000                __scratch_x_end__ = .
                0x00000000100081b0                __scratch_x_source__ = LOADADDR (.scratch_x)

.scratch_y      0x0000000020041000        0x0 load address 0x00000000100081b0
                0x0000000020041000                __scratch_y_start__ = .
 *(.scratch_y.*)
                0x0000000020041000                . = ALIGN (0x4)
                0x0000000020041000                __scratch_y_end__ = .
                0x00000000100081b0                __scratch_y_source__ = LOADADDR (.scratch_y)

.bss            0x00000000200004a0      0xd90
                0x00000000200004a0                . = ALIGN (0x4)
                0x00000000200004a0                __bss_start__ = .
 *(SORT_BY_ALIGNMENT(SORT_BY_NAME(.bss*)))
 .bss.default_alarm_pool_entries
                0x00000000200004a0      0x100 CMakeFiles/i2cTest.dir/home/super/pico/pico-sdk/src/common/pico_time/time.c.obj
 .bss.last_avail_time.7186
                0x00000000200005a0        0x8 CMakeFiles/i2cTest.dir/home/super/pico/pico-sdk/src/rp2_common/pico_stdio_usb/stdio_usb.c.obj
 .bss           0x00000000200005a8       0x1c /usr/lib/gcc/arm-none-eabi/9.2.1/thumb/v6-m/nofp/crtbegin.o
 .bss._app_driver
                0x00000000200005c4        0x4 CMakeFiles/i2cTest.dir/home/super/pico/pico-sdk/lib/tinyusb/src/device/usbd.c.obj
 .bss._cdcd_itf
                0x00000000200005c8      0x2d8 CMakeFiles/i2cTest.dir/home/super/pico/pico-sdk/lib/tinyusb/src/class/cdc/cdc_device.c.obj
 .bss._ctrl_xfer
                0x00000000200008a0       0x14 CMakeFiles/i2cTest.dir/home/super/pico/pico-sdk/lib/tinyusb/src/device/usbd_control.c.obj
 .bss._ubsd_mutexdef
                0x00000000200008b4        0x8 CMakeFiles/i2cTest.dir/home/super/pico/pico-sdk/lib/tinyusb/src/device/usbd.c.obj
 .bss._usbd_ctrl_buf
                0x00000000200008bc       0x40 CMakeFiles/i2cTest.dir/home/super/pico/pico-sdk/lib/tinyusb/src/device/usbd_control.c.obj
 .bss._usbd_dev
                0x00000000200008fc       0x53 CMakeFiles/i2cTest.dir/home/super/pico/pico-sdk/lib/tinyusb/src/device/usbd.c.obj
 *fill*         0x000000002000094f        0x1 
 .bss._usbd_mutex
                0x0000000020000950        0x4 CMakeFiles/i2cTest.dir/home/super/pico/pico-sdk/lib/tinyusb/src/device/usbd.c.obj
 .bss._usbd_q   0x0000000020000954        0x4 CMakeFiles/i2cTest.dir/home/super/pico/pico-sdk/lib/tinyusb/src/device/usbd.c.obj
 .bss.alarm_callbacks
                0x0000000020000958       0x10 CMakeFiles/i2cTest.dir/home/super/pico/pico-sdk/src/rp2_common/hardware_timer/timer.c.obj
 .bss.boot2_copyout
                0x0000000020000968      0x100 CMakeFiles/i2cTest.dir/home/super/pico/pico-sdk/src/rp2_common/hardware_flash/flash.c.obj
 .bss.claimed   0x0000000020000a68        0x4 CMakeFiles/i2cTest.dir/home/super/pico/pico-sdk/src/rp2_common/hardware_sync/sync.c.obj
 .bss.configured_freq
                0x0000000020000a6c       0x28 CMakeFiles/i2cTest.dir/home/super/pico/pico-sdk/src/rp2_common/hardware_clocks/clocks.c.obj
 .bss.default_alarm_pool_entry_ids_high
                0x0000000020000a94       0x10 CMakeFiles/i2cTest.dir/home/super/pico/pico-sdk/src/common/pico_time/time.c.obj
 .bss.default_alarm_pool_heap_nodes
                0x0000000020000aa4       0x30 CMakeFiles/i2cTest.dir/home/super/pico/pico-sdk/src/common/pico_time/time.c.obj
 .bss.desc_str.7071
                0x0000000020000ad4       0x28 CMakeFiles/i2cTest.dir/home/super/pico/pico-sdk/src/rp2_common/pico_stdio_usb/stdio_usb_descriptors.c.obj
 .bss.drivers   0x0000000020000afc        0x4 CMakeFiles/i2cTest.dir/home/super/pico/pico-sdk/src/rp2_common/pico_stdio/stdio.c.obj
 .bss.filter    0x0000000020000b00        0x4 CMakeFiles/i2cTest.dir/home/super/pico/pico-sdk/src/rp2_common/pico_stdio/stdio.c.obj
 .bss.hw_endpoints
                0x0000000020000b04      0x400 CMakeFiles/i2cTest.dir/home/super/pico/pico-sdk/lib/tinyusb/src/portable/raspberrypi/rp2040/dcd_rp2040.c.obj
 .bss.lazy_vsnprintf
                0x0000000020000f04        0x4 CMakeFiles/i2cTest.dir/home/super/pico/pico-sdk/src/rp2_common/pico_printf/printf.c.obj
 .bss.load_value
                0x0000000020000f08        0x4 CMakeFiles/i2cTest.dir/home/super/pico/pico-sdk/src/rp2_common/hardware_watchdog/watchdog.c.obj
 .bss.next_buffer_ptr
                0x0000000020000f0c        0x4 CMakeFiles/i2cTest.dir/home/super/pico/pico-sdk/lib/tinyusb/src/portable/raspberrypi/rp2040/dcd_rp2040.c.obj
 .bss.pools     0x0000000020000f10       0x10 CMakeFiles/i2cTest.dir/home/super/pico/pico-sdk/src/common/pico_time/time.c.obj
 .bss.retrieved_id
                0x0000000020000f20        0x8 CMakeFiles/i2cTest.dir/home/super/pico/pico-sdk/src/rp2_common/pico_unique_id/unique_id.c.obj
 .bss.sf_clz_func
                0x0000000020000f28        0x4 CMakeFiles/i2cTest.dir/home/super/pico/pico-sdk/src/rp2_common/pico_double/double_init_rom.c.obj
                0x0000000020000f28                sf_clz_func
 .bss.sleep_notifier
                0x0000000020000f2c        0x4 CMakeFiles/i2cTest.dir/home/super/pico/pico-sdk/src/common/pico_time/time.c.obj
 .bss.stdio_usb_mutex
                0x0000000020000f30        0x8 CMakeFiles/i2cTest.dir/home/super/pico/pico-sdk/src/rp2_common/pico_stdio_usb/stdio_usb.c.obj
 .bss.target_hi
                0x0000000020000f38       0x10 CMakeFiles/i2cTest.dir/home/super/pico/pico-sdk/src/rp2_common/hardware_timer/timer.c.obj
 .bss.uart_instance
                0x0000000020000f48        0x4 CMakeFiles/i2cTest.dir/home/super/pico/pico-sdk/src/rp2_common/pico_stdio_uart/stdio_uart.c.obj
 .bss.usbd_serial_str
                0x0000000020000f4c       0x11 CMakeFiles/i2cTest.dir/home/super/pico/pico-sdk/src/rp2_common/pico_stdio_usb/stdio_usb_descriptors.c.obj
 *fill*         0x0000000020000f5d        0x3 
 .bss.user_irq_claimed
                0x0000000020000f60        0x2 CMakeFiles/i2cTest.dir/home/super/pico/pico-sdk/src/rp2_common/hardware_irq/irq.c.obj
 .bss._app_driver_count
                0x0000000020000f62        0x1 CMakeFiles/i2cTest.dir/home/super/pico/pico-sdk/lib/tinyusb/src/device/usbd.c.obj
 .bss._usbd_initialized
                0x0000000020000f63        0x1 CMakeFiles/i2cTest.dir/home/super/pico/pico-sdk/lib/tinyusb/src/device/usbd.c.obj
 .bss.boot2_copyout_valid
                0x0000000020000f64        0x1 CMakeFiles/i2cTest.dir/home/super/pico/pico-sdk/src/rp2_common/hardware_flash/flash.c.obj
 .bss.claimed   0x0000000020000f65        0x1 CMakeFiles/i2cTest.dir/home/super/pico/pico-sdk/src/rp2_common/hardware_timer/timer.c.obj
 .bss.irq_hander_chain_free_slot_head
                0x0000000020000f66        0x1 CMakeFiles/i2cTest.dir/home/super/pico/pico-sdk/src/rp2_common/hardware_irq/irq.c.obj
 .bss.itf_num   0x0000000020000f67        0x1 CMakeFiles/i2cTest.dir/home/super/pico/pico-sdk/src/rp2_common/pico_stdio_usb/reset_interface.c.obj
 .bss.low_priority_irq_num
                0x0000000020000f68        0x1 CMakeFiles/i2cTest.dir/home/super/pico/pico-sdk/src/rp2_common/pico_stdio_usb/stdio_usb.c.obj
 .bss.timer_callbacks_pending
                0x0000000020000f69        0x1 CMakeFiles/i2cTest.dir/home/super/pico/pico-sdk/src/rp2_common/hardware_timer/timer.c.obj
 *(COMMON)
 *fill*         0x0000000020000f6a        0x2 
 COMMON         0x0000000020000f6c        0x4 CMakeFiles/i2cTest.dir/home/super/pico/pico-sdk/src/rp2_common/hardware_uart/uart.c.obj
                0x0000000020000f6c                uart_char_to_line_feed
 COMMON         0x0000000020000f70      0x100 CMakeFiles/i2cTest.dir/home/super/pico/pico-sdk/src/rp2_common/pico_double/double_init_rom.c.obj
                0x0000000020000f70                sd_table
 COMMON         0x0000000020001070      0x100 CMakeFiles/i2cTest.dir/home/super/pico/pico-sdk/src/rp2_common/pico_float/float_init_rom.c.obj
                0x0000000020001070                sf_table
 COMMON         0x0000000020001170       0xc0 CMakeFiles/i2cTest.dir/home/super/pico/pico-sdk/lib/tinyusb/src/device/usbd.c.obj
                0x0000000020001170                _usbd_qdef_buf
                0x0000000020001230                . = ALIGN (0x4)
                0x0000000020001230                __bss_end__ = .

.heap           0x0000000020001230      0x800
                0x0000000020001230                __end__ = .
                0x0000000020001230                end = __end__
 *(.heap*)
 .heap          0x0000000020001230      0x800 CMakeFiles/i2cTest.dir/home/super/pico/pico-sdk/src/rp2_common/pico_standard_link/crt0.S.obj
                0x0000000020001a30                __HeapLimit = .

.stack1_dummy   0x0000000020040000        0x0
 *(.stack1*)

.stack_dummy    0x0000000020041000      0x800
 *(.stack*)
 .stack         0x0000000020041000      0x800 CMakeFiles/i2cTest.dir/home/super/pico/pico-sdk/src/rp2_common/pico_standard_link/crt0.S.obj

.flash_end      0x00000000100081b0        0x0
                0x00000000100081b0                __flash_binary_end = .
                0x0000000020040000                __StackLimit = (ORIGIN (RAM) + LENGTH (RAM))
                0x0000000020041000                __StackOneTop = (ORIGIN (SCRATCH_X) + LENGTH (SCRATCH_X))
                0x0000000020042000                __StackTop = (ORIGIN (SCRATCH_Y) + LENGTH (SCRATCH_Y))
                0x0000000020041000                __StackOneBottom = (__StackOneTop - SIZEOF (.stack1_dummy))
                0x0000000020041800                __StackBottom = (__StackTop - SIZEOF (.stack_dummy))
                0x0000000020042000                PROVIDE (__stack = __StackTop)
                0x0000000000000001                ASSERT ((__StackLimit >= __HeapLimit), region RAM overflowed)
                0x0000000000000001                ASSERT (((__binary_info_header_end - __logical_binary_start) <= 0x100), Binary info must be in first 256 bytes of the binary)
LOAD CMakeFiles/i2cTest.dir/i2cTest.c.obj
LOAD CMakeFiles/i2cTest.dir/home/super/pico/pico-sdk/src/rp2_common/pico_stdlib/stdlib.c.obj
LOAD CMakeFiles/i2cTest.dir/home/super/pico/pico-sdk/src/rp2_common/hardware_gpio/gpio.c.obj
LOAD CMakeFiles/i2cTest.dir/home/super/pico/pico-sdk/src/rp2_common/hardware_claim/claim.c.obj
LOAD CMakeFiles/i2cTest.dir/home/super/pico/pico-sdk/src/rp2_common/pico_platform/platform.c.obj
LOAD CMakeFiles/i2cTest.dir/home/super/pico/pico-sdk/src/rp2_common/hardware_sync/sync.c.obj
LOAD CMakeFiles/i2cTest.dir/home/super/pico/pico-sdk/src/rp2_common/hardware_irq/irq.c.obj
LOAD CMakeFiles/i2cTest.dir/home/super/pico/pico-sdk/src/rp2_common/hardware_irq/irq_handler_chain.S.obj
LOAD CMakeFiles/i2cTest.dir/home/super/pico/pico-sdk/src/common/pico_sync/sem.c.obj
LOAD CMakeFiles/i2cTest.dir/home/super/pico/pico-sdk/src/common/pico_sync/lock_core.c.obj
LOAD CMakeFiles/i2cTest.dir/home/super/pico/pico-sdk/src/common/pico_time/time.c.obj
LOAD CMakeFiles/i2cTest.dir/home/super/pico/pico-sdk/src/common/pico_time/timeout_helper.c.obj
LOAD CMakeFiles/i2cTest.dir/home/super/pico/pico-sdk/src/rp2_common/hardware_timer/timer.c.obj
LOAD CMakeFiles/i2cTest.dir/home/super/pico/pico-sdk/src/common/pico_util/datetime.c.obj
LOAD CMakeFiles/i2cTest.dir/home/super/pico/pico-sdk/src/common/pico_util/pheap.c.obj
LOAD CMakeFiles/i2cTest.dir/home/super/pico/pico-sdk/src/common/pico_util/queue.c.obj
LOAD CMakeFiles/i2cTest.dir/home/super/pico/pico-sdk/src/common/pico_sync/mutex.c.obj
LOAD CMakeFiles/i2cTest.dir/home/super/pico/pico-sdk/src/common/pico_sync/critical_section.c.obj
LOAD CMakeFiles/i2cTest.dir/home/super/pico/pico-sdk/src/rp2_common/hardware_uart/uart.c.obj
LOAD CMakeFiles/i2cTest.dir/home/super/pico/pico-sdk/src/rp2_common/hardware_divider/divider.S.obj
LOAD CMakeFiles/i2cTest.dir/home/super/pico/pico-sdk/src/rp2_common/pico_runtime/runtime.c.obj
LOAD CMakeFiles/i2cTest.dir/home/super/pico/pico-sdk/src/rp2_common/hardware_clocks/clocks.c.obj
LOAD CMakeFiles/i2cTest.dir/home/super/pico/pico-sdk/src/rp2_common/hardware_pll/pll.c.obj
LOAD CMakeFiles/i2cTest.dir/home/super/pico/pico-sdk/src/rp2_common/hardware_vreg/vreg.c.obj
LOAD CMakeFiles/i2cTest.dir/home/super/pico/pico-sdk/src/rp2_common/hardware_watchdog/watchdog.c.obj
LOAD CMakeFiles/i2cTest.dir/home/super/pico/pico-sdk/src/rp2_common/hardware_xosc/xosc.c.obj
LOAD CMakeFiles/i2cTest.dir/home/super/pico/pico-sdk/src/rp2_common/pico_printf/printf.c.obj
LOAD CMakeFiles/i2cTest.dir/home/super/pico/pico-sdk/src/rp2_common/pico_bit_ops/bit_ops_aeabi.S.obj
LOAD CMakeFiles/i2cTest.dir/home/super/pico/pico-sdk/src/rp2_common/pico_bootrom/bootrom.c.obj
LOAD CMakeFiles/i2cTest.dir/home/super/pico/pico-sdk/src/rp2_common/pico_divider/divider.S.obj
LOAD CMakeFiles/i2cTest.dir/home/super/pico/pico-sdk/src/rp2_common/pico_double/double_aeabi.S.obj
LOAD CMakeFiles/i2cTest.dir/home/super/pico/pico-sdk/src/rp2_common/pico_double/double_init_rom.c.obj
LOAD CMakeFiles/i2cTest.dir/home/super/pico/pico-sdk/src/rp2_common/pico_double/double_math.c.obj
LOAD CMakeFiles/i2cTest.dir/home/super/pico/pico-sdk/src/rp2_common/pico_double/double_v1_rom_shim.S.obj
LOAD CMakeFiles/i2cTest.dir/home/super/pico/pico-sdk/src/rp2_common/pico_int64_ops/pico_int64_ops_aeabi.S.obj
LOAD CMakeFiles/i2cTest.dir/home/super/pico/pico-sdk/src/rp2_common/pico_float/float_aeabi.S.obj
LOAD CMakeFiles/i2cTest.dir/home/super/pico/pico-sdk/src/rp2_common/pico_float/float_init_rom.c.obj
LOAD CMakeFiles/i2cTest.dir/home/super/pico/pico-sdk/src/rp2_common/pico_float/float_math.c.obj
LOAD CMakeFiles/i2cTest.dir/home/super/pico/pico-sdk/src/rp2_common/pico_float/float_v1_rom_shim.S.obj
LOAD CMakeFiles/i2cTest.dir/home/super/pico/pico-sdk/src/rp2_common/pico_malloc/pico_malloc.c.obj
LOAD CMakeFiles/i2cTest.dir/home/super/pico/pico-sdk/src/rp2_common/pico_mem_ops/mem_ops_aeabi.S.obj
LOAD CMakeFiles/i2cTest.dir/home/super/pico/pico-sdk/src/rp2_common/pico_standard_link/crt0.S.obj
LOAD CMakeFiles/i2cTest.dir/home/super/pico/pico-sdk/src/rp2_common/pico_standard_link/new_delete.cpp.obj
LOAD CMakeFiles/i2cTest.dir/home/super/pico/pico-sdk/src/rp2_common/pico_standard_link/binary_info.c.obj
LOAD CMakeFiles/i2cTest.dir/home/super/pico/pico-sdk/src/rp2_common/pico_stdio/stdio.c.obj
LOAD CMakeFiles/i2cTest.dir/home/super/pico/pico-sdk/src/rp2_common/pico_stdio_uart/stdio_uart.c.obj
LOAD CMakeFiles/i2cTest.dir/home/super/pico/pico-sdk/src/rp2_common/pico_stdio_usb/reset_interface.c.obj
LOAD CMakeFiles/i2cTest.dir/home/super/pico/pico-sdk/src/rp2_common/pico_stdio_usb/stdio_usb.c.obj
LOAD CMakeFiles/i2cTest.dir/home/super/pico/pico-sdk/src/rp2_common/pico_stdio_usb/stdio_usb_descriptors.c.obj
LOAD CMakeFiles/i2cTest.dir/home/super/pico/pico-sdk/lib/tinyusb/src/portable/raspberrypi/rp2040/dcd_rp2040.c.obj
LOAD CMakeFiles/i2cTest.dir/home/super/pico/pico-sdk/lib/tinyusb/src/portable/raspberrypi/rp2040/rp2040_usb.c.obj
LOAD CMakeFiles/i2cTest.dir/home/super/pico/pico-sdk/lib/tinyusb/src/device/usbd.c.obj
LOAD CMakeFiles/i2cTest.dir/home/super/pico/pico-sdk/lib/tinyusb/src/device/usbd_control.c.obj
LOAD CMakeFiles/i2cTest.dir/home/super/pico/pico-sdk/lib/tinyusb/src/class/audio/audio_device.c.obj
LOAD CMakeFiles/i2cTest.dir/home/super/pico/pico-sdk/lib/tinyusb/src/class/cdc/cdc_device.c.obj
LOAD CMakeFiles/i2cTest.dir/home/super/pico/pico-sdk/lib/tinyusb/src/class/dfu/dfu_device.c.obj
LOAD CMakeFiles/i2cTest.dir/home/super/pico/pico-sdk/lib/tinyusb/src/class/dfu/dfu_rt_device.c.obj
LOAD CMakeFiles/i2cTest.dir/home/super/pico/pico-sdk/lib/tinyusb/src/class/hid/hid_device.c.obj
LOAD CMakeFiles/i2cTest.dir/home/super/pico/pico-sdk/lib/tinyusb/src/class/midi/midi_device.c.obj
LOAD CMakeFiles/i2cTest.dir/home/super/pico/pico-sdk/lib/tinyusb/src/class/msc/msc_device.c.obj
LOAD CMakeFiles/i2cTest.dir/home/super/pico/pico-sdk/lib/tinyusb/src/class/net/ecm_rndis_device.c.obj
LOAD CMakeFiles/i2cTest.dir/home/super/pico/pico-sdk/lib/tinyusb/src/class/net/ncm_device.c.obj
LOAD CMakeFiles/i2cTest.dir/home/super/pico/pico-sdk/lib/tinyusb/src/class/usbtmc/usbtmc_device.c.obj
LOAD CMakeFiles/i2cTest.dir/home/super/pico/pico-sdk/lib/tinyusb/src/class/vendor/vendor_device.c.obj
LOAD CMakeFiles/i2cTest.dir/home/super/pico/pico-sdk/lib/tinyusb/src/class/video/video_device.c.obj
LOAD CMakeFiles/i2cTest.dir/home/super/pico/pico-sdk/lib/tinyusb/src/tusb.c.obj
LOAD CMakeFiles/i2cTest.dir/home/super/pico/pico-sdk/lib/tinyusb/src/common/tusb_fifo.c.obj
LOAD CMakeFiles/i2cTest.dir/home/super/pico/pico-sdk/src/rp2_common/pico_fix/rp2040_usb_device_enumeration/rp2040_usb_device_enumeration.c.obj
LOAD CMakeFiles/i2cTest.dir/home/super/pico/pico-sdk/src/rp2_common/pico_unique_id/unique_id.c.obj
LOAD CMakeFiles/i2cTest.dir/home/super/pico/pico-sdk/src/rp2_common/hardware_flash/flash.c.obj
LOAD CMakeFiles/i2cTest.dir/home/super/pico/pico-sdk/src/rp2_common/hardware_i2c/i2c.c.obj
LOAD /tmp/ccUYpGcS.o
LOAD /usr/lib/gcc/arm-none-eabi/9.2.1/../../../arm-none-eabi/lib/thumb/v6-m/nofp/libstdc++.a
LOAD /usr/lib/gcc/arm-none-eabi/9.2.1/../../../arm-none-eabi/lib/thumb/v6-m/nofp/libm.a
START GROUP
LOAD /usr/lib/gcc/arm-none-eabi/9.2.1/thumb/v6-m/nofp/libgcc.a
LOAD /usr/lib/gcc/arm-none-eabi/9.2.1/../../../arm-none-eabi/lib/thumb/v6-m/nofp/libc.a
END GROUP
START GROUP
LOAD /usr/lib/gcc/arm-none-eabi/9.2.1/thumb/v6-m/nofp/libgcc.a
LOAD /usr/lib/gcc/arm-none-eabi/9.2.1/../../../arm-none-eabi/lib/thumb/v6-m/nofp/libc.a
LOAD /usr/lib/gcc/arm-none-eabi/9.2.1/../../../arm-none-eabi/lib/thumb/v6-m/nofp/libnosys.a
END GROUP
LOAD /usr/lib/gcc/arm-none-eabi/9.2.1/thumb/v6-m/nofp/crtend.o
LOAD /usr/lib/gcc/arm-none-eabi/9.2.1/thumb/v6-m/nofp/crtn.o
OUTPUT(i2cTest.elf elf32-littlearm)
LOAD linker stubs

.ARM.attributes
                0x0000000000000000       0x28
 .ARM.attributes
                0x0000000000000000       0x1e /usr/lib/gcc/arm-none-eabi/9.2.1/thumb/v6-m/nofp/crti.o
 .ARM.attributes
                0x000000000000001e       0x2c /usr/lib/gcc/arm-none-eabi/9.2.1/thumb/v6-m/nofp/crtbegin.o
 .ARM.attributes
                0x000000000000004a       0x2c CMakeFiles/i2cTest.dir/i2cTest.c.obj
 .ARM.attributes
                0x0000000000000076       0x2c CMakeFiles/i2cTest.dir/home/super/pico/pico-sdk/src/rp2_common/hardware_gpio/gpio.c.obj
 .ARM.attributes
                0x00000000000000a2       0x2c CMakeFiles/i2cTest.dir/home/super/pico/pico-sdk/src/rp2_common/hardware_claim/claim.c.obj
 .ARM.attributes
                0x00000000000000ce       0x2c CMakeFiles/i2cTest.dir/home/super/pico/pico-sdk/src/rp2_common/pico_platform/platform.c.obj
 .ARM.attributes
                0x00000000000000fa       0x2c CMakeFiles/i2cTest.dir/home/super/pico/pico-sdk/src/rp2_common/hardware_sync/sync.c.obj
 .ARM.attributes
                0x0000000000000126       0x2c CMakeFiles/i2cTest.dir/home/super/pico/pico-sdk/src/rp2_common/hardware_irq/irq.c.obj
 .ARM.attributes
                0x0000000000000152       0x22 CMakeFiles/i2cTest.dir/home/super/pico/pico-sdk/src/rp2_common/hardware_irq/irq_handler_chain.S.obj
 .ARM.attributes
                0x0000000000000174       0x2c CMakeFiles/i2cTest.dir/home/super/pico/pico-sdk/src/common/pico_sync/lock_core.c.obj
 .ARM.attributes
                0x00000000000001a0       0x2c CMakeFiles/i2cTest.dir/home/super/pico/pico-sdk/src/common/pico_time/time.c.obj
 .ARM.attributes
                0x00000000000001cc       0x2c CMakeFiles/i2cTest.dir/home/super/pico/pico-sdk/src/rp2_common/hardware_timer/timer.c.obj
 .ARM.attributes
                0x00000000000001f8       0x2c CMakeFiles/i2cTest.dir/home/super/pico/pico-sdk/src/common/pico_util/pheap.c.obj
 .ARM.attributes
                0x0000000000000224       0x2c CMakeFiles/i2cTest.dir/home/super/pico/pico-sdk/src/common/pico_sync/mutex.c.obj
 .ARM.attributes
                0x0000000000000250       0x2c CMakeFiles/i2cTest.dir/home/super/pico/pico-sdk/src/common/pico_sync/critical_section.c.obj
 .ARM.attributes
                0x000000000000027c       0x2c CMakeFiles/i2cTest.dir/home/super/pico/pico-sdk/src/rp2_common/hardware_uart/uart.c.obj
 .ARM.attributes
                0x00000000000002a8       0x2c CMakeFiles/i2cTest.dir/home/super/pico/pico-sdk/src/rp2_common/pico_runtime/runtime.c.obj
 .ARM.attributes
                0x00000000000002d4       0x2c CMakeFiles/i2cTest.dir/home/super/pico/pico-sdk/src/rp2_common/hardware_clocks/clocks.c.obj
 .ARM.attributes
                0x0000000000000300       0x2c CMakeFiles/i2cTest.dir/home/super/pico/pico-sdk/src/rp2_common/hardware_pll/pll.c.obj
 .ARM.attributes
                0x000000000000032c       0x2c CMakeFiles/i2cTest.dir/home/super/pico/pico-sdk/src/rp2_common/hardware_watchdog/watchdog.c.obj
 .ARM.attributes
                0x0000000000000358       0x2c CMakeFiles/i2cTest.dir/home/super/pico/pico-sdk/src/rp2_common/hardware_xosc/xosc.c.obj
 .ARM.attributes
                0x0000000000000384       0x2c CMakeFiles/i2cTest.dir/home/super/pico/pico-sdk/src/rp2_common/pico_printf/printf.c.obj
 .ARM.attributes
                0x00000000000003b0       0x22 CMakeFiles/i2cTest.dir/home/super/pico/pico-sdk/src/rp2_common/pico_bit_ops/bit_ops_aeabi.S.obj
 .ARM.attributes
                0x00000000000003d2       0x2c CMakeFiles/i2cTest.dir/home/super/pico/pico-sdk/src/rp2_common/pico_bootrom/bootrom.c.obj
 .ARM.attributes
                0x00000000000003fe       0x22 CMakeFiles/i2cTest.dir/home/super/pico/pico-sdk/src/rp2_common/pico_divider/divider.S.obj
 .ARM.attributes
                0x0000000000000420       0x22 CMakeFiles/i2cTest.dir/home/super/pico/pico-sdk/src/rp2_common/pico_double/double_aeabi.S.obj
 .ARM.attributes
                0x0000000000000442       0x2c CMakeFiles/i2cTest.dir/home/super/pico/pico-sdk/src/rp2_common/pico_double/double_init_rom.c.obj
 .ARM.attributes
                0x000000000000046e       0x22 CMakeFiles/i2cTest.dir/home/super/pico/pico-sdk/src/rp2_common/pico_double/double_v1_rom_shim.S.obj
 .ARM.attributes
                0x0000000000000490       0x22 CMakeFiles/i2cTest.dir/home/super/pico/pico-sdk/src/rp2_common/pico_int64_ops/pico_int64_ops_aeabi.S.obj
 .ARM.attributes
                0x00000000000004b2       0x22 CMakeFiles/i2cTest.dir/home/super/pico/pico-sdk/src/rp2_common/pico_float/float_aeabi.S.obj
 .ARM.attributes
                0x00000000000004d4       0x2c CMakeFiles/i2cTest.dir/home/super/pico/pico-sdk/src/rp2_common/pico_float/float_init_rom.c.obj
 .ARM.attributes
                0x0000000000000500       0x22 CMakeFiles/i2cTest.dir/home/super/pico/pico-sdk/src/rp2_common/pico_float/float_v1_rom_shim.S.obj
 .ARM.attributes
                0x0000000000000522       0x22 CMakeFiles/i2cTest.dir/home/super/pico/pico-sdk/src/rp2_common/pico_mem_ops/mem_ops_aeabi.S.obj
 .ARM.attributes
                0x0000000000000544       0x22 CMakeFiles/i2cTest.dir/home/super/pico/pico-sdk/src/rp2_common/pico_standard_link/crt0.S.obj
 .ARM.attributes
                0x0000000000000566       0x32 CMakeFiles/i2cTest.dir/home/super/pico/pico-sdk/src/rp2_common/pico_standard_link/binary_info.c.obj
 .ARM.attributes
                0x0000000000000598       0x2c CMakeFiles/i2cTest.dir/home/super/pico/pico-sdk/src/rp2_common/pico_stdio/stdio.c.obj
 .ARM.attributes
                0x00000000000005c4       0x2c CMakeFiles/i2cTest.dir/home/super/pico/pico-sdk/src/rp2_common/pico_stdio_uart/stdio_uart.c.obj
 .ARM.attributes
                0x00000000000005f0       0x2c CMakeFiles/i2cTest.dir/home/super/pico/pico-sdk/src/rp2_common/pico_stdio_usb/reset_interface.c.obj
 .ARM.attributes
                0x000000000000061c       0x2c CMakeFiles/i2cTest.dir/home/super/pico/pico-sdk/src/rp2_common/pico_stdio_usb/stdio_usb.c.obj
 .ARM.attributes
                0x0000000000000648       0x2c CMakeFiles/i2cTest.dir/home/super/pico/pico-sdk/src/rp2_common/pico_stdio_usb/stdio_usb_descriptors.c.obj
 .ARM.attributes
                0x0000000000000674       0x2c CMakeFiles/i2cTest.dir/home/super/pico/pico-sdk/lib/tinyusb/src/portable/raspberrypi/rp2040/dcd_rp2040.c.obj
 .ARM.attributes
                0x00000000000006a0       0x2c CMakeFiles/i2cTest.dir/home/super/pico/pico-sdk/lib/tinyusb/src/portable/raspberrypi/rp2040/rp2040_usb.c.obj
 .ARM.attributes
                0x00000000000006cc       0x2c CMakeFiles/i2cTest.dir/home/super/pico/pico-sdk/lib/tinyusb/src/device/usbd.c.obj
 .ARM.attributes
                0x00000000000006f8       0x2c CMakeFiles/i2cTest.dir/home/super/pico/pico-sdk/lib/tinyusb/src/device/usbd_control.c.obj
 .ARM.attributes
                0x0000000000000724       0x2c CMakeFiles/i2cTest.dir/home/super/pico/pico-sdk/lib/tinyusb/src/class/cdc/cdc_device.c.obj
 .ARM.attributes
                0x0000000000000750       0x2c CMakeFiles/i2cTest.dir/home/super/pico/pico-sdk/lib/tinyusb/src/tusb.c.obj
 .ARM.attributes
                0x000000000000077c       0x2c CMakeFiles/i2cTest.dir/home/super/pico/pico-sdk/lib/tinyusb/src/common/tusb_fifo.c.obj
 .ARM.attributes